ARM Linker, RVCT4.0 [Build 524] for uVision [Standard]

==============================================================================

Section Cross References

    main.o(.text) refers to stm32f10x_adc.o(.text) for ADC_Init
    main.o(.text) refers to stm32f10x_dma.o(.text) for DMA_DeInit
    main.o(.text) refers to stm32f10x_tim.o(.text) for TIM_TimeBaseInit
    main.o(.text) refers to stm32f10x_gpio.o(.text) for GPIO_Init
    main.o(.text) refers to misc.o(.text) for NVIC_SetVectorTable
    main.o(.text) refers to stm32f10x_rcc.o(.text) for RCC_DeInit
    main.o(.text) refers to stm32f10x_flash.o(.text) for FLASH_PrefetchBufferCmd
    main.o(.text) refers to delay.o(.text) for delay_init
    main.o(.text) refers to usart.o(.text) for uart_init
    main.o(.text) refers to led.o(.text) for LED_Init
    main.o(.text) refers to key.o(.text) for KEY_Init
    main.o(.text) refers to lcd.o(.text) for LCD_Init
    main.o(.text) refers to dac_trianglewave.o(.text) for Dac_TriangleWave
    main.o(.text) refers to dflt_clz.o(x$fpl$dfltu) for __aeabi_ui2d
    main.o(.text) refers to dmul.o(x$fpl$dmul) for __aeabi_dmul
    main.o(.text) refers to main.o(.bss) for DMA_InitStructure
    main.o(.text) refers to main.o(.data) for HSEStartUpStatus
    main.o(.text) refers to lcd.o(.data) for POINT_COLOR
    main.o(.text) refers to ddiv.o(x$fpl$ddiv) for __aeabi_ddiv
    main.o(.text) refers to dfixu.o(x$fpl$dfixu) for __aeabi_d2uiz
    main.o(.text) refers to daddsub_clz.o(x$fpl$drsb) for __aeabi_drsub
    system_stm32f10x.o(.text) refers to system_stm32f10x.o(.data) for SystemCoreClock
    key.o(.text) refers to stm32f10x_rcc.o(.text) for RCC_APB2PeriphClockCmd
    key.o(.text) refers to stm32f10x_gpio.o(.text) for GPIO_Init
    key.o(.text) refers to delay.o(.text) for delay_ms
    key.o(.text) refers to key.o(.data) for .data
    lcd.o(.text) refers to delay.o(.text) for delay_us
    lcd.o(.text) refers to lcd.o(.bss) for lcddev
    lcd.o(.text) refers to stm32f10x_rcc.o(.text) for RCC_AHBPeriphClockCmd
    lcd.o(.text) refers to stm32f10x_gpio.o(.text) for GPIO_Init
    lcd.o(.text) refers to stm32f10x_fsmc.o(.text) for FSMC_NORSRAMInit
    lcd.o(.text) refers to lcd.o(.data) for POINT_COLOR
    lcd.o(.text) refers to lcd.o(.constdata) for asc2_1206
    led.o(.text) refers to stm32f10x_rcc.o(.text) for RCC_APB2PeriphClockCmd
    led.o(.text) refers to stm32f10x_gpio.o(.text) for GPIO_Init
    dac_trianglewave.o(.text) refers to stm32f10x_rcc.o(.text) for RCC_APB2PeriphClockCmd
    dac_trianglewave.o(.text) refers to stm32f10x_gpio.o(.text) for GPIO_Init
    dac_trianglewave.o(.text) refers to stm32f10x_tim.o(.text) for TIM_TimeBaseInit
    dac_trianglewave.o(.text) refers to stm32f10x_dac.o(.text) for DAC_Init
    delay.o(.text) refers to misc.o(.text) for SysTick_CLKSourceConfig
    delay.o(.text) refers to system_stm32f10x.o(.data) for SystemCoreClock
    delay.o(.text) refers to delay.o(.data) for .data
    usart.o(.text) refers (Special) to use_no_semi_2.o(.text) for __use_no_semihosting
    usart.o(.text) refers to stm32f10x_usart.o(.text) for USART_SendData
    usart.o(.text) refers to stm32f10x_rcc.o(.text) for RCC_APB2PeriphClockCmd
    usart.o(.text) refers to stm32f10x_gpio.o(.text) for GPIO_Init
    usart.o(.text) refers to misc.o(.text) for NVIC_Init
    usart.o(.text) refers to usart.o(.data) for USART_RX_STA
    usart.o(.text) refers to usart.o(.bss) for USART_RX_BUF
    usart.o(.bss) refers (Special) to use_no_semi_2.o(.text) for __use_no_semihosting
    usart.o(.data) refers (Special) to use_no_semi_2.o(.text) for __use_no_semihosting
    startup_stm32f10x_hd.o(STACK) refers (Special) to heapauxi.o(.text) for __use_two_region_memory
    startup_stm32f10x_hd.o(HEAP) refers (Special) to heapauxi.o(.text) for __use_two_region_memory
    startup_stm32f10x_hd.o(RESET) refers (Special) to heapauxi.o(.text) for __use_two_region_memory
    startup_stm32f10x_hd.o(RESET) refers to startup_stm32f10x_hd.o(STACK) for __initial_sp
    startup_stm32f10x_hd.o(RESET) refers to startup_stm32f10x_hd.o(.text) for Reset_Handler
    startup_stm32f10x_hd.o(RESET) refers to stm32f10x_it.o(.text) for NMI_Handler
    startup_stm32f10x_hd.o(RESET) refers to main.o(.text) for DMA1_Channel1_IRQHandler
    startup_stm32f10x_hd.o(RESET) refers to usart.o(.text) for USART1_IRQHandler
    startup_stm32f10x_hd.o(.text) refers (Special) to heapauxi.o(.text) for __use_two_region_memory
    startup_stm32f10x_hd.o(.text) refers to system_stm32f10x.o(.text) for SystemInit
    startup_stm32f10x_hd.o(.text) refers to __main.o(!!!main) for __main
    startup_stm32f10x_hd.o(.text) refers to startup_stm32f10x_hd.o(HEAP) for Heap_Mem
    startup_stm32f10x_hd.o(.text) refers to startup_stm32f10x_hd.o(STACK) for Stack_Mem
    stm32f10x_adc.o(.text) refers to stm32f10x_rcc.o(.text) for RCC_APB2PeriphResetCmd
[...]
    libshutdown.o(.ARM.Collect$$libshutdown$$00000000) refers (Special) to libshutdown2.o(.ARM.Collect$$libshutdown$$00000009) for __rt_lib_shutdown_signal_1
    libshutdown.o(.ARM.Collect$$libshutdown$$00000000) refers (Special) to libshutdown2.o(.ARM.Collect$$libshutdown$$00000003) for __rt_lib_shutdown_stdio_1
    libshutdown.o(.ARM.Collect$$libshutdown$$00000000) refers (Special) to libshutdown2.o(.ARM.Collect$$libshutdown$$0000000B) for __rt_lib_shutdown_user_alloc_1
    sys_command.o(.text) refers (Special) to use_no_semi.o(.text) for __I$use$semihosting
    defsig_rtmem_outer.o(.text) refers to defsig_rtmem_inner.o(.text) for __rt_SIGRTMEM_inner
    defsig_rtmem_outer.o(.text) refers to defsig_exit.o(.text) for __sig_exit
    defsig_rtmem_formal.o(.text) refers to rt_raise.o(.text) for __rt_raise
    rt_raise.o(.text) refers to __raise.o(.text) for __raise
    rt_raise.o(.text) refers to usart.o(.text) for _sys_exit
    defsig_exit.o(.text) refers to usart.o(.text) for _sys_exit
    defsig_rtmem_inner.o(.text) refers to defsig_general.o(.text) for __default_signal_display
    __raise.o(.text) refers to defsig.o(CL$$defsig) for __default_signal_handler
    defsig_general.o(.text) refers to sys_wrch.o(.text) for _ttywrch
    sys_wrch.o(.text) refers (Special) to use_no_semi.o(.text) for __I$use$semihosting
    defsig.o(CL$$defsig) refers to defsig_rtmem_inner.o(.text) for __rt_SIGRTMEM_inner
    defsig_abrt_inner.o(.text) refers to defsig_general.o(.text) for __default_signal_display
    defsig_fpe_inner.o(.text) refers to defsig_general.o(.text) for __default_signal_display
    defsig_rtred_inner.o(.text) refers to defsig_general.o(.text) for __default_signal_display
    defsig_stak_inner.o(.text) refers to defsig_general.o(.text) for __default_signal_display
    defsig_pvfn_inner.o(.text) refers to defsig_general.o(.text) for __default_signal_display
    defsig_cppl_inner.o(.text) refers to defsig_general.o(.text) for __default_signal_display
    defsig_segv_inner.o(.text) refers to defsig_general.o(.text) for __default_signal_display
    defsig_other.o(.text) refers to defsig_general.o(.text) for __default_signal_display


==============================================================================

Removing Unused input sections from the image.

    Removing core_cm3.o(.emb_text), (32 bytes).
    Removing stm32f10x_exti.o(.text), (304 bytes).

2 unused section(s) (total 336 bytes) removed from the image.

==============================================================================

Image Symbol Table

    Local Symbols

    Symbol Name                              Value     Ov Type        Size  Object(Section)

    ../../angel/boardlib.s                   0x00000000   Number         0  boardinit3.o ABSOLUTE
    ../../angel/boardlib.s                   0x00000000   Number         0  boardshut.o ABSOLUTE
    ../../angel/boardlib.s                   0x00000000   Number         0  boardinit1.o ABSOLUTE
    ../../angel/boardlib.s                   0x00000000   Number         0  boardinit2.o ABSOLUTE
    ../../angel/handlers.s                   0x00000000   Number         0  __scatter_copy.o ABSOLUTE
    ../../angel/handlers.s                   0x00000000   Number         0  __scatter_zi.o ABSOLUTE
    ../../angel/kernel.s                     0x00000000   Number         0  rtentry.o ABSOLUTE
    ../../angel/kernel.s                     0x00000000   Number         0  rtentry2.o ABSOLUTE
    ../../angel/kernel.s                     0x00000000   Number         0  rtentry4.o ABSOLUTE
    ../../angel/kernel.s                     0x00000000   Number         0  rtexit.o ABSOLUTE
    ../../angel/kernel.s                     0x00000000   Number         0  rtexit2.o ABSOLUTE
    ../../angel/rt.s                         0x00000000   Number         0  rt_raise.o ABSOLUTE
    ../../angel/scatter.s                    0x00000000   Number         0  __scatter.o ABSOLUTE
    ../../angel/startup.s                    0x00000000   Number         0  __main.o ABSOLUTE
    ../../angel/sys.s                        0x00000000   Number         0  use_no_semi_2.o ABSOLUTE
    ../../angel/sys.s                        0x00000000   Number         0  sys_stackheap_outer.o ABSOLUTE
    ../../angel/sys.s                        0x00000000   Number         0  libspace.o ABSOLUTE
    ../../angel/sys.s                        0x00000000   Number         0  use_no_semi.o ABSOLUTE
    ../../angel/sysapp.c                     0x00000000   Number         0  sys_wrch.o ABSOLUTE
    ../../angel/sysapp.c                     0x00000000   Number         0  sys_command.o ABSOLUTE
    ../../armsys.c                           0x00000000   Number         0  no_argv.o ABSOLUTE
    ../../armsys.c                           0x00000000   Number         0  _get_argv_nomalloc.o ABSOLUTE
    ../../armsys.c                           0x00000000   Number         0  argv_veneer.o ABSOLUTE
    ../../armsys.c                           0x00000000   Number         0  argv_veneer.o ABSOLUTE
    ../../daddsub.s                          0x00000000   Number         0  daddsub_clz.o ABSOLUTE
    ../../dcheck.s                           0x00000000   Number         0  dcheck.o ABSOLUTE
    ../../dcheck1.s                          0x00000000   Number         0  dcheck1.o ABSOLUTE
    ../../ddiv.s                             0x00000000   Number         0  ddiv.o ABSOLUTE
    ../../dfixu.s                            0x00000000   Number         0  dfixu.o ABSOLUTE
    ../../dflt.s                             0x00000000   Number         0  dflt_clz.o ABSOLUTE
    ../../dmul.s                             0x00000000   Number         0  dmul.o ABSOLUTE
    ../../dunder.s                           0x00000000   Number         0  dunder.o ABSOLUTE
    ../../fpinit.s                           0x00000000   Number         0  fpinit.o ABSOLUTE
    ../../heapalloc.c                        0x00000000   Number         0  hrguard.o ABSOLUTE
    ../../heapaux.c                          0x00000000   Number         0  heapauxi.o ABSOLUTE
    ../../libinit.s                          0x00000000   Number         0  libshutdown2.o ABSOLUTE
    ../../libinit.s                          0x00000000   Number         0  libinit2.o ABSOLUTE
    ../../libinit.s                          0x00000000   Number         0  libinit.o ABSOLUTE
    ../../libinit.s                          0x00000000   Number         0  libshutdown.o ABSOLUTE
    ../../retnan.s                           0x00000000   Number         0  retnan.o ABSOLUTE
    ../../signal.c                           0x00000000   Number         0  defsig_stak_inner.o ABSOLUTE
    ../../signal.c                           0x00000000   Number         0  defsig_rtmem_outer.o ABSOLUTE
    ../../signal.c                           0x00000000   Number         0  defsig_rtred_inner.o ABSOLUTE
    ../../signal.c                           0x00000000   Number         0  defsig_other.o ABSOLUTE
    ../../signal.c                           0x00000000   Number         0  defsig_segv_inner.o ABSOLUTE
    ../../signal.c                           0x00000000   Number         0  defsig_cppl_inner.o ABSOLUTE
    ../../signal.c                           0x00000000   Number         0  defsig_pvfn_inner.o ABSOLUTE
    ../../signal.c                           0x00000000   Number         0  __raise.o ABSOLUTE
    ../../signal.c                           0x00000000   Number         0  defsig_fpe_inner.o ABSOLUTE
    ../../signal.c                           0x00000000   Number         0  defsig_abrt_inner.o ABSOLUTE
    ../../signal.c                           0x00000000   Number         0  defsig_general.o ABSOLUTE
    ../../signal.c                           0x00000000   Number         0  defsig_rtmem_inner.o ABSOLUTE
    ../../signal.c                           0x00000000   Number         0  defsig_exit.o ABSOLUTE
    ../../signal.c                           0x00000000   Number         0  defsig_rtmem_formal.o ABSOLUTE
    ../../signal.s                           0x00000000   Number         0  defsig.o ABSOLUTE
    ../../stdlib.c                           0x00000000   Number         0  exit.o ABSOLUTE
    ../../trapv.s                            0x00000000   Number         0  trapv.o ABSOLUTE
    ../../usenofp.s                          0x00000000   Number         0  usenofp.o ABSOLUTE
    ..\CORE\core_cm3.c                       0x00000000   Number         0  core_cm3.o ABSOLUTE
    ..\CORE\startup_stm32f10x_hd.s           0x00000000   Number         0  startup_stm32f10x_hd.o ABSOLUTE
    ..\HARDWARE\DAC\dac_TriangleWave.c       0x00000000   Number         0  dac_trianglewave.o ABSOLUTE
    ..\HARDWARE\KEY\key.c                    0x00000000   Number         0  key.o ABSOLUTE
    ..\HARDWARE\LCD\lcd.c                    0x00000000   Number         0  lcd.o ABSOLUTE
    ..\HARDWARE\LED\led.c                    0x00000000   Number         0  led.o ABSOLUTE
    ..\STM32F10x_FWLib\src\misc.c            0x00000000   Number         0  misc.o ABSOLUTE
    ..\STM32F10x_FWLib\src\stm32f10x_adc.c   0x00000000   Number         0  stm32f10x_adc.o ABSOLUTE
    ..\STM32F10x_FWLib\src\stm32f10x_dac.c   0x00000000   Number         0  stm32f10x_dac.o ABSOLUTE
    ..\STM32F10x_FWLib\src\stm32f10x_dma.c   0x00000000   Number         0  stm32f10x_dma.o ABSOLUTE
    ..\STM32F10x_FWLib\src\stm32f10x_exti.c  0x00000000   Number         0  stm32f10x_exti.o ABSOLUTE
    ..\STM32F10x_FWLib\src\stm32f10x_flash.c 0x00000000   Number         0  stm32f10x_flash.o ABSOLUTE
    ..\STM32F10x_FWLib\src\stm32f10x_fsmc.c  0x00000000   Number         0  stm32f10x_fsmc.o ABSOLUTE
    ..\STM32F10x_FWLib\src\stm32f10x_gpio.c  0x00000000   Number         0  stm32f10x_gpio.o ABSOLUTE
    ..\STM32F10x_FWLib\src\stm32f10x_rcc.c   0x00000000   Number         0  stm32f10x_rcc.o ABSOLUTE
    ..\STM32F10x_FWLib\src\stm32f10x_tim.c   0x00000000   Number         0  stm32f10x_tim.o ABSOLUTE
    ..\STM32F10x_FWLib\src\stm32f10x_usart.c 0x00000000   Number         0  stm32f10x_usart.o ABSOLUTE
    ..\SYSTEM\delay\delay.c                  0x00000000   Number         0  delay.o ABSOLUTE
    ..\SYSTEM\sys\sys.c                      0x00000000   Number         0  sys.o ABSOLUTE
    ..\SYSTEM\usart\usart.c                  0x00000000   Number         0  usart.o ABSOLUTE
    ..\USER\main.c                           0x00000000   Number         0  main.o ABSOLUTE
    ..\USER\stm32f10x_it.c                   0x00000000   Number         0  stm32f10x_it.o ABSOLUTE
    ..\USER\system_stm32f10x.c               0x00000000   Number         0  system_stm32f10x.o ABSOLUTE
    ..\\CORE\\core_cm3.c                     0x00000000   Number         0  core_cm3.o ABSOLUTE
    dc.s                                     0x00000000   Number         0  dc.o ABSOLUTE
    RESET                                    0x08000000   Section      304  startup_stm32f10x_hd.o(RESET)
    !!!main                                  0x08000130   Section        8  __main.o(!!!main)
    !!!scatter                               0x08000138   Section       52  __scatter.o(!!!scatter)
    !!handler_copy                           0x0800016c   Section       26  __scatter_copy.o(!!handler_copy)
    !!handler_zi                             0x08000188   Section       28  __scatter_zi.o(!!handler_zi)
    .ARM.Collect$$libinit$$00000000          0x080001a4   Section        6  libinit.o(.ARM.Collect$$libinit$$00000000)
    .ARM.Collect$$libinit$$00000006          0x080001aa   Section        0  libinit2.o(.ARM.Collect$$libinit$$00000006)
    .ARM.Collect$$libinit$$00000008          0x080001aa   Section        0  libinit2.o(.ARM.Collect$$libinit$$00000008)
    .ARM.Collect$$libinit$$0000000A          0x080001aa   Section        0  libinit2.o(.ARM.Collect$$libinit$$0000000A)
    .ARM.Collect$$libinit$$0000000D          0x080001aa   Section        0  libinit2.o(.ARM.Collect$$libinit$$0000000D)
    .ARM.Collect$$libinit$$0000000F          0x080001aa   Section        0  libinit2.o(.ARM.Collect$$libinit$$0000000F)
    .ARM.Collect$$libinit$$00000011          0x080001aa   Section        0  libinit2.o(.ARM.Collect$$libinit$$00000011)
    .ARM.Collect$$libinit$$00000013          0x080001aa   Section        0  libinit2.o(.ARM.Collect$$libinit$$00000013)
    .ARM.Collect$$libinit$$00000015          0x080001aa   Section        0  libinit2.o(.ARM.Collect$$libinit$$00000015)
    .ARM.Collect$$libinit$$00000017          0x080001aa   Section        0  libinit2.o(.ARM.Collect$$libinit$$00000017)
    .ARM.Collect$$libinit$$00000019          0x080001aa   Section        0  libinit2.o(.ARM.Collect$$libinit$$00000019)
    .ARM.Collect$$libinit$$0000001B          0x080001aa   Section        0  libinit2.o(.ARM.Collect$$libinit$$0000001B)
    .ARM.Collect$$libinit$$0000001D          0x080001aa   Section        0  libinit2.o(.ARM.Collect$$libinit$$0000001D)
    .ARM.Collect$$libinit$$0000001F          0x080001aa   Section        0  libinit2.o(.ARM.Collect$$libinit$$0000001F)
    .ARM.Collect$$libinit$$00000021          0x080001aa   Section        0  libinit2.o(.ARM.Collect$$libinit$$00000021)
    .ARM.Collect$$libinit$$00000028          0x080001aa   Section        0  libinit2.o(.ARM.Collect$$libinit$$00000028)
    .ARM.Collect$$libinit$$0000002A          0x080001aa   Section        0  libinit2.o(.ARM.Collect$$libinit$$0000002A)
    .ARM.Collect$$libinit$$0000002C          0x080001aa   Section        0  libinit2.o(.ARM.Collect$$libinit$$0000002C)
    .ARM.Collect$$libinit$$0000002E          0x080001aa   Section        0  libinit2.o(.ARM.Collect$$libinit$$0000002E)
    .ARM.Collect$$libinit$$0000002F          0x080001aa   Section        2  libinit2.o(.ARM.Collect$$libinit$$0000002F)
    .ARM.Collect$$libshutdown$$00000000      0x080001ac   Section        2  libshutdown.o(.ARM.Collect$$libshutdown$$00000000)
    .ARM.Collect$$libshutdown$$00000003      0x080001ae   Section        0  libshutdown2.o(.ARM.Collect$$libshutdown$$00000003)
    .ARM.Collect$$libshutdown$$00000006      0x080001ae   Section        0  libshutdown2.o(.ARM.Collect$$libshutdown$$00000006)
    .ARM.Collect$$libshutdown$$00000009      0x080001ae   Section        0  libshutdown2.o(.ARM.Collect$$libshutdown$$00000009)
    .ARM.Collect$$libshutdown$$0000000B      0x080001ae   Section        0  libshutdown2.o(.ARM.Collect$$libshutdown$$0000000B)
    .ARM.Collect$$libshutdown$$0000000E      0x080001ae   Section        0  libshutdown2.o(.ARM.Collect$$libshutdown$$0000000E)
    .ARM.Collect$$libshutdown$$0000000F      0x080001ae   Section        2  libshutdown2.o(.ARM.Collect$$libshutdown$$0000000F)
    .ARM.Collect$$rtentry$$00000000          0x080001b0   Section        0  rtentry.o(.ARM.Collect$$rtentry$$00000000)
    .ARM.Collect$$rtentry$$00000002          0x080001b0   Section        0  rtentry2.o(.ARM.Collect$$rtentry$$00000002)
    .ARM.Collect$$rtentry$$00000004          0x080001b0   Section        6  rtentry4.o(.ARM.Collect$$rtentry$$00000004)
    .ARM.Collect$$rtentry$$00000009          0x080001b6   Section        0  rtentry2.o(.ARM.Collect$$rtentry$$00000009)
    .ARM.Collect$$rtentry$$0000000A          0x080001b6   Section        4  rtentry2.o(.ARM.Collect$$rtentry$$0000000A)
    .ARM.Collect$$rtentry$$0000000C          0x080001ba   Section        0  rtentry2.o(.ARM.Collect$$rtentry$$0000000C)
    .ARM.Collect$$rtentry$$0000000D          0x080001ba   Section        8  rtentry2.o(.ARM.Collect$$rtentry$$0000000D)
    .ARM.Collect$$rtexit$$00000000           0x080001c2   Section        0  rtexit.o(.ARM.Collect$$rtexit$$00000000)
    .ARM.Collect$$rtexit$$00000002           0x080001c2   Section        0  rtexit2.o(.ARM.Collect$$rtexit$$00000002)
    .ARM.Collect$$rtexit$$00000003           0x080001c2   Section        4  rtexit2.o(.ARM.Collect$$rtexit$$00000003)
    .ARM.Collect$$rtexit$$00000004           0x080001c6   Section        4  rtexit2.o(.ARM.Collect$$rtexit$$00000004)
    .text                                    0x080001cc   Section     3384  main.o(.text)
    .text                                    0x08000f04   Section       26  stm32f10x_it.o(.text)
    .text                                    0x08000f20   Section      456  system_stm32f10x.o(.text)
    SetSysClockTo72                          0x08000f21   Thumb Code   192  system_stm32f10x.o(.text)
    SetSysClock                              0x08000fe1   Thumb Code     8  system_stm32f10x.o(.text)
    .text                                    0x080010e8   Section      268  key.o(.text)
    .text                                    0x080011f4   Section     9192  lcd.o(.text)
    .text                                    0x080035dc   Section      120  led.o(.text)
    .text                                    0x08003654   Section      180  dac_trianglewave.o(.text)
    .text                                    0x08003708   Section      192  delay.o(.text)
    .text                                    0x080037c8   Section      336  usart.o(.text)
    .text                                    0x08003918   Section       64  startup_stm32f10x_hd.o(.text)
    .text                                    0x08003958   Section      224  misc.o(.text)
    .text                                    0x08003a38   Section     1070  stm32f10x_adc.o(.text)
    .text                                    0x08003e68   Section      372  stm32f10x_dac.o(.text)
    .text                                    0x08003fdc   Section      604  stm32f10x_dma.o(.text)
    .text                                    0x08004238   Section     1484  stm32f10x_flash.o(.text)
    .text                                    0x08004804   Section     1544  stm32f10x_fsmc.o(.text)
    .text                                    0x08004e0c   Section      840  stm32f10x_gpio.o(.text)
    .text                                    0x08005154   Section      912  stm32f10x_rcc.o(.text)
    .text                                    0x080054e4   Section     3426  stm32f10x_tim.o(.text)
    TI4_Config                               0x0800596d   Thumb Code   114  stm32f10x_tim.o(.text)
    TI3_Config                               0x080059f1   Thumb Code   110  stm32f10x_tim.o(.text)
    TI2_Config                               0x08005a75   Thumb Code   114  stm32f10x_tim.o(.text)
    TI1_Config                               0x08005af9   Thumb Code   102  stm32f10x_tim.o(.text)
    .text                                    0x08006248   Section     1032  stm32f10x_usart.o(.text)
    .text                                    0x08006650   Section        2  use_no_semi_2.o(.text)
    .text                                    0x08006652   Section        6  heapauxi.o(.text)
    .text                                    0x08006658   Section        2  use_no_semi.o(.text)
    .text                                    0x0800665a   Section       74  sys_stackheap_outer.o(.text)
    .text                                    0x080066a4   Section       12  exit.o(.text)
    .text                                    0x080066b0   Section        8  libspace.o(.text)
    x$fpl$dadd                               0x080066b8   Section      440  daddsub_clz.o(x$fpl$dadd)
    _dadd1                                   0x080066c9   Thumb Code     0  daddsub_clz.o(x$fpl$dadd)
    x$fpl$dcheck                             0x08006870   Section       16  dcheck.o(x$fpl$dcheck)
    x$fpl$dcheck1                            0x08006880   Section       16  dcheck1.o(x$fpl$dcheck1)
    x$fpl$ddiv                               0x08006890   Section     1024  ddiv.o(x$fpl$ddiv)
    ddiv_entry                               0x08006893   Thumb Code     0  ddiv.o(x$fpl$ddiv)
    x$fpl$dfixu                              0x08006c90   Section      116  dfixu.o(x$fpl$dfixu)
    x$fpl$dflt                               0x08006d04   Section       44  dflt_clz.o(x$fpl$dflt)
    x$fpl$dfltu                              0x08006d30   Section       10  dflt_clz.o(x$fpl$dfltu)
    x$fpl$dmul                               0x08006d3c   Section      456  dmul.o(x$fpl$dmul)
    x$fpl$drsb                               0x08006f04   Section       22  daddsub_clz.o(x$fpl$drsb)
    x$fpl$dsub                               0x08006f1c   Section      584  daddsub_clz.o(x$fpl$dsub)
    _dsub1                                   0x08006f2d   Thumb Code     0  daddsub_clz.o(x$fpl$dsub)
    x$fpl$dunder                             0x08007164   Section      236  dunder.o(x$fpl$dunder)
    x$fpl$retnan                             0x08007250   Section      100  retnan.o(x$fpl$retnan)
    x$fpl$trapveneer                         0x080072b4   Section       48  trapv.o(x$fpl$trapveneer)
    .constdata                               0x080072e4   Section     2660  lcd.o(.constdata)
    x$fpl$usenofp                            0x080072e4   Section        0  usenofp.o(x$fpl$usenofp)
    .data                                    0x20000000   Section       22  main.o(.data)
    .data                                    0x20000018   Section       20  system_stm32f10x.o(.data)
    .data                                    0x2000002c   Section        1  key.o(.data)
    key_up                                   0x2000002c   Data           1  key.o(.data)
    .data                                    0x2000002e   Section        4  lcd.o(.data)
    .data                                    0x20000032   Section        4  delay.o(.data)
    fac_us                                   0x20000032   Data           1  delay.o(.data)
    fac_ms                                   0x20000034   Data           2  delay.o(.data)
    .data                                    0x20000038   Section        8  usart.o(.data)
    .data                                    0x20000040   Section       20  stm32f10x_rcc.o(.data)
    APBAHBPrescTable                         0x20000040   Data          16  stm32f10x_rcc.o(.data)
    ADCPrescTable                            0x20000050   Data           4  stm32f10x_rcc.o(.data)
    .bss                                     0x20000054   Section    35372  main.o(.bss)
    .bss                                     0x20008a80   Section       10  lcd.o(.bss)
    .bss                                     0x20008a8a   Section      200  usart.o(.bss)
    .bss                                     0x20008b54   Section       96  libspace.o(.bss)
    HEAP                                     0x20008bb8   Section      512  startup_stm32f10x_hd.o(HEAP)
    Heap_Mem                                 0x20008bb8   Data         512  startup_stm32f10x_hd.o(HEAP)
    STACK                                    0x20008db8   Section     1024  startup_stm32f10x_hd.o(STACK)
    Stack_Mem                                0x20008db8   Data        1024  startup_stm32f10x_hd.o(STACK)
    __initial_sp                             0x200091b8   Data           0  startup_stm32f10x_hd.o(STACK)

    Global Symbols

    Symbol Name                              Value     Ov Type        Size  Object(Section)

    BuildAttributes$$THM_ISAv4$P$D$K$B$S$PE$A:L22UL41UL21$X:L11$S22US41US21$IEEE1$IW$USESV6$~STKCKD$USESV7$~SHL$OSPACE$ROPI$EBA8$UX$STANDARDLIB$REQ8$PRES8$EABIv2 0x00000000   Number         0  anon$$obj.o ABSOLUTE
    __ARM_use_no_argv                        0x00000000   Number         0  main.o ABSOLUTE
    __ARM_exceptions_init                     - Undefined Weak Reference
    __alloca_initialize                       - Undefined Weak Reference
    __cpp_initialize__aeabi_                  - Undefined Weak Reference
    __cxa_finalize                            - Undefined Weak Reference
    __fpl_infinity                            - Undefined Weak Reference
    __rt_locale                               - Undefined Weak Reference
    __sigvec_lookup                           - Undefined Weak Reference
    _atexit_init                              - Undefined Weak Reference
    _call_atexit_fns                          - Undefined Weak Reference
    _clock_init                               - Undefined Weak Reference
    _fp_trap_init                             - Undefined Weak Reference
    _fp_trap_shutdown                         - Undefined Weak Reference
    _get_lc_collate                           - Undefined Weak Reference
    _get_lc_ctype                             - Undefined Weak Reference
    _get_lc_monetary                          - Undefined Weak Reference
    _get_lc_numeric                           - Undefined Weak Reference
    _get_lc_time                              - Undefined Weak Reference
    _getenv_init                              - Undefined Weak Reference
    _handle_redirection                       - Undefined Weak Reference
    _init_alloc                               - Undefined Weak Reference
    _init_user_alloc                          - Undefined Weak Reference
    _initio                                   - Undefined Weak Reference
    _rand_init                                - Undefined Weak Reference
    _signal_finish                            - Undefined Weak Reference
    _signal_init                              - Undefined Weak Reference
    _terminate_alloc                          - Undefined Weak Reference
    _terminate_user_alloc                     - Undefined Weak Reference
    _terminateio                              - Undefined Weak Reference
    __Vectors_Size                           0x00000130   Number         0  startup_stm32f10x_hd.o ABSOLUTE
    __Vectors                                0x08000000   Data           4  startup_stm32f10x_hd.o(RESET)
    __Vectors_End                            0x08000130   Data           0  startup_stm32f10x_hd.o(RESET)
    __main                                   0x08000131   Thumb Code     8  __main.o(!!!main)
    __scatterload                            0x08000139   Thumb Code     0  __scatter.o(!!!scatter)
    __scatterload_rt2                        0x08000139   Thumb Code    44  __scatter.o(!!!scatter)
    __scatterload_rt2_thumb_only             0x08000139   Thumb Code     0  __scatter.o(!!!scatter)
    __scatterload_null                       0x08000147   Thumb Code     0  __scatter.o(!!!scatter)
    __scatterload_copy                       0x0800016d   Thumb Code    26  __scatter_copy.o(!!handler_copy)
    __scatterload_zeroinit                   0x08000189   Thumb Code    28  __scatter_zi.o(!!handler_zi)
    __rt_lib_init                            0x080001a5   Thumb Code     0  libinit.o(.ARM.Collect$$libinit$$00000000)
    __rt_lib_init_alloca_1                   0x080001ab   Thumb Code     0  libinit2.o(.ARM.Collect$$libinit$$0000002A)
    __rt_lib_init_argv_1                     0x080001ab   Thumb Code     0  libinit2.o(.ARM.Collect$$libinit$$00000028)
    __rt_lib_init_atexit_1                   0x080001ab   Thumb Code     0  libinit2.o(.ARM.Collect$$libinit$$00000017)
    __rt_lib_init_clock_1                    0x080001ab   Thumb Code     0  libinit2.o(.ARM.Collect$$libinit$$0000001D)
    __rt_lib_init_cpp_1                      0x080001ab   Thumb Code     0  libinit2.o(.ARM.Collect$$libinit$$0000002E)
    __rt_lib_init_exceptions_1               0x080001ab   Thumb Code     0  libinit2.o(.ARM.Collect$$libinit$$0000002C)
    __rt_lib_init_fp_trap_1                  0x080001ab   Thumb Code     0  libinit2.o(.ARM.Collect$$libinit$$0000001B)
    __rt_lib_init_getenv_1                   0x080001ab   Thumb Code     0  libinit2.o(.ARM.Collect$$libinit$$0000001F)
    __rt_lib_init_heap_1                     0x080001ab   Thumb Code     0  libinit2.o(.ARM.Collect$$libinit$$00000006)
    __rt_lib_init_lc_collate_1               0x080001ab   Thumb Code     0  libinit2.o(.ARM.Collect$$libinit$$0000000D)
    __rt_lib_init_lc_ctype_1                 0x080001ab   Thumb Code     0  libinit2.o(.ARM.Collect$$libinit$$0000000F)
    __rt_lib_init_lc_monetary_1              0x080001ab   Thumb Code     0  libinit2.o(.ARM.Collect$$libinit$$00000011)
    __rt_lib_init_lc_numeric_1               0x080001ab   Thumb Code     0  libinit2.o(.ARM.Collect$$libinit$$00000013)
    __rt_lib_init_lc_time_1                  0x080001ab   Thumb Code     0  libinit2.o(.ARM.Collect$$libinit$$00000015)
    __rt_lib_init_rand_1                     0x080001ab   Thumb Code     0  libinit2.o(.ARM.Collect$$libinit$$0000000A)
    __rt_lib_init_return                     0x080001ab   Thumb Code     0  libinit2.o(.ARM.Collect$$libinit$$0000002F)
    __rt_lib_init_signal_1                   0x080001ab   Thumb Code     0  libinit2.o(.ARM.Collect$$libinit$$00000019)
    __rt_lib_init_stdio_1                    0x080001ab   Thumb Code     0  libinit2.o(.ARM.Collect$$libinit$$00000021)
    __rt_lib_init_user_alloc_1               0x080001ab   Thumb Code     0  libinit2.o(.ARM.Collect$$libinit$$00000008)
    __rt_lib_shutdown                        0x080001ad   Thumb Code     0  libshutdown.o(.ARM.Collect$$libshutdown$$00000000)
    __rt_lib_shutdown_fp_trap_1              0x080001af   Thumb Code     0  libshutdown2.o(.ARM.Collect$$libshutdown$$00000006)
    __rt_lib_shutdown_heap_1                 0x080001af   Thumb Code     0  libshutdown2.o(.ARM.Collect$$libshutdown$$0000000E)
    __rt_lib_shutdown_return                 0x080001af   Thumb Code     0  libshutdown2.o(.ARM.Collect$$libshutdown$$0000000F)
    __rt_lib_shutdown_signal_1               0x080001af   Thumb Code     0  libshutdown2.o(.ARM.Collect$$libshutdown$$00000009)
    __rt_lib_shutdown_stdio_1                0x080001af   Thumb Code     0  libshutdown2.o(.ARM.Collect$$libshutdown$$00000003)
    __rt_lib_shutdown_user_alloc_1           0x080001af   Thumb Code     0  libshutdown2.o(.ARM.Collect$$libshutdown$$0000000B)
    __rt_entry                               0x080001b1   Thumb Code     0  rtentry.o(.ARM.Collect$$rtentry$$00000000)
    __rt_entry_presh_1                       0x080001b1   Thumb Code     0  rtentry2.o(.ARM.Collect$$rtentry$$00000002)
    __rt_entry_sh                            0x080001b1   Thumb Code     0  rtentry4.o(.ARM.Collect$$rtentry$$00000004)
    __rt_entry_li                            0x080001b7   Thumb Code     0  rtentry2.o(.ARM.Collect$$rtentry$$0000000A)
    __rt_entry_postsh_1                      0x080001b7   Thumb Code     0  rtentry2.o(.ARM.Collect$$rtentry$$00000009)
    __rt_entry_main                          0x080001bb   Thumb Code     0  rtentry2.o(.ARM.Collect$$rtentry$$0000000D)
    __rt_entry_postli_1                      0x080001bb   Thumb Code     0  rtentry2.o(.ARM.Collect$$rtentry$$0000000C)
    __rt_exit                                0x080001c3   Thumb Code     0  rtexit.o(.ARM.Collect$$rtexit$$00000000)
    __rt_exit_ls                             0x080001c3   Thumb Code     0  rtexit2.o(.ARM.Collect$$rtexit$$00000003)
    __rt_exit_prels_1                        0x080001c3   Thumb Code     0  rtexit2.o(.ARM.Collect$$rtexit$$00000002)
    __rt_exit_exit                           0x080001c7   Thumb Code     0  rtexit2.o(.ARM.Collect$$rtexit$$00000004)
    ADC_Configuration                        0x080001cd   Thumb Code   120  main.o(.text)
    DMA_Configuration                        0x08000245   Thumb Code    86  main.o(.text)
    Time_Configuration                       0x0800029b   Thumb Code    64  main.o(.text)
    GPIO_Configuration                       0x080002db   Thumb Code    24  main.o(.text)
    NVIC_Configuration                       0x080002f3   Thumb Code   108  main.o(.text)
    RCC_Configuration                        0x0800035f   Thumb Code   144  main.o(.text)
    main                                     0x080003ef   Thumb Code   170  main.o(.text)
    ADC_Restart                              0x08000499   Thumb Code    78  main.o(.text)
    DMA1_Channel1_IRQHandler                 0x080004e7   Thumb Code    58  main.o(.text)
    TIM3_IRQHandler                          0x08000521   Thumb Code  2454  main.o(.text)
    NMI_Handler                              0x08000f05   Thumb Code     2  stm32f10x_it.o(.text)
    HardFault_Handler                        0x08000f07   Thumb Code     4  stm32f10x_it.o(.text)
    MemManage_Handler                        0x08000f0b   Thumb Code     4  stm32f10x_it.o(.text)
    BusFault_Handler                         0x08000f0f   Thumb Code     4  stm32f10x_it.o(.text)
    UsageFault_Handler                       0x08000f13   Thumb Code     4  stm32f10x_it.o(.text)
    SVC_Handler                              0x08000f17   Thumb Code     2  stm32f10x_it.o(.text)
    DebugMon_Handler                         0x08000f19   Thumb Code     2  stm32f10x_it.o(.text)
    PendSV_Handler                           0x08000f1b   Thumb Code     2  stm32f10x_it.o(.text)
    SysTick_Handler                          0x08000f1d   Thumb Code     2  stm32f10x_it.o(.text)
    SystemInit                               0x08000fe9   Thumb Code    78  system_stm32f10x.o(.text)
    SystemCoreClockUpdate                    0x08001037   Thumb Code   142  system_stm32f10x.o(.text)
    KEY_Init                                 0x080010e9   Thumb Code    76  key.o(.text)
    KEY_Scan                                 0x08001135   Thumb Code   184  key.o(.text)
    LCD_WR_REG                               0x080011f5   Thumb Code     6  lcd.o(.text)
    LCD_WR_DATA                              0x080011fb   Thumb Code     8  lcd.o(.text)
    LCD_RD_DATA                              0x08001203   Thumb Code     8  lcd.o(.text)
    LCD_WriteReg                             0x0800120b   Thumb Code    14  lcd.o(.text)
    LCD_ReadReg                              0x08001219   Thumb Code    22  lcd.o(.text)
    LCD_WriteRAM_Prepare                     0x0800122f   Thumb Code    10  lcd.o(.text)
    LCD_WriteRAM                             0x08001239   Thumb Code     8  lcd.o(.text)
    LCD_BGR2RGB                              0x08001241   Thumb Code    26  lcd.o(.text)
    opt_delay                                0x0800125b   Thumb Code    14  lcd.o(.text)
    LCD_SetCursor                            0x08001269   Thumb Code   112  lcd.o(.text)
    LCD_ReadPoint                            0x080012d9   Thumb Code   272  lcd.o(.text)
    LCD_DisplayOn                            0x080013e9   Thumb Code    46  lcd.o(.text)
    LCD_DisplayOff                           0x08001417   Thumb Code    44  lcd.o(.text)
    LCD_Scan_Dir                             0x08001443   Thumb Code   464  lcd.o(.text)
    LCD_DrawPoint                            0x08001613   Thumb Code    28  lcd.o(.text)
    LCD_Fast_DrawPoint                       0x0800162f   Thumb Code   132  lcd.o(.text)
    LCD_Display_Dir                          0x080016b3   Thumb Code   238  lcd.o(.text)
    LCD_Clear                                0x080017a1   Thumb Code    42  lcd.o(.text)
    LCD_Init                                 0x080017cb   Thumb Code  6216  lcd.o(.text)
    LCD_Fill                                 0x08003013   Thumb Code    84  lcd.o(.text)
    LCD_Color_Fill                           0x08003067   Thumb Code   102  lcd.o(.text)
    LCD_DrawLine                             0x080030cd   Thumb Code   200  lcd.o(.text)
    LCD_DrawRectangle                        0x08003195   Thumb Code    60  lcd.o(.text)
    Draw_Circle                              0x080031d1   Thumb Code   184  lcd.o(.text)
    LCD_ShowChar                             0x08003289   Thumb Code   346  lcd.o(.text)
    LCD_Pow                                  0x080033e3   Thumb Code    22  lcd.o(.text)
    LCD_ShowNum                              0x080033f9   Thumb Code   158  lcd.o(.text)
    LCD_ShowxNum                             0x08003497   Thumb Code   200  lcd.o(.text)
    LCD_ShowString                           0x0800355f   Thumb Code   104  lcd.o(.text)
    LED_Init                                 0x080035dd   Thumb Code   114  led.o(.text)
    Dac_TriangleWave                         0x08003655   Thumb Code   170  dac_trianglewave.o(.text)
    delay_init                               0x08003709   Thumb Code    42  delay.o(.text)
    delay_us                                 0x08003733   Thumb Code    68  delay.o(.text)
    delay_ms                                 0x08003777   Thumb Code    70  delay.o(.text)
    _sys_exit                                0x080037c9   Thumb Code     6  usart.o(.text)
    fputc                                    0x080037cf   Thumb Code    32  usart.o(.text)
    uart_init                                0x080037ef   Thumb Code   158  usart.o(.text)
    USART1_IRQHandler                        0x0800388d   Thumb Code   124  usart.o(.text)
    Reset_Handler                            0x08003919   Thumb Code     8  startup_stm32f10x_hd.o(.text)
    ADC1_2_IRQHandler                        0x08003933   Thumb Code     0  startup_stm32f10x_hd.o(.text)
    ADC3_IRQHandler                          0x08003933   Thumb Code     0  startup_stm32f10x_hd.o(.text)
    CAN1_RX1_IRQHandler                      0x08003933   Thumb Code     0  startup_stm32f10x_hd.o(.text)
    CAN1_SCE_IRQHandler                      0x08003933   Thumb Code     0  startup_stm32f10x_hd.o(.text)
    DMA1_Channel2_IRQHandler                 0x08003933   Thumb Code     0  startup_stm32f10x_hd.o(.text)
    DMA1_Channel3_IRQHandler                 0x08003933   Thumb Code     0  startup_stm32f10x_hd.o(.text)
    DMA1_Channel4_IRQHandler                 0x08003933   Thumb Code     0  startup_stm32f10x_hd.o(.text)
    DMA1_Channel5_IRQHandler                 0x08003933   Thumb Code     0  startup_stm32f10x_hd.o(.text)
    DMA1_Channel6_IRQHandler                 0x08003933   Thumb Code     0  startup_stm32f10x_hd.o(.text)
    DMA1_Channel7_IRQHandler                 0x08003933   Thumb Code     0  startup_stm32f10x_hd.o(.text)
    DMA2_Channel1_IRQHandler                 0x08003933   Thumb Code     0  startup_stm32f10x_hd.o(.text)
    DMA2_Channel2_IRQHandler                 0x08003933   Thumb Code     0  startup_stm32f10x_hd.o(.text)
    DMA2_Channel3_IRQHandler                 0x08003933   Thumb Code     0  startup_stm32f10x_hd.o(.text)
    DMA2_Channel4_5_IRQHandler               0x08003933   Thumb Code     0  startup_stm32f10x_hd.o(.text)
    EXTI0_IRQHandler                         0x08003933   Thumb Code     0  startup_stm32f10x_hd.o(.text)
    EXTI15_10_IRQHandler                     0x08003933   Thumb Code     0  startup_stm32f10x_hd.o(.text)
    EXTI1_IRQHandler                         0x08003933   Thumb Code     0  startup_stm32f10x_hd.o(.text)
    EXTI2_IRQHandler                         0x08003933   Thumb Code     0  startup_stm32f10x_hd.o(.text)
    EXTI3_IRQHandler                         0x08003933   Thumb Code     0  startup_stm32f10x_hd.o(.text)
    EXTI4_IRQHandler                         0x08003933   Thumb Code     0  startup_stm32f10x_hd.o(.text)
    EXTI9_5_IRQHandler                       0x08003933   Thumb Code     0  startup_stm32f10x_hd.o(.text)
    FLASH_IRQHandler                         0x08003933   Thumb Code     0  startup_stm32f10x_hd.o(.text)
    FSMC_IRQHandler                          0x08003933   Thumb Code     0  startup_stm32f10x_hd.o(.text)
    I2C1_ER_IRQHandler                       0x08003933   Thumb Code     0  startup_stm32f10x_hd.o(.text)
    I2C1_EV_IRQHandler                       0x08003933   Thumb Code     0  startup_stm32f10x_hd.o(.text)
    I2C2_ER_IRQHandler                       0x08003933   Thumb Code     0  startup_stm32f10x_hd.o(.text)
    I2C2_EV_IRQHandler                       0x08003933   Thumb Code     0  startup_stm32f10x_hd.o(.text)
    PVD_IRQHandler                           0x08003933   Thumb Code     0  startup_stm32f10x_hd.o(.text)
    RCC_IRQHandler                           0x08003933   Thumb Code     0  startup_stm32f10x_hd.o(.text)
    RTCAlarm_IRQHandler                      0x08003933   Thumb Code     0  startup_stm32f10x_hd.o(.text)
    RTC_IRQHandler                           0x08003933   Thumb Code     0  startup_stm32f10x_hd.o(.text)
    SDIO_IRQHandler                          0x08003933   Thumb Code     0  startup_stm32f10x_hd.o(.text)
    SPI1_IRQHandler                          0x08003933   Thumb Code     0  startup_stm32f10x_hd.o(.text)
    SPI2_IRQHandler                          0x08003933   Thumb Code     0  startup_stm32f10x_hd.o(.text)
    SPI3_IRQHandler                          0x08003933   Thumb Code     0  startup_stm32f10x_hd.o(.text)
    TAMPER_IRQHandler                        0x08003933   Thumb Code     0  startup_stm32f10x_hd.o(.text)
    TIM1_BRK_IRQHandler                      0x08003933   Thumb Code     0  startup_stm32f10x_hd.o(.text)
    TIM1_CC_IRQHandler                       0x08003933   Thumb Code     0  startup_stm32f10x_hd.o(.text)
    TIM1_TRG_COM_IRQHandler                  0x08003933   Thumb Code     0  startup_stm32f10x_hd.o(.text)
    TIM1_UP_IRQHandler                       0x08003933   Thumb Code     0  startup_stm32f10x_hd.o(.text)
    TIM2_IRQHandler                          0x08003933   Thumb Code     0  startup_stm32f10x_hd.o(.text)
    TIM4_IRQHandler                          0x08003933   Thumb Code     0  startup_stm32f10x_hd.o(.text)
    TIM5_IRQHandler                          0x08003933   Thumb Code     0  startup_stm32f10x_hd.o(.text)
    TIM6_IRQHandler                          0x08003933   Thumb Code     0  startup_stm32f10x_hd.o(.text)
    TIM7_IRQHandler                          0x08003933   Thumb Code     0  startup_stm32f10x_hd.o(.text)
    TIM8_BRK_IRQHandler                      0x08003933   Thumb Code     0  startup_stm32f10x_hd.o(.text)
    TIM8_CC_IRQHandler                       0x08003933   Thumb Code     0  startup_stm32f10x_hd.o(.text)
    TIM8_TRG_COM_IRQHandler                  0x08003933   Thumb Code     0  startup_stm32f10x_hd.o(.text)
    TIM8_UP_IRQHandler                       0x08003933   Thumb Code     0  startup_stm32f10x_hd.o(.text)
    UART4_IRQHandler                         0x08003933   Thumb Code     0  startup_stm32f10x_hd.o(.text)
    UART5_IRQHandler                         0x08003933   Thumb Code     0  startup_stm32f10x_hd.o(.text)
    USART2_IRQHandler                        0x08003933   Thumb Code     0  startup_stm32f10x_hd.o(.text)
    USART3_IRQHandler                        0x08003933   Thumb Code     0  startup_stm32f10x_hd.o(.text)
    USBWakeUp_IRQHandler                     0x08003933   Thumb Code     0  startup_stm32f10x_hd.o(.text)
    USB_HP_CAN1_TX_IRQHandler                0x08003933   Thumb Code     0  startup_stm32f10x_hd.o(.text)
    USB_LP_CAN1_RX0_IRQHandler               0x08003933   Thumb Code     0  startup_stm32f10x_hd.o(.text)
    WWDG_IRQHandler                          0x08003933   Thumb Code     0  startup_stm32f10x_hd.o(.text)
    __user_initial_stackheap                 0x08003935   Thumb Code     0  startup_stm32f10x_hd.o(.text)
    NVIC_PriorityGroupConfig                 0x08003959   Thumb Code    10  misc.o(.text)
    NVIC_Init                                0x08003963   Thumb Code   102  misc.o(.text)
    NVIC_SetVectorTable                      0x080039c9   Thumb Code    14  misc.o(.text)
    NVIC_SystemLPConfig                      0x080039d7   Thumb Code    38  misc.o(.text)
    SysTick_CLKSourceConfig                  0x080039fd   Thumb Code    40  misc.o(.text)
    ADC_DeInit                               0x08003a39   Thumb Code    78  stm32f10x_adc.o(.text)
    ADC_Init                                 0x08003a87   Thumb Code    68  stm32f10x_adc.o(.text)
    ADC_StructInit                           0x08003acb   Thumb Code    18  stm32f10x_adc.o(.text)
    ADC_Cmd                                  0x08003add   Thumb Code    22  stm32f10x_adc.o(.text)
    ADC_DMACmd                               0x08003af3   Thumb Code    22  stm32f10x_adc.o(.text)
    ADC_ITConfig                             0x08003b09   Thumb Code    24  stm32f10x_adc.o(.text)
    ADC_ResetCalibration                     0x08003b21   Thumb Code    10  stm32f10x_adc.o(.text)
    ADC_GetResetCalibrationStatus            0x08003b2b   Thumb Code    20  stm32f10x_adc.o(.text)
    ADC_StartCalibration                     0x08003b3f   Thumb Code    10  stm32f10x_adc.o(.text)
    ADC_GetCalibrationStatus                 0x08003b49   Thumb Code    20  stm32f10x_adc.o(.text)
    ADC_SoftwareStartConvCmd                 0x08003b5d   Thumb Code    22  stm32f10x_adc.o(.text)
    ADC_GetSoftwareStartConvStatus           0x08003b73   Thumb Code    20  stm32f10x_adc.o(.text)
    ADC_DiscModeChannelCountConfig           0x08003b87   Thumb Code    22  stm32f10x_adc.o(.text)
    ADC_DiscModeCmd                          0x08003b9d   Thumb Code    22  stm32f10x_adc.o(.text)
    ADC_RegularChannelConfig                 0x08003bb3   Thumb Code   180  stm32f10x_adc.o(.text)
    ADC_ExternalTrigConvCmd                  0x08003c67   Thumb Code    22  stm32f10x_adc.o(.text)
    ADC_GetConversionValue                   0x08003c7d   Thumb Code     8  stm32f10x_adc.o(.text)
    ADC_GetDualModeConversionValue           0x08003c85   Thumb Code     8  stm32f10x_adc.o(.text)
    ADC_AutoInjectedConvCmd                  0x08003c8d   Thumb Code    22  stm32f10x_adc.o(.text)
    ADC_InjectedDiscModeCmd                  0x08003ca3   Thumb Code    22  stm32f10x_adc.o(.text)
    ADC_ExternalTrigInjectedConvConfig       0x08003cb9   Thumb Code    14  stm32f10x_adc.o(.text)
    ADC_ExternalTrigInjectedConvCmd          0x08003cc7   Thumb Code    22  stm32f10x_adc.o(.text)
    ADC_SoftwareStartInjectedConvCmd         0x08003cdd   Thumb Code    22  stm32f10x_adc.o(.text)
    ADC_GetSoftwareStartInjectedConvCmdStatus 0x08003cf3   Thumb Code    20  stm32f10x_adc.o(.text)
    ADC_InjectedChannelConfig                0x08003d07   Thumb Code   126  stm32f10x_adc.o(.text)
    ADC_InjectedSequencerLengthConfig        0x08003d85   Thumb Code    22  stm32f10x_adc.o(.text)
    ADC_SetInjectedOffset                    0x08003d9b   Thumb Code    14  stm32f10x_adc.o(.text)
    ADC_GetInjectedConversionValue           0x08003da9   Thumb Code    20  stm32f10x_adc.o(.text)
    ADC_AnalogWatchdogCmd                    0x08003dbd   Thumb Code    14  stm32f10x_adc.o(.text)
    ADC_AnalogWatchdogThresholdsConfig       0x08003dcb   Thumb Code     6  stm32f10x_adc.o(.text)
    ADC_AnalogWatchdogSingleChannelConfig    0x08003dd1   Thumb Code    14  stm32f10x_adc.o(.text)
    ADC_TempSensorVrefintCmd                 0x08003ddf   Thumb Code    38  stm32f10x_adc.o(.text)
    ADC_GetFlagStatus                        0x08003e05   Thumb Code    18  stm32f10x_adc.o(.text)
    ADC_ClearFlag                            0x08003e17   Thumb Code    34  stm32f10x_adc.o(.text)
    ADC_GetITStatus                          0x08003e39   Thumb Code    36  stm32f10x_adc.o(.text)
    ADC_ClearITPendingBit                    0x08003e5d   Thumb Code    10  stm32f10x_adc.o(.text)
    DAC_DeInit                               0x08003e69   Thumb Code    22  stm32f10x_dac.o(.text)
    DAC_Init                                 0x08003e7f   Thumb Code    48  stm32f10x_dac.o(.text)
    DAC_StructInit                           0x08003eaf   Thumb Code    12  stm32f10x_dac.o(.text)
    DAC_Cmd                                  0x08003ebb   Thumb Code    38  stm32f10x_dac.o(.text)
    DAC_DMACmd                               0x08003ee1   Thumb Code    38  stm32f10x_dac.o(.text)
    DAC_SoftwareTriggerCmd                   0x08003f07   Thumb Code    48  stm32f10x_dac.o(.text)
    DAC_DualSoftwareTriggerCmd               0x08003f37   Thumb Code    38  stm32f10x_dac.o(.text)
    DAC_WaveGenerationCmd                    0x08003f5d   Thumb Code    40  stm32f10x_dac.o(.text)
    DAC_SetChannel1Data                      0x08003f85   Thumb Code    14  stm32f10x_dac.o(.text)
    DAC_SetChannel2Data                      0x08003f93   Thumb Code    14  stm32f10x_dac.o(.text)
    DAC_SetDualChannelData                   0x08003fa1   Thumb Code    32  stm32f10x_dac.o(.text)
    DAC_GetDataOutputValue                   0x08003fc1   Thumb Code    20  stm32f10x_dac.o(.text)
    DMA_DeInit                               0x08003fdd   Thumb Code   336  stm32f10x_dma.o(.text)
    DMA_Init                                 0x0800412d   Thumb Code    60  stm32f10x_dma.o(.text)
    DMA_StructInit                           0x08004169   Thumb Code    26  stm32f10x_dma.o(.text)
    DMA_Cmd                                  0x08004183   Thumb Code    24  stm32f10x_dma.o(.text)
    DMA_ITConfig                             0x0800419b   Thumb Code    18  stm32f10x_dma.o(.text)
    DMA_SetCurrDataCounter                   0x080041ad   Thumb Code     4  stm32f10x_dma.o(.text)
    DMA_GetCurrDataCounter                   0x080041b1   Thumb Code     8  stm32f10x_dma.o(.text)
    DMA_GetFlagStatus                        0x080041b9   Thumb Code    38  stm32f10x_dma.o(.text)
    DMA_ClearFlag                            0x080041df   Thumb Code    22  stm32f10x_dma.o(.text)
    DMA_GetITStatus                          0x080041f5   Thumb Code    38  stm32f10x_dma.o(.text)
    DMA_ClearITPendingBit                    0x0800421b   Thumb Code    22  stm32f10x_dma.o(.text)
    FLASH_SetLatency                         0x08004239   Thumb Code    16  stm32f10x_flash.o(.text)
    FLASH_HalfCycleAccessCmd                 0x08004249   Thumb Code    22  stm32f10x_flash.o(.text)
    FLASH_PrefetchBufferCmd                  0x0800425f   Thumb Code    22  stm32f10x_flash.o(.text)
    FLASH_Unlock                             0x08004275   Thumb Code    12  stm32f10x_flash.o(.text)
    FLASH_UnlockBank1                        0x08004281   Thumb Code    12  stm32f10x_flash.o(.text)
    FLASH_Lock                               0x0800428d   Thumb Code    14  stm32f10x_flash.o(.text)
    FLASH_LockBank1                          0x0800429b   Thumb Code    14  stm32f10x_flash.o(.text)
    FLASH_GetBank1Status                     0x080042a9   Thumb Code    50  stm32f10x_flash.o(.text)
    FLASH_WaitForLastOperation               0x080042db   Thumb Code    38  stm32f10x_flash.o(.text)
    FLASH_ErasePage                          0x08004301   Thumb Code    72  stm32f10x_flash.o(.text)
    FLASH_EraseAllPages                      0x08004349   Thumb Code    68  stm32f10x_flash.o(.text)
    FLASH_WaitForLastBank1Operation          0x0800438d   Thumb Code    38  stm32f10x_flash.o(.text)
    FLASH_EraseAllBank1Pages                 0x080043b3   Thumb Code    68  stm32f10x_flash.o(.text)
    FLASH_GetReadOutProtectionStatus         0x080043f7   Thumb Code    20  stm32f10x_flash.o(.text)
    FLASH_EraseOptionBytes                   0x0800440b   Thumb Code   150  stm32f10x_flash.o(.text)
    FLASH_ProgramWord                        0x080044a1   Thumb Code    96  stm32f10x_flash.o(.text)
    FLASH_ProgramHalfWord                    0x08004501   Thumb Code    60  stm32f10x_flash.o(.text)
    FLASH_ProgramOptionByteData              0x0800453d   Thumb Code    72  stm32f10x_flash.o(.text)
    FLASH_EnableWriteProtection              0x08004585   Thumb Code   220  stm32f10x_flash.o(.text)
    FLASH_ReadOutProtection                  0x08004661   Thumb Code   156  stm32f10x_flash.o(.text)
    FLASH_UserOptionByteConfig               0x080046fd   Thumb Code    88  stm32f10x_flash.o(.text)
    FLASH_GetUserOptionByte                  0x08004755   Thumb Code     8  stm32f10x_flash.o(.text)
    FLASH_GetWriteProtectionOptionByte       0x0800475d   Thumb Code     6  stm32f10x_flash.o(.text)
    FLASH_GetPrefetchBufferStatus            0x08004763   Thumb Code    20  stm32f10x_flash.o(.text)
    FLASH_ITConfig                           0x08004777   Thumb Code    26  stm32f10x_flash.o(.text)
    FLASH_GetFlagStatus                      0x08004791   Thumb Code    42  stm32f10x_flash.o(.text)
    FLASH_ClearFlag                          0x080047bb   Thumb Code     6  stm32f10x_flash.o(.text)
    FLASH_GetStatus                          0x080047c1   Thumb Code    50  stm32f10x_flash.o(.text)
    FSMC_NORSRAMDeInit                       0x08004805   Thumb Code    56  stm32f10x_fsmc.o(.text)
    FSMC_NANDDeInit                          0x0800483d   Thumb Code    62  stm32f10x_fsmc.o(.text)
    FSMC_PCCARDDeInit                        0x0800487b   Thumb Code    36  stm32f10x_fsmc.o(.text)
    FSMC_NORSRAMInit                         0x0800489f   Thumb Code   224  stm32f10x_fsmc.o(.text)
    FSMC_NANDInit                            0x0800497f   Thumb Code   132  stm32f10x_fsmc.o(.text)
    FSMC_PCCARDInit                          0x08004a03   Thumb Code   130  stm32f10x_fsmc.o(.text)
    FSMC_NORSRAMStructInit                   0x08004a85   Thumb Code   114  stm32f10x_fsmc.o(.text)
    FSMC_NANDStructInit                      0x08004af7   Thumb Code    54  stm32f10x_fsmc.o(.text)
    FSMC_PCCARDStructInit                    0x08004b2d   Thumb Code    60  stm32f10x_fsmc.o(.text)
    FSMC_NORSRAMCmd                          0x08004b69   Thumb Code    46  stm32f10x_fsmc.o(.text)
    FSMC_NANDCmd                             0x08004b97   Thumb Code    86  stm32f10x_fsmc.o(.text)
    FSMC_PCCARDCmd                           0x08004bed   Thumb Code    44  stm32f10x_fsmc.o(.text)
    FSMC_NANDECCCmd                          0x08004c19   Thumb Code    92  stm32f10x_fsmc.o(.text)
    FSMC_GetECC                              0x08004c75   Thumb Code    24  stm32f10x_fsmc.o(.text)
    FSMC_ITConfig                            0x08004c8d   Thumb Code   128  stm32f10x_fsmc.o(.text)
    FSMC_GetFlagStatus                       0x08004d0d   Thumb Code    52  stm32f10x_fsmc.o(.text)
    FSMC_ClearFlag                           0x08004d41   Thumb Code    62  stm32f10x_fsmc.o(.text)
    FSMC_GetITStatus                         0x08004d7f   Thumb Code    64  stm32f10x_fsmc.o(.text)
    FSMC_ClearITPendingBit                   0x08004dbf   Thumb Code    68  stm32f10x_fsmc.o(.text)
    GPIO_DeInit                              0x08004e0d   Thumb Code   172  stm32f10x_gpio.o(.text)
    GPIO_AFIODeInit                          0x08004eb9   Thumb Code    20  stm32f10x_gpio.o(.text)
    GPIO_Init                                0x08004ecd   Thumb Code   268  stm32f10x_gpio.o(.text)
    GPIO_StructInit                          0x08004fd9   Thumb Code    16  stm32f10x_gpio.o(.text)
    GPIO_ReadInputDataBit                    0x08004fe9   Thumb Code    18  stm32f10x_gpio.o(.text)
    GPIO_ReadInputData                       0x08004ffb   Thumb Code     8  stm32f10x_gpio.o(.text)
    GPIO_ReadOutputDataBit                   0x08005003   Thumb Code    18  stm32f10x_gpio.o(.text)
    GPIO_ReadOutputData                      0x08005015   Thumb Code     8  stm32f10x_gpio.o(.text)
    GPIO_SetBits                             0x0800501d   Thumb Code     4  stm32f10x_gpio.o(.text)
    GPIO_ResetBits                           0x08005021   Thumb Code     4  stm32f10x_gpio.o(.text)
    GPIO_WriteBit                            0x08005025   Thumb Code    10  stm32f10x_gpio.o(.text)
    GPIO_Write                               0x0800502f   Thumb Code     4  stm32f10x_gpio.o(.text)
    GPIO_PinLockConfig                       0x08005033   Thumb Code    18  stm32f10x_gpio.o(.text)
    GPIO_EventOutputConfig                   0x08005045   Thumb Code    24  stm32f10x_gpio.o(.text)
    GPIO_EventOutputCmd                      0x0800505d   Thumb Code     6  stm32f10x_gpio.o(.text)
    GPIO_PinRemapConfig                      0x08005063   Thumb Code   136  stm32f10x_gpio.o(.text)
    GPIO_EXTILineConfig                      0x080050eb   Thumb Code    60  stm32f10x_gpio.o(.text)
    GPIO_ETH_MediaInterfaceConfig            0x08005127   Thumb Code     8  stm32f10x_gpio.o(.text)
    RCC_DeInit                               0x08005155   Thumb Code    64  stm32f10x_rcc.o(.text)
    RCC_HSEConfig                            0x08005195   Thumb Code    70  stm32f10x_rcc.o(.text)
    RCC_GetFlagStatus                        0x080051db   Thumb Code    56  stm32f10x_rcc.o(.text)
    RCC_WaitForHSEStartUp                    0x08005213   Thumb Code    48  stm32f10x_rcc.o(.text)
    RCC_AdjustHSICalibrationValue            0x08005243   Thumb Code    18  stm32f10x_rcc.o(.text)
    RCC_HSICmd                               0x08005255   Thumb Code     6  stm32f10x_rcc.o(.text)
    RCC_PLLConfig                            0x0800525b   Thumb Code    22  stm32f10x_rcc.o(.text)
    RCC_PLLCmd                               0x08005271   Thumb Code     6  stm32f10x_rcc.o(.text)
    RCC_SYSCLKConfig                         0x08005277   Thumb Code    16  stm32f10x_rcc.o(.text)
    RCC_GetSYSCLKSource                      0x08005287   Thumb Code    10  stm32f10x_rcc.o(.text)
    RCC_HCLKConfig                           0x08005291   Thumb Code    16  stm32f10x_rcc.o(.text)
    RCC_PCLK1Config                          0x080052a1   Thumb Code    16  stm32f10x_rcc.o(.text)
    RCC_PCLK2Config                          0x080052b1   Thumb Code    18  stm32f10x_rcc.o(.text)
    RCC_ITConfig                             0x080052c3   Thumb Code    30  stm32f10x_rcc.o(.text)
    RCC_USBCLKConfig                         0x080052e1   Thumb Code     8  stm32f10x_rcc.o(.text)
    RCC_ADCCLKConfig                         0x080052e9   Thumb Code    16  stm32f10x_rcc.o(.text)
    RCC_LSEConfig                            0x080052f9   Thumb Code    50  stm32f10x_rcc.o(.text)
    RCC_LSICmd                               0x0800532b   Thumb Code     6  stm32f10x_rcc.o(.text)
    RCC_RTCCLKConfig                         0x08005331   Thumb Code    12  stm32f10x_rcc.o(.text)
    RCC_RTCCLKCmd                            0x0800533d   Thumb Code     8  stm32f10x_rcc.o(.text)
    RCC_GetClocksFreq                        0x08005345   Thumb Code   194  stm32f10x_rcc.o(.text)
    RCC_AHBPeriphClockCmd                    0x08005407   Thumb Code    26  stm32f10x_rcc.o(.text)
    RCC_APB2PeriphClockCmd                   0x08005421   Thumb Code    26  stm32f10x_rcc.o(.text)
    RCC_APB1PeriphClockCmd                   0x0800543b   Thumb Code    26  stm32f10x_rcc.o(.text)
    RCC_APB2PeriphResetCmd                   0x08005455   Thumb Code    26  stm32f10x_rcc.o(.text)
    RCC_APB1PeriphResetCmd                   0x0800546f   Thumb Code    26  stm32f10x_rcc.o(.text)
    RCC_BackupResetCmd                       0x08005489   Thumb Code     8  stm32f10x_rcc.o(.text)
    RCC_ClockSecuritySystemCmd               0x08005491   Thumb Code     6  stm32f10x_rcc.o(.text)
    RCC_MCOConfig                            0x08005497   Thumb Code     6  stm32f10x_rcc.o(.text)
    RCC_ClearFlag                            0x0800549d   Thumb Code    14  stm32f10x_rcc.o(.text)
    RCC_GetITStatus                          0x080054ab   Thumb Code    20  stm32f10x_rcc.o(.text)
    RCC_ClearITPendingBit                    0x080054bf   Thumb Code     6  stm32f10x_rcc.o(.text)
    TIM_DeInit                               0x080054e5   Thumb Code   424  stm32f10x_tim.o(.text)
    TIM_TimeBaseInit                         0x0800568d   Thumb Code   122  stm32f10x_tim.o(.text)
    TIM_OC1Init                              0x08005707   Thumb Code   132  stm32f10x_tim.o(.text)
    TIM_OC2Init                              0x0800578b   Thumb Code   146  stm32f10x_tim.o(.text)
    TIM_OC3Init                              0x0800581d   Thumb Code   142  stm32f10x_tim.o(.text)
    TIM_OC4Init                              0x080058ab   Thumb Code   172  stm32f10x_tim.o(.text)
    TIM_SetIC4Prescaler                      0x08005957   Thumb Code    22  stm32f10x_tim.o(.text)
    TIM_SetIC3Prescaler                      0x080059df   Thumb Code    18  stm32f10x_tim.o(.text)
    TIM_SetIC2Prescaler                      0x08005a5f   Thumb Code    22  stm32f10x_tim.o(.text)
    TIM_SetIC1Prescaler                      0x08005ae7   Thumb Code    18  stm32f10x_tim.o(.text)
    TIM_ICInit                               0x08005b5f   Thumb Code   150  stm32f10x_tim.o(.text)
    TIM_PWMIConfig                           0x08005bf5   Thumb Code   124  stm32f10x_tim.o(.text)
    TIM_BDTRConfig                           0x08005c71   Thumb Code    32  stm32f10x_tim.o(.text)
    TIM_TimeBaseStructInit                   0x08005c91   Thumb Code    18  stm32f10x_tim.o(.text)
    TIM_OCStructInit                         0x08005ca3   Thumb Code    20  stm32f10x_tim.o(.text)
    TIM_ICStructInit                         0x08005cb7   Thumb Code    18  stm32f10x_tim.o(.text)
    TIM_BDTRStructInit                       0x08005cc9   Thumb Code    18  stm32f10x_tim.o(.text)
    TIM_Cmd                                  0x08005cdb   Thumb Code    24  stm32f10x_tim.o(.text)
    TIM_CtrlPWMOutputs                       0x08005cf3   Thumb Code    50  stm32f10x_tim.o(.text)
    TIM_ITConfig                             0x08005d25   Thumb Code    24  stm32f10x_tim.o(.text)
    TIM_GenerateEvent                        0x08005d3d   Thumb Code     4  stm32f10x_tim.o(.text)
    TIM_DMAConfig                            0x08005d41   Thumb Code    10  stm32f10x_tim.o(.text)
    TIM_DMACmd                               0x08005d4b   Thumb Code    24  stm32f10x_tim.o(.text)
    TIM_InternalClockConfig                  0x08005d63   Thumb Code    12  stm32f10x_tim.o(.text)
    TIM_SelectInputTrigger                   0x08005d6f   Thumb Code    16  stm32f10x_tim.o(.text)
    TIM_ITRxExternalClockConfig              0x08005d7f   Thumb Code    24  stm32f10x_tim.o(.text)
    TIM_TIxExternalClockConfig               0x08005d97   Thumb Code    62  stm32f10x_tim.o(.text)
    TIM_ETRConfig                            0x08005dd5   Thumb Code    22  stm32f10x_tim.o(.text)
    TIM_ETRClockMode1Config                  0x08005deb   Thumb Code    54  stm32f10x_tim.o(.text)
    TIM_ETRClockMode2Config                  0x08005e21   Thumb Code    32  stm32f10x_tim.o(.text)
    TIM_PrescalerConfig                      0x08005e41   Thumb Code     6  stm32f10x_tim.o(.text)
    TIM_CounterModeConfig                    0x08005e47   Thumb Code    16  stm32f10x_tim.o(.text)
    TIM_EncoderInterfaceConfig               0x08005e57   Thumb Code    56  stm32f10x_tim.o(.text)
    TIM_ForcedOC1Config                      0x08005e8f   Thumb Code    16  stm32f10x_tim.o(.text)
    TIM_ForcedOC2Config                      0x08005e9f   Thumb Code    20  stm32f10x_tim.o(.text)
    TIM_ForcedOC3Config                      0x08005eb3   Thumb Code    16  stm32f10x_tim.o(.text)
    TIM_ForcedOC4Config                      0x08005ec3   Thumb Code    20  stm32f10x_tim.o(.text)
    TIM_ARRPreloadConfig                     0x08005ed7   Thumb Code    24  stm32f10x_tim.o(.text)
    TIM_SelectCOM                            0x08005eef   Thumb Code    24  stm32f10x_tim.o(.text)
    TIM_SelectCCDMA                          0x08005f07   Thumb Code    24  stm32f10x_tim.o(.text)
    TIM_CCPreloadControl                     0x08005f1f   Thumb Code    24  stm32f10x_tim.o(.text)
    TIM_OC1PreloadConfig                     0x08005f37   Thumb Code    16  stm32f10x_tim.o(.text)
    TIM_OC2PreloadConfig                     0x08005f47   Thumb Code    20  stm32f10x_tim.o(.text)
    TIM_OC3PreloadConfig                     0x08005f5b   Thumb Code    16  stm32f10x_tim.o(.text)
    TIM_OC4PreloadConfig                     0x08005f6b   Thumb Code    20  stm32f10x_tim.o(.text)
    TIM_OC1FastConfig                        0x08005f7f   Thumb Code    16  stm32f10x_tim.o(.text)
    TIM_OC2FastConfig                        0x08005f8f   Thumb Code    20  stm32f10x_tim.o(.text)
    TIM_OC3FastConfig                        0x08005fa3   Thumb Code    16  stm32f10x_tim.o(.text)
    TIM_OC4FastConfig                        0x08005fb3   Thumb Code    20  stm32f10x_tim.o(.text)
    TIM_ClearOC1Ref                          0x08005fc7   Thumb Code    16  stm32f10x_tim.o(.text)
    TIM_ClearOC2Ref                          0x08005fd7   Thumb Code    18  stm32f10x_tim.o(.text)
    TIM_ClearOC3Ref                          0x08005fe9   Thumb Code    16  stm32f10x_tim.o(.text)
    TIM_ClearOC4Ref                          0x08005ff9   Thumb Code    18  stm32f10x_tim.o(.text)
    TIM_OC1PolarityConfig                    0x0800600b   Thumb Code    16  stm32f10x_tim.o(.text)
    TIM_OC1NPolarityConfig                   0x0800601b   Thumb Code    16  stm32f10x_tim.o(.text)
    TIM_OC2PolarityConfig                    0x0800602b   Thumb Code    20  stm32f10x_tim.o(.text)
    TIM_OC2NPolarityConfig                   0x0800603f   Thumb Code    20  stm32f10x_tim.o(.text)
    TIM_OC3PolarityConfig                    0x08006053   Thumb Code    20  stm32f10x_tim.o(.text)
    TIM_OC3NPolarityConfig                   0x08006067   Thumb Code    20  stm32f10x_tim.o(.text)
    TIM_OC4PolarityConfig                    0x0800607b   Thumb Code    20  stm32f10x_tim.o(.text)
    TIM_CCxCmd                               0x0800608f   Thumb Code    34  stm32f10x_tim.o(.text)
    TIM_CCxNCmd                              0x080060b1   Thumb Code    34  stm32f10x_tim.o(.text)
    TIM_SelectOCxM                           0x080060d3   Thumb Code    82  stm32f10x_tim.o(.text)
    TIM_UpdateDisableConfig                  0x08006125   Thumb Code    24  stm32f10x_tim.o(.text)
    TIM_UpdateRequestConfig                  0x0800613d   Thumb Code    24  stm32f10x_tim.o(.text)
    TIM_SelectHallSensor                     0x08006155   Thumb Code    24  stm32f10x_tim.o(.text)
    TIM_SelectOnePulseMode                   0x0800616d   Thumb Code    18  stm32f10x_tim.o(.text)
    TIM_SelectOutputTrigger                  0x0800617f   Thumb Code    18  stm32f10x_tim.o(.text)
    TIM_SelectSlaveMode                      0x08006191   Thumb Code    18  stm32f10x_tim.o(.text)
    TIM_SelectMasterSlaveMode                0x080061a3   Thumb Code    18  stm32f10x_tim.o(.text)
    TIM_SetCounter                           0x080061b5   Thumb Code     4  stm32f10x_tim.o(.text)
    TIM_SetAutoreload                        0x080061b9   Thumb Code     4  stm32f10x_tim.o(.text)
    TIM_SetCompare1                          0x080061bd   Thumb Code     4  stm32f10x_tim.o(.text)
    TIM_SetCompare2                          0x080061c1   Thumb Code     4  stm32f10x_tim.o(.text)
    TIM_SetCompare3                          0x080061c5   Thumb Code     4  stm32f10x_tim.o(.text)
    TIM_SetCompare4                          0x080061c9   Thumb Code     6  stm32f10x_tim.o(.text)
    TIM_SetClockDivision                     0x080061cf   Thumb Code    18  stm32f10x_tim.o(.text)
    TIM_GetCapture1                          0x080061e1   Thumb Code     6  stm32f10x_tim.o(.text)
    TIM_GetCapture2                          0x080061e7   Thumb Code     6  stm32f10x_tim.o(.text)
    TIM_GetCapture3                          0x080061ed   Thumb Code     6  stm32f10x_tim.o(.text)
    TIM_GetCapture4                          0x080061f3   Thumb Code     8  stm32f10x_tim.o(.text)
    TIM_GetCounter                           0x080061fb   Thumb Code     6  stm32f10x_tim.o(.text)
    TIM_GetPrescaler                         0x08006201   Thumb Code     6  stm32f10x_tim.o(.text)
    TIM_GetFlagStatus                        0x08006207   Thumb Code    18  stm32f10x_tim.o(.text)
    TIM_ClearFlag                            0x08006219   Thumb Code     6  stm32f10x_tim.o(.text)
    TIM_GetITStatus                          0x0800621f   Thumb Code    34  stm32f10x_tim.o(.text)
    TIM_ClearITPendingBit                    0x08006241   Thumb Code     6  stm32f10x_tim.o(.text)
    USART_DeInit                             0x08006249   Thumb Code   134  stm32f10x_usart.o(.text)
    USART_Init                               0x080062cf   Thumb Code   210  stm32f10x_usart.o(.text)
    USART_StructInit                         0x080063a1   Thumb Code    24  stm32f10x_usart.o(.text)
    USART_ClockInit                          0x080063b9   Thumb Code    32  stm32f10x_usart.o(.text)
    USART_ClockStructInit                    0x080063d9   Thumb Code    12  stm32f10x_usart.o(.text)
    USART_Cmd                                0x080063e5   Thumb Code    24  stm32f10x_usart.o(.text)
    USART_ITConfig                           0x080063fd   Thumb Code    72  stm32f10x_usart.o(.text)
    USART_DMACmd                             0x08006445   Thumb Code    24  stm32f10x_usart.o(.text)
    USART_SetAddress                         0x0800645d   Thumb Code    18  stm32f10x_usart.o(.text)
    USART_WakeUpConfig                       0x0800646f   Thumb Code    18  stm32f10x_usart.o(.text)
    USART_ReceiverWakeUpCmd                  0x08006481   Thumb Code    24  stm32f10x_usart.o(.text)
    USART_LINBreakDetectLengthConfig         0x08006499   Thumb Code    18  stm32f10x_usart.o(.text)
    USART_LINCmd                             0x080064ab   Thumb Code    24  stm32f10x_usart.o(.text)
    USART_SendData                           0x080064c3   Thumb Code     8  stm32f10x_usart.o(.text)
    USART_ReceiveData                        0x080064cb   Thumb Code    10  stm32f10x_usart.o(.text)
    USART_SendBreak                          0x080064d5   Thumb Code    10  stm32f10x_usart.o(.text)
    USART_SetGuardTime                       0x080064df   Thumb Code    16  stm32f10x_usart.o(.text)
    USART_SetPrescaler                       0x080064ef   Thumb Code    16  stm32f10x_usart.o(.text)
    USART_SmartCardCmd                       0x080064ff   Thumb Code    24  stm32f10x_usart.o(.text)
    USART_SmartCardNACKCmd                   0x08006517   Thumb Code    24  stm32f10x_usart.o(.text)
    USART_HalfDuplexCmd                      0x0800652f   Thumb Code    24  stm32f10x_usart.o(.text)
    USART_OverSampling8Cmd                   0x08006547   Thumb Code    22  stm32f10x_usart.o(.text)
    USART_OneBitMethodCmd                    0x0800655d   Thumb Code    24  stm32f10x_usart.o(.text)
    USART_IrDAConfig                         0x08006575   Thumb Code    18  stm32f10x_usart.o(.text)
    USART_IrDACmd                            0x08006587   Thumb Code    24  stm32f10x_usart.o(.text)
    USART_GetFlagStatus                      0x0800659f   Thumb Code    26  stm32f10x_usart.o(.text)
    USART_ClearFlag                          0x080065b9   Thumb Code    18  stm32f10x_usart.o(.text)
    USART_GetITStatus                        0x080065cb   Thumb Code    84  stm32f10x_usart.o(.text)
    USART_ClearITPendingBit                  0x0800661f   Thumb Code    50  stm32f10x_usart.o(.text)
    __use_no_semihosting                     0x08006651   Thumb Code     2  use_no_semi_2.o(.text)
    __use_two_region_memory                  0x08006653   Thumb Code     2  heapauxi.o(.text)
    __rt_heap_escrow$2region                 0x08006655   Thumb Code     2  heapauxi.o(.text)
    __rt_heap_expand$2region                 0x08006657   Thumb Code     2  heapauxi.o(.text)
    __I$use$semihosting                      0x08006659   Thumb Code     0  use_no_semi.o(.text)
    __use_no_semihosting_swi                 0x08006659   Thumb Code     2  use_no_semi.o(.text)
    __user_setup_stackheap                   0x0800665b   Thumb Code    74  sys_stackheap_outer.o(.text)
    exit                                     0x080066a5   Thumb Code    12  exit.o(.text)
    __user_libspace                          0x080066b1   Thumb Code     8  libspace.o(.text)
    __user_perproc_libspace                  0x080066b1   Thumb Code     0  libspace.o(.text)
    __user_perthread_libspace                0x080066b1   Thumb Code     0  libspace.o(.text)
    __aeabi_dadd                             0x080066b9   Thumb Code     0  daddsub_clz.o(x$fpl$dadd)
    _dadd                                    0x080066b9   Thumb Code   424  daddsub_clz.o(x$fpl$dadd)
    __fpl_inf_dadd                           0x0800682b   Thumb Code     0  daddsub_clz.o(x$fpl$dadd)
    __fpl_dcheck_NaN2                        0x08006871   Thumb Code    10  dcheck.o(x$fpl$dcheck)
    __fpl_dcheck_NaN1                        0x08006881   Thumb Code    10  dcheck1.o(x$fpl$dcheck1)
    __aeabi_ddiv                             0x08006891   Thumb Code     0  ddiv.o(x$fpl$ddiv)
    _ddiv                                    0x08006891   Thumb Code   428  ddiv.o(x$fpl$ddiv)
    __fpl_inf_ddiv                           0x08006a05   Thumb Code     0  ddiv.o(x$fpl$ddiv)
    _ddiv_mantissas                          0x08006a3d   Thumb Code   324  ddiv.o(x$fpl$ddiv)
    __aeabi_d2uiz                            0x08006c91   Thumb Code     0  dfixu.o(x$fpl$dfixu)
    _dfixu                                   0x08006c91   Thumb Code   110  dfixu.o(x$fpl$dfixu)
    __fpl_inf_dfixu                          0x08006cf9   Thumb Code     0  dfixu.o(x$fpl$dfixu)
    __aeabi_i2d                              0x08006d05   Thumb Code     0  dflt_clz.o(x$fpl$dflt)
    _dflt                                    0x08006d05   Thumb Code    44  dflt_clz.o(x$fpl$dflt)
    __dflt_normalise                         0x08006d13   Thumb Code     0  dflt_clz.o(x$fpl$dflt)
    __aeabi_ui2d                             0x08006d31   Thumb Code     0  dflt_clz.o(x$fpl$dfltu)
    _dfltu                                   0x08006d31   Thumb Code    10  dflt_clz.o(x$fpl$dfltu)
    __aeabi_dmul                             0x08006d3d   Thumb Code     0  dmul.o(x$fpl$dmul)
    _dmul                                    0x08006d3d   Thumb Code   440  dmul.o(x$fpl$dmul)
    __fpl_inf_dmul                           0x08006ec7   Thumb Code     0  dmul.o(x$fpl$dmul)
    __aeabi_drsub                            0x08006f05   Thumb Code     0  daddsub_clz.o(x$fpl$drsb)
    _drsb                                    0x08006f05   Thumb Code    22  daddsub_clz.o(x$fpl$drsb)
    __aeabi_dsub                             0x08006f1d   Thumb Code     0  daddsub_clz.o(x$fpl$dsub)
    _dsub                                    0x08006f1d   Thumb Code   572  daddsub_clz.o(x$fpl$dsub)
    __fpl_inf_dsub                           0x08007121   Thumb Code     0  daddsub_clz.o(x$fpl$dsub)
    __dunder                                 0x08007165   Thumb Code   234  dunder.o(x$fpl$dunder)
    __dunder_d                               0x0800724f   Thumb Code     2  dunder.o(x$fpl$dunder)
    __fpl_return_NaN                         0x08007251   Thumb Code   100  retnan.o(x$fpl$retnan)
    __fpl_cmpreturn                          0x080072b5   Thumb Code    48  trapv.o(x$fpl$trapveneer)
    __I$use$fp                               0x080072e5   Thumb Code     0  usenofp.o(x$fpl$usenofp)
    asc2_1206                                0x080072e4   Data        1140  lcd.o(.constdata)
    asc2_1608                                0x08007758   Data        1520  lcd.o(.constdata)
    Region$$Table$$Base                      0x08007d48   Number         0  anon$$obj.o(Region$$Table)
    Region$$Table$$Limit                     0x08007d68   Number         0  anon$$obj.o(Region$$Table)
    dma_flag                                 0x20000000   Data           1  main.o(.data)
    WK_flag                                  0x20000001   Data           1  main.o(.data)
    L_range                                  0x20000002   Data           1  main.o(.data)
    HSEStartUpStatus                         0x20000003   Data           1  main.o(.data)
    min                                      0x20000004   Data           4  main.o(.data)
    max                                      0x20000008   Data           4  main.o(.data)
    average                                  0x2000000c   Data           4  main.o(.data)
    QSW                                      0x20000010   Data           4  main.o(.data)
    ZZW                                      0x20000014   Data           2  main.o(.data)
    SystemCoreClock                          0x20000018   Data           4  system_stm32f10x.o(.data)
    AHBPrescTable                            0x2000001c   Data          16  system_stm32f10x.o(.data)
    POINT_COLOR                              0x2000002e   Data           2  lcd.o(.data)
    BACK_COLOR                               0x20000030   Data           2  lcd.o(.data)
    USART_RX_STA                             0x20000038   Data           2  usart.o(.data)
    __stdout                                 0x2000003c   Data           4  usart.o(.data)
    ADC_ConvertedValue                       0x20000054   Data       16384  main.o(.bss)
    ADC_ConvertedValue_local                 0x20004054   Data       16384  main.o(.bss)
    Lcd_Buff1                                0x20008054   Data        1280  main.o(.bss)
    Lcd_Buff2                                0x20008554   Data        1280  main.o(.bss)
    DMA_InitStructure                        0x20008a54   Data          44  main.o(.bss)
    lcddev                                   0x20008a80   Data          10  lcd.o(.bss)
    USART_RX_BUF                             0x20008a8a   Data         200  usart.o(.bss)
    __libspace_start                         0x20008b54   Data          96  libspace.o(.bss)
    __temporary_stack_top$libspace           0x20008bb4   Data           0  libspace.o(.bss)



==============================================================================

Memory Map of the image

  Image Entry point : 0x08000131

  Load Region LR_IROM1 (Base: 0x08000000, Size: 0x00007dbc, Max: 0x00080000, ABSOLUTE)

    Execution Region ER_IROM1 (Base: 0x08000000, Size: 0x00007d68, Max: 0x00080000, ABSOLUTE)

    Base Addr    Size         Type   Attr      Idx    E Section Name        Object

    0x08000000   0x00000130   Data   RO          248    RESET               startup_stm32f10x_hd.o
    0x08000130   0x00000008   Code   RO          393  * !!!main             __main.o(c_w.l)
    0x08000138   0x00000034   Code   RO          579    !!!scatter          __scatter.o(c_w.l)
    0x0800016c   0x0000001a   Code   RO          581    !!handler_copy      __scatter_copy.o(c_w.l)
    0x08000186   0x00000002   PAD
    0x08000188   0x0000001c   Code   RO          583    !!handler_zi        __scatter_zi.o(c_w.l)
    0x080001a4   0x00000006   Code   RO          456    .ARM.Collect$$libinit$$00000000  libinit.o(c_w.l)
    0x080001aa   0x00000000   Code   RO          466    .ARM.Collect$$libinit$$00000006  libinit2.o(c_w.l)
    0x080001aa   0x00000000   Code   RO          468    .ARM.Collect$$libinit$$00000008  libinit2.o(c_w.l)
    0x080001aa   0x00000000   Code   RO          470    .ARM.Collect$$libinit$$0000000A  libinit2.o(c_w.l)
    0x080001aa   0x00000000   Code   RO          473    .ARM.Collect$$libinit$$0000000D  libinit2.o(c_w.l)
    0x080001aa   0x00000000   Code   RO          475    .ARM.Collect$$libinit$$0000000F  libinit2.o(c_w.l)
    0x080001aa   0x00000000   Code   RO          477    .ARM.Collect$$libinit$$00000011  libinit2.o(c_w.l)
    0x080001aa   0x00000000   Code   RO          479    .ARM.Collect$$libinit$$00000013  libinit2.o(c_w.l)
    0x080001aa   0x00000000   Code   RO          481    .ARM.Collect$$libinit$$00000015  libinit2.o(c_w.l)
    0x080001aa   0x00000000   Code   RO          483    .ARM.Collect$$libinit$$00000017  libinit2.o(c_w.l)
    0x080001aa   0x00000000   Code   RO          485    .ARM.Collect$$libinit$$00000019  libinit2.o(c_w.l)
    0x080001aa   0x00000000   Code   RO          487    .ARM.Collect$$libinit$$0000001B  libinit2.o(c_w.l)
    0x080001aa   0x00000000   Code   RO          489    .ARM.Collect$$libinit$$0000001D  libinit2.o(c_w.l)
    0x080001aa   0x00000000   Code   RO          491    .ARM.Collect$$libinit$$0000001F  libinit2.o(c_w.l)
    0x080001aa   0x00000000   Code   RO          493    .ARM.Collect$$libinit$$00000021  libinit2.o(c_w.l)
    0x080001aa   0x00000000   Code   RO          497    .ARM.Collect$$libinit$$00000028  libinit2.o(c_w.l)
    0x080001aa   0x00000000   Code   RO          499    .ARM.Collect$$libinit$$0000002A  libinit2.o(c_w.l)
    0x080001aa   0x00000000   Code   RO          501    .ARM.Collect$$libinit$$0000002C  libinit2.o(c_w.l)
    0x080001aa   0x00000000   Code   RO          503    .ARM.Collect$$libinit$$0000002E  libinit2.o(c_w.l)
    0x080001aa   0x00000002   Code   RO          504    .ARM.Collect$$libinit$$0000002F  libinit2.o(c_w.l)
    0x080001ac   0x00000002   Code   RO          523    .ARM.Collect$$libshutdown$$00000000  libshutdown.o(c_w.l)
    0x080001ae   0x00000000   Code   RO          534    .ARM.Collect$$libshutdown$$00000003  libshutdown2.o(c_w.l)
    0x080001ae   0x00000000   Code   RO          537    .ARM.Collect$$libshutdown$$00000006  libshutdown2.o(c_w.l)
    0x080001ae   0x00000000   Code   RO          540    .ARM.Collect$$libshutdown$$00000009  libshutdown2.o(c_w.l)
    0x080001ae   0x00000000   Code   RO          542    .ARM.Collect$$libshutdown$$0000000B  libshutdown2.o(c_w.l)
    0x080001ae   0x00000000   Code   RO          545    .ARM.Collect$$libshutdown$$0000000E  libshutdown2.o(c_w.l)
    0x080001ae   0x00000002   Code   RO          546    .ARM.Collect$$libshutdown$$0000000F  libshutdown2.o(c_w.l)
    0x080001b0   0x00000000   Code   RO          417    .ARM.Collect$$rtentry$$00000000  rtentry.o(c_w.l)
    0x080001b0   0x00000000   Code   RO          427    .ARM.Collect$$rtentry$$00000002  rtentry2.o(c_w.l)
    0x080001b0   0x00000006   Code   RO          442    .ARM.Collect$$rtentry$$00000004  rtentry4.o(c_w.l)
    0x080001b6   0x00000000   Code   RO          429    .ARM.Collect$$rtentry$$00000009  rtentry2.o(c_w.l)
    0x080001b6   0x00000004   Code   RO          430    .ARM.Collect$$rtentry$$0000000A  rtentry2.o(c_w.l)
    0x080001ba   0x00000000   Code   RO          432    .ARM.Collect$$rtentry$$0000000C  rtentry2.o(c_w.l)
    0x080001ba   0x00000008   Code   RO          433    .ARM.Collect$$rtentry$$0000000D  rtentry2.o(c_w.l)
    0x080001c2   0x00000000   Code   RO          462    .ARM.Collect$$rtexit$$00000000  rtexit.o(c_w.l)
    0x080001c2   0x00000000   Code   RO          508    .ARM.Collect$$rtexit$$00000002  rtexit2.o(c_w.l)
    0x080001c2   0x00000004   Code   RO          509    .ARM.Collect$$rtexit$$00000003  rtexit2.o(c_w.l)
    0x080001c6   0x00000004   Code   RO          510    .ARM.Collect$$rtexit$$00000004  rtexit2.o(c_w.l)
    0x080001ca   0x00000002   PAD
    0x080001cc   0x00000d38   Code   RO            1    .text               main.o
    0x08000f04   0x0000001a   Code   RO           99    .text               stm32f10x_it.o
    0x08000f1e   0x00000002   PAD
    0x08000f20   0x000001c8   Code   RO          114    .text               system_stm32f10x.o
    0x080010e8   0x0000010c   Code   RO          132    .text               key.o
    0x080011f4   0x000023e8   Code   RO          145    .text               lcd.o
    0x080035dc   0x00000078   Code   RO          168    .text               led.o
    0x08003654   0x000000b4   Code   RO          180    .text               dac_trianglewave.o
    0x08003708   0x000000c0   Code   RO          192    .text               delay.o
    0x080037c8   0x00000150   Code   RO          212    .text               usart.o
    0x08003918   0x00000040   Code   RO          249    .text               startup_stm32f10x_hd.o
    0x08003958   0x000000e0   Code   RO          253    .text               misc.o
    0x08003a38   0x0000042e   Code   RO          265    .text               stm32f10x_adc.o
    0x08003e66   0x00000002   PAD
    0x08003e68   0x00000174   Code   RO          277    .text               stm32f10x_dac.o
    0x08003fdc   0x0000025c   Code   RO          289    .text               stm32f10x_dma.o
    0x08004238   0x000005cc   Code   RO          313    .text               stm32f10x_flash.o
    0x08004804   0x00000608   Code   RO          325    .text               stm32f10x_fsmc.o
    0x08004e0c   0x00000348   Code   RO          337    .text               stm32f10x_gpio.o
    0x08005154   0x00000390   Code   RO          349    .text               stm32f10x_rcc.o
    0x080054e4   0x00000d62   Code   RO          363    .text               stm32f10x_tim.o
    0x08006246   0x00000002   PAD
    0x08006248   0x00000408   Code   RO          375    .text               stm32f10x_usart.o
    0x08006650   0x00000002   Code   RO          389    .text               use_no_semi_2.o(c_w.l)
    0x08006652   0x00000006   Code   RO          391    .text               heapauxi.o(c_w.l)
    0x08006658   0x00000002   Code   RO          415    .text               use_no_semi.o(c_w.l)
    0x0800665a   0x0000004a   Code   RO          446    .text               sys_stackheap_outer.o(c_w.l)
    0x080066a4   0x0000000c   Code   RO          448    .text               exit.o(c_w.l)
    0x080066b0   0x00000008   Code   RO          459    .text               libspace.o(c_w.l)
    0x080066b8   0x000001b8   Code   RO          395    x$fpl$dadd          daddsub_clz.o(fz_ws.l)
    0x08006870   0x00000010   Code   RO          419    x$fpl$dcheck        dcheck.o(fz_ws.l)
    0x08006880   0x00000010   Code   RO          421    x$fpl$dcheck1       dcheck1.o(fz_ws.l)
    0x08006890   0x00000400   Code   RO          402    x$fpl$ddiv          ddiv.o(fz_ws.l)
    0x08006c90   0x00000074   Code   RO          405    x$fpl$dfixu         dfixu.o(fz_ws.l)
    0x08006d04   0x0000002c   Code   RO          410    x$fpl$dflt          dflt_clz.o(fz_ws.l)
    0x08006d30   0x0000000a   Code   RO          409    x$fpl$dfltu         dflt_clz.o(fz_ws.l)
    0x08006d3a   0x00000002   PAD
    0x08006d3c   0x000001c8   Code   RO          413    x$fpl$dmul          dmul.o(fz_ws.l)
    0x08006f04   0x00000016   Code   RO          396    x$fpl$drsb          daddsub_clz.o(fz_ws.l)
    0x08006f1a   0x00000002   PAD
    0x08006f1c   0x00000248   Code   RO          397    x$fpl$dsub          daddsub_clz.o(fz_ws.l)
    0x08007164   0x000000ec   Code   RO          423    x$fpl$dunder        dunder.o(fz_ws.l)
    0x08007250   0x00000064   Code   RO          444    x$fpl$retnan        retnan.o(fz_ws.l)
    0x080072b4   0x00000030   Code   RO          457    x$fpl$trapveneer    trapv.o(fz_ws.l)
    0x080072e4   0x00000000   Code   RO          425    x$fpl$usenofp       usenofp.o(fz_ws.l)
    0x080072e4   0x00000a64   Data   RO          147    .constdata          lcd.o
    0x08007d48   0x00000020   Data   RO          577    Region$$Table       anon$$obj.o


    Execution Region RW_IRAM1 (Base: 0x20000000, Size: 0x000091b8, Max: 0x00010000, ABSOLUTE)

    Base Addr    Size         Type   Attr      Idx    E Section Name        Object

    0x20000000   0x00000016   Data   RW            3    .data               main.o
    0x20000016   0x00000002   PAD
    0x20000018   0x00000014   Data   RW          115    .data               system_stm32f10x.o
    0x2000002c   0x00000001   Data   RW          133    .data               key.o
    0x2000002d   0x00000001   PAD
    0x2000002e   0x00000004   Data   RW          148    .data               lcd.o
    0x20000032   0x00000004   Data   RW          193    .data               delay.o
    0x20000036   0x00000002   PAD
    0x20000038   0x00000008   Data   RW          214    .data               usart.o
    0x20000040   0x00000014   Data   RW          350    .data               stm32f10x_rcc.o
    0x20000054   0x00008a2c   Zero   RW            2    .bss                main.o
    0x20008a80   0x0000000a   Zero   RW          146    .bss                lcd.o
    0x20008a8a   0x000000c8   Zero   RW          213    .bss                usart.o
    0x20008b52   0x00000002   PAD
    0x20008b54   0x00000060   Zero   RW          460    .bss                libspace.o(c_w.l)
    0x20008bb4   0x00000004   PAD
    0x20008bb8   0x00000200   Zero   RW          247    HEAP                startup_stm32f10x_hd.o
    0x20008db8   0x00000400   Zero   RW          246    STACK               startup_stm32f10x_hd.o


==============================================================================

Image component sizes


      Code (inc. data)   RO Data    RW Data    ZI Data      Debug   Object Name

         0          0          0          0          0         20   core_cm3.o
       180         10          0          0          0        687   dac_trianglewave.o
       192         12          0          4          0       1015   delay.o
       268          8          0          1          0        844   key.o
      9192        112       2660          4         10      16328   lcd.o
       120          6          0          0          0        519   led.o
      3384        254          0         22      35372     294993   main.o
       224         20          0          0          0       1793   misc.o
        64         26        304          0       1536        504   startup_stm32f10x_hd.o
      1070         28          0          0          0      10873   stm32f10x_adc.o
       372          8          0          0          0       3558   stm32f10x_dac.o
       604          8          0          0          0       4358   stm32f10x_dma.o
      1484         38          0          0          0       8154   stm32f10x_flash.o
      1544         20          0          0          0       5359   stm32f10x_fsmc.o
       840         38          0          0          0       5677   stm32f10x_gpio.o
        26          0          0          0          0       1194   stm32f10x_it.o
       912         32          0         20          0       8808   stm32f10x_rcc.o
      3426         84          0          0          0      22388   stm32f10x_tim.o
      1032         20          0          0          0       8432   stm32f10x_usart.o
       456         36          0         20          0       1783   system_stm32f10x.o
       336         16          0          8        200       3130   usart.o

    ----------------------------------------------------------------------
     25732        776       2996         84      37120     400417   Object Totals
         0          0         32          0          0          0   (incl. Generated)
         6          0          0          5          2          3   (incl. Padding)

    ----------------------------------------------------------------------

      Code (inc. data)   RO Data    RW Data    ZI Data      Debug   Library Member Name

         8          0          0          0          0         68   __main.o
        52          8          0          0          0          0   __scatter.o
        26          0          0          0          0          0   __scatter_copy.o
        28          0          0          0          0          0   __scatter_zi.o
      1046         28          0          0          0        320   daddsub_clz.o
        16          6          0          0          0         68   dcheck.o
        16          6          0          0          0         68   dcheck1.o
      1024        272          0          0          0        160   ddiv.o
       116          6          0          0          0         72   dfixu.o
        54          0          0          0          0        136   dflt_clz.o
       456         16          0          0          0        100   dmul.o
       236          0          0          0          0         92   dunder.o
        12          0          0          0          0         68   exit.o
         6          0          0          0          0        148   heapauxi.o
         6          0          0          0          0          0   libinit.o
         2          0          0          0          0          0   libinit2.o
         2          0          0          0          0          0   libshutdown.o
         2          0          0          0          0          0   libshutdown2.o
         8          4          0          0         96         68   libspace.o
       100          0          0          0          0         68   retnan.o
         0          0          0          0          0          0   rtentry.o
        12          0          0          0          0          0   rtentry2.o
         6          0          0          0          0          0   rtentry4.o
         0          0          0          0          0          0   rtexit.o
         8          0          0          0          0          0   rtexit2.o
        74          0          0          0          0         80   sys_stackheap_outer.o
        48          0          0          0          0         68   trapv.o
         2          0          0          0          0         68   use_no_semi.o
         2          0          0          0          0         68   use_no_semi_2.o
         0          0          0          0          0          0   usenofp.o

    ----------------------------------------------------------------------
      3376        346          0          0        100       1720   Library Totals
         8          0          0          0          4          0   (incl. Padding)

    ----------------------------------------------------------------------

      Code (inc. data)   RO Data    RW Data    ZI Data      Debug   Library Name

       256         12          0          0         96        568   c_w.l
      3112        334          0          0          0       1152   fz_ws.l

    ----------------------------------------------------------------------
      3376        346          0          0        100       1720   Library Totals

    ----------------------------------------------------------------------

==============================================================================


      Code (inc. data)   RO Data    RW Data    ZI Data      Debug   

     29108       1122       2996         84      37220     399140   Grand Totals
     29108       1122       2996         84      37220     399140   ELF Image Totals
     29108       1122       2996         84          0          0   ROM Totals

==============================================================================

    Total RO  Size (Code + RO Data)                32104 (  31.35kB)
    Total RW  Size (RW Data + ZI Data)             37304 (  36.43kB)
    Total ROM Size (Code + RO Data + RW Data)      32188 (  31.43kB)

==============================================================================

