ARM Linker, RVCT4.0 [Build 524] for uVision [Standard]

==============================================================================

Section Cross References

    main.o(.text) refers (Special) to _printf_i.o(.ARM.Collect$$_printf_percent$$00000008) for _printf_i
    main.o(.text) refers (Special) to _printf_dec.o(.text) for _printf_int_dec
    main.o(.text) refers (Special) to _printf_percent.o(.ARM.Collect$$_printf_percent$$00000000) for _printf_percent
    main.o(.text) refers to stm32f10x_adc.o(.text) for ADC_Init
    main.o(.text) refers to stm32f10x_dma.o(.text) for DMA_DeInit
    main.o(.text) refers to stm32f10x_tim.o(.text) for TIM_TimeBaseInit
    main.o(.text) refers to stm32f10x_gpio.o(.text) for GPIO_Init
    main.o(.text) refers to misc.o(.text) for NVIC_SetVectorTable
    main.o(.text) refers to stm32f10x_rcc.o(.text) for RCC_DeInit
    main.o(.text) refers to stm32f10x_flash.o(.text) for FLASH_PrefetchBufferCmd
    main.o(.text) refers to delay.o(.text) for delay_init
    main.o(.text) refers to usart.o(.text) for uart_init
    main.o(.text) refers to led.o(.text) for LED_Init
    main.o(.text) refers to key.o(.text) for KEY_Init
    main.o(.text) refers to lcd.o(.text) for LCD_Init
    main.o(.text) refers to dac_trianglewave.o(.text) for Dac_TriangleWave
    main.o(.text) refers to dflt_clz.o(x$fpl$dfltu) for __aeabi_ui2d
    main.o(.text) refers to dmul.o(x$fpl$dmul) for __aeabi_dmul
    main.o(.text) refers to ddiv.o(x$fpl$ddiv) for __aeabi_ddiv
    main.o(.text) refers to dfixu.o(x$fpl$dfixu) for __aeabi_d2uiz
    main.o(.text) refers to main.o(.bss) for DMA_InitStructure
    main.o(.text) refers to main.o(.data) for HSEStartUpStatus
    main.o(.text) refers to lcd.o(.data) for POINT_COLOR
    main.o(.text) refers to daddsub_clz.o(x$fpl$drsb) for __aeabi_drsub
    main.o(.text) refers to noretval__2printf.o(.text) for __2printf
    main.o(.bss) refers (Special) to _printf_i.o(.ARM.Collect$$_printf_percent$$00000008) for _printf_i
    main.o(.bss) refers (Special) to _printf_dec.o(.text) for _printf_int_dec
    main.o(.bss) refers (Special) to _printf_percent.o(.ARM.Collect$$_printf_percent$$00000000) for _printf_percent
    main.o(.data) refers (Special) to _printf_i.o(.ARM.Collect$$_printf_percent$$00000008) for _printf_i
    main.o(.data) refers (Special) to _printf_dec.o(.text) for _printf_int_dec
    main.o(.data) refers (Special) to _printf_percent.o(.ARM.Collect$$_printf_percent$$00000000) for _printf_percent
    system_stm32f10x.o(.text) refers to system_stm32f10x.o(.data) for SystemCoreClock
    led.o(.text) refers to stm32f10x_rcc.o(.text) for RCC_APB2PeriphClockCmd
    led.o(.text) refers to stm32f10x_gpio.o(.text) for GPIO_Init
    key.o(.text) refers to stm32f10x_rcc.o(.text) for RCC_APB2PeriphClockCmd
    key.o(.text) refers to stm32f10x_gpio.o(.text) for GPIO_Init
    key.o(.text) refers to delay.o(.text) for delay_ms
    key.o(.text) refers to key.o(.data) for .data
    lcd.o(.text) refers to delay.o(.text) for delay_us
    lcd.o(.text) refers to lcd.o(.bss) for lcddev
    lcd.o(.text) refers to stm32f10x_rcc.o(.text) for RCC_AHBPeriphClockCmd
    lcd.o(.text) refers to stm32f10x_gpio.o(.text) for GPIO_Init
    lcd.o(.text) refers to stm32f10x_fsmc.o(.text) for FSMC_NORSRAMInit
    lcd.o(.text) refers to lcd.o(.data) for POINT_COLOR
    lcd.o(.text) refers to lcd.o(.constdata) for asc2_1206
    dac_trianglewave.o(.text) refers to stm32f10x_rcc.o(.text) for RCC_APB2PeriphClockCmd
    dac_trianglewave.o(.text) refers to stm32f10x_gpio.o(.text) for GPIO_Init
    dac_trianglewave.o(.text) refers to stm32f10x_tim.o(.text) for TIM_TimeBaseInit
    dac_trianglewave.o(.text) refers to stm32f10x_dac.o(.text) for DAC_Init
    dac.o(.text) refers to stm32f10x_rcc.o(.text) for RCC_APB2PeriphClockCmd
    dac.o(.text) refers to stm32f10x_gpio.o(.text) for GPIO_Init
    dac.o(.text) refers to stm32f10x_dac.o(.text) for DAC_Init
    dac.o(.text) refers to fflt_clz.o(x$fpl$ffltu) for __aeabi_ui2f
    dac.o(.text) refers to fdiv.o(x$fpl$fdiv) for __aeabi_fdiv
    dac.o(.text) refers to fmul.o(x$fpl$fmul) for __aeabi_fmul
    dac.o(.text) refers to f2d.o(x$fpl$f2d) for __aeabi_f2d
    dac.o(.text) refers to ddiv.o(x$fpl$ddiv) for __aeabi_ddiv
    dac.o(.text) refers to d2f.o(x$fpl$d2f) for __aeabi_d2f
    dac.o(.text) refers to ffixu.o(x$fpl$ffixu) for __aeabi_f2uiz
    dac.o(.text) refers to stm32f10x_tim.o(.text) for TIM_TimeBaseInit
    dac.o(.text) refers to stm32f10x_dma.o(.text) for DMA_DeInit
    dac.o(.text) refers to main.o(.text) for RCC_Configuration
    dac.o(.text) refers to dac.o(.bss) for DualSine12bit
    dac.o(.text) refers to dac.o(.constdata) for Sine12bit
    delay.o(.text) refers to misc.o(.text) for SysTick_CLKSourceConfig
    delay.o(.text) refers to system_stm32f10x.o(.data) for SystemCoreClock
    delay.o(.text) refers to delay.o(.data) for .data
    usart.o(.text) refers (Special) to use_no_semi_2.o(.text) for __use_no_semihosting
[...]
    ../../fdiv.s                             0x00000000   Number         0  fdiv.o ABSOLUTE
    ../../ffixu.s                            0x00000000   Number         0  ffixu.o ABSOLUTE
    ../../fflt.s                             0x00000000   Number         0  fflt_clz.o ABSOLUTE
    ../../fmul.s                             0x00000000   Number         0  fmul.o ABSOLUTE
    ../../fnorm2.s                           0x00000000   Number         0  fnorm2_clz.o ABSOLUTE
    ../../fpinit.s                           0x00000000   Number         0  fpinit.o ABSOLUTE
    ../../funder.s                           0x00000000   Number         0  funder.o ABSOLUTE
    ../../heapalloc.c                        0x00000000   Number         0  hrguard.o ABSOLUTE
    ../../heapaux.c                          0x00000000   Number         0  heapauxi.o ABSOLUTE
    ../../libinit.s                          0x00000000   Number         0  libinit.o ABSOLUTE
    ../../libinit.s                          0x00000000   Number         0  libshutdown2.o ABSOLUTE
    ../../libinit.s                          0x00000000   Number         0  libinit2.o ABSOLUTE
    ../../libinit.s                          0x00000000   Number         0  libshutdown.o ABSOLUTE
    ../../printf.c                           0x00000000   Number         0  __printf_flags_ss_wp.o ABSOLUTE
    ../../printf.c                           0x00000000   Number         0  __2printf.o ABSOLUTE
    ../../printf.c                           0x00000000   Number         0  __printf_nopercent.o ABSOLUTE
    ../../printf.c                           0x00000000   Number         0  __printf.o ABSOLUTE
    ../../printf.c                           0x00000000   Number         0  _printf_char_common.o ABSOLUTE
    ../../printf.c                           0x00000000   Number         0  _printf_dec.o ABSOLUTE
    ../../printf.c                           0x00000000   Number         0  __printf_ss_wp.o ABSOLUTE
    ../../printf.c                           0x00000000   Number         0  _printf_intcommon.o ABSOLUTE
    ../../printf.c                           0x00000000   Number         0  __printf_flags.o ABSOLUTE
    ../../printf.c                           0x00000000   Number         0  __printf_ss.o ABSOLUTE
    ../../printf.c                           0x00000000   Number         0  __printf_flags_ss.o ABSOLUTE
    ../../printf.c                           0x00000000   Number         0  __printf_wp.o ABSOLUTE
    ../../printf.c                           0x00000000   Number         0  __printf_flags_wp.o ABSOLUTE
    ../../printf.c                           0x00000000   Number         0  noretval__2printf.o ABSOLUTE
    ../../printf_percent.s                   0x00000000   Number         0  _printf_percent.o ABSOLUTE
    ../../printf_percent.s                   0x00000000   Number         0  _printf_i.o ABSOLUTE
    ../../printf_percent.s                   0x00000000   Number         0  _printf_percent_end.o ABSOLUTE
    ../../retnan.s                           0x00000000   Number         0  retnan.o ABSOLUTE
    ../../signal.c                           0x00000000   Number         0  defsig_rtmem_formal.o ABSOLUTE
    ../../signal.c                           0x00000000   Number         0  defsig_rtmem_outer.o ABSOLUTE
    ../../signal.c                           0x00000000   Number         0  defsig_fpe_inner.o ABSOLUTE
    ../../signal.c                           0x00000000   Number         0  defsig_other.o ABSOLUTE
    ../../signal.c                           0x00000000   Number         0  defsig_segv_inner.o ABSOLUTE
    ../../signal.c                           0x00000000   Number         0  defsig_cppl_inner.o ABSOLUTE
    ../../signal.c                           0x00000000   Number         0  defsig_pvfn_inner.o ABSOLUTE
    ../../signal.c                           0x00000000   Number         0  defsig_stak_inner.o ABSOLUTE
    ../../signal.c                           0x00000000   Number         0  defsig_rtred_inner.o ABSOLUTE
    ../../signal.c                           0x00000000   Number         0  defsig_abrt_inner.o ABSOLUTE
    ../../signal.c                           0x00000000   Number         0  defsig_general.o ABSOLUTE
    ../../signal.c                           0x00000000   Number         0  __raise.o ABSOLUTE
    ../../signal.c                           0x00000000   Number         0  defsig_rtmem_inner.o ABSOLUTE
    ../../signal.c                           0x00000000   Number         0  defsig_exit.o ABSOLUTE
    ../../signal.s                           0x00000000   Number         0  defsig.o ABSOLUTE
    ../../stdio.c                            0x00000000   Number         0  ferror_locked.o ABSOLUTE
    ../../stdio.c                            0x00000000   Number         0  ferror.o ABSOLUTE
    ../../stdlib.c                           0x00000000   Number         0  exit.o ABSOLUTE
    ../../trapv.s                            0x00000000   Number         0  trapv.o ABSOLUTE
    ../../usenofp.s                          0x00000000   Number         0  usenofp.o ABSOLUTE
    ..\CORE\core_cm3.c                       0x00000000   Number         0  core_cm3.o ABSOLUTE
    ..\CORE\startup_stm32f10x_hd.s           0x00000000   Number         0  startup_stm32f10x_hd.o ABSOLUTE
    ..\HARDWARE\DAC\dac.c                    0x00000000   Number         0  dac.o ABSOLUTE
    ..\HARDWARE\DAC\dac_TriangleWave.c       0x00000000   Number         0  dac_trianglewave.o ABSOLUTE
    ..\HARDWARE\KEY\key.c                    0x00000000   Number         0  key.o ABSOLUTE
    ..\HARDWARE\LCD\lcd.c                    0x00000000   Number         0  lcd.o ABSOLUTE
    ..\HARDWARE\LED\led.c                    0x00000000   Number         0  led.o ABSOLUTE
    ..\STM32F10x_FWLib\src\misc.c            0x00000000   Number         0  misc.o ABSOLUTE
    ..\STM32F10x_FWLib\src\stm32f10x_adc.c   0x00000000   Number         0  stm32f10x_adc.o ABSOLUTE
    ..\STM32F10x_FWLib\src\stm32f10x_dac.c   0x00000000   Number         0  stm32f10x_dac.o ABSOLUTE
    ..\STM32F10x_FWLib\src\stm32f10x_dma.c   0x00000000   Number         0  stm32f10x_dma.o ABSOLUTE
    ..\STM32F10x_FWLib\src\stm32f10x_exti.c  0x00000000   Number         0  stm32f10x_exti.o ABSOLUTE
    ..\STM32F10x_FWLib\src\stm32f10x_flash.c 0x00000000   Number         0  stm32f10x_flash.o ABSOLUTE
    ..\STM32F10x_FWLib\src\stm32f10x_fsmc.c  0x00000000   Number         0  stm32f10x_fsmc.o ABSOLUTE
    ..\STM32F10x_FWLib\src\stm32f10x_gpio.c  0x00000000   Number         0  stm32f10x_gpio.o ABSOLUTE
    ..\STM32F10x_FWLib\src\stm32f10x_rcc.c   0x00000000   Number         0  stm32f10x_rcc.o ABSOLUTE
    ..\STM32F10x_FWLib\src\stm32f10x_tim.c   0x00000000   Number         0  stm32f10x_tim.o ABSOLUTE
    ..\STM32F10x_FWLib\src\stm32f10x_usart.c 0x00000000   Number         0  stm32f10x_usart.o ABSOLUTE
    ..\SYSTEM\delay\delay.c                  0x00000000   Number         0  delay.o ABSOLUTE
    ..\SYSTEM\sys\sys.c                      0x00000000   Number         0  sys.o ABSOLUTE
    ..\SYSTEM\usart\usart.c                  0x00000000   Number         0  usart.o ABSOLUTE
    ..\USER\main.c                           0x00000000   Number         0  main.o ABSOLUTE
    ..\USER\stm32f10x_it.c                   0x00000000   Number         0  stm32f10x_it.o ABSOLUTE
    ..\USER\system_stm32f10x.c               0x00000000   Number         0  system_stm32f10x.o ABSOLUTE
    ..\\CORE\\core_cm3.c                     0x00000000   Number         0  core_cm3.o ABSOLUTE
    dc.s                                     0x00000000   Number         0  dc.o ABSOLUTE
    RESET                                    0x08000000   Section      304  startup_stm32f10x_hd.o(RESET)
    !!!main                                  0x08000130   Section        8  __main.o(!!!main)
    !!!scatter                               0x08000138   Section       52  __scatter.o(!!!scatter)
    !!handler_copy                           0x0800016c   Section       26  __scatter_copy.o(!!handler_copy)
    !!handler_zi                             0x08000188   Section       28  __scatter_zi.o(!!handler_zi)
    .ARM.Collect$$_printf_percent$$00000000  0x080001a4   Section        0  _printf_percent.o(.ARM.Collect$$_printf_percent$$00000000)
    .ARM.Collect$$_printf_percent$$00000008  0x080001a4   Section        6  _printf_i.o(.ARM.Collect$$_printf_percent$$00000008)
    .ARM.Collect$$_printf_percent$$00000017  0x080001aa   Section        4  _printf_percent_end.o(.ARM.Collect$$_printf_percent$$00000017)
    .ARM.Collect$$libinit$$00000000          0x080001ae   Section        6  libinit.o(.ARM.Collect$$libinit$$00000000)
    .ARM.Collect$$libinit$$00000006          0x080001b4   Section        0  libinit2.o(.ARM.Collect$$libinit$$00000006)
    .ARM.Collect$$libinit$$00000008          0x080001b4   Section        0  libinit2.o(.ARM.Collect$$libinit$$00000008)
    .ARM.Collect$$libinit$$0000000A          0x080001b4   Section        0  libinit2.o(.ARM.Collect$$libinit$$0000000A)
    .ARM.Collect$$libinit$$0000000D          0x080001b4   Section        0  libinit2.o(.ARM.Collect$$libinit$$0000000D)
    .ARM.Collect$$libinit$$0000000F          0x080001b4   Section        0  libinit2.o(.ARM.Collect$$libinit$$0000000F)
    .ARM.Collect$$libinit$$00000011          0x080001b4   Section        0  libinit2.o(.ARM.Collect$$libinit$$00000011)
    .ARM.Collect$$libinit$$00000013          0x080001b4   Section        0  libinit2.o(.ARM.Collect$$libinit$$00000013)
    .ARM.Collect$$libinit$$00000015          0x080001b4   Section        0  libinit2.o(.ARM.Collect$$libinit$$00000015)
    .ARM.Collect$$libinit$$00000017          0x080001b4   Section        0  libinit2.o(.ARM.Collect$$libinit$$00000017)
    .ARM.Collect$$libinit$$00000019          0x080001b4   Section        0  libinit2.o(.ARM.Collect$$libinit$$00000019)
    .ARM.Collect$$libinit$$0000001B          0x080001b4   Section        0  libinit2.o(.ARM.Collect$$libinit$$0000001B)
    .ARM.Collect$$libinit$$0000001D          0x080001b4   Section        0  libinit2.o(.ARM.Collect$$libinit$$0000001D)
    .ARM.Collect$$libinit$$0000001F          0x080001b4   Section        0  libinit2.o(.ARM.Collect$$libinit$$0000001F)
    .ARM.Collect$$libinit$$00000021          0x080001b4   Section        0  libinit2.o(.ARM.Collect$$libinit$$00000021)
    .ARM.Collect$$libinit$$00000028          0x080001b4   Section        0  libinit2.o(.ARM.Collect$$libinit$$00000028)
    .ARM.Collect$$libinit$$0000002A          0x080001b4   Section        0  libinit2.o(.ARM.Collect$$libinit$$0000002A)
    .ARM.Collect$$libinit$$0000002C          0x080001b4   Section        0  libinit2.o(.ARM.Collect$$libinit$$0000002C)
    .ARM.Collect$$libinit$$0000002E          0x080001b4   Section        0  libinit2.o(.ARM.Collect$$libinit$$0000002E)
    .ARM.Collect$$libinit$$0000002F          0x080001b4   Section        2  libinit2.o(.ARM.Collect$$libinit$$0000002F)
    .ARM.Collect$$libshutdown$$00000000      0x080001b6   Section        2  libshutdown.o(.ARM.Collect$$libshutdown$$00000000)
    .ARM.Collect$$libshutdown$$00000003      0x080001b8   Section        0  libshutdown2.o(.ARM.Collect$$libshutdown$$00000003)
    .ARM.Collect$$libshutdown$$00000006      0x080001b8   Section        0  libshutdown2.o(.ARM.Collect$$libshutdown$$00000006)
    .ARM.Collect$$libshutdown$$00000009      0x080001b8   Section        0  libshutdown2.o(.ARM.Collect$$libshutdown$$00000009)
    .ARM.Collect$$libshutdown$$0000000B      0x080001b8   Section        0  libshutdown2.o(.ARM.Collect$$libshutdown$$0000000B)
    .ARM.Collect$$libshutdown$$0000000E      0x080001b8   Section        0  libshutdown2.o(.ARM.Collect$$libshutdown$$0000000E)
    .ARM.Collect$$libshutdown$$0000000F      0x080001b8   Section        2  libshutdown2.o(.ARM.Collect$$libshutdown$$0000000F)
    .ARM.Collect$$rtentry$$00000000          0x080001ba   Section        0  rtentry.o(.ARM.Collect$$rtentry$$00000000)
    .ARM.Collect$$rtentry$$00000002          0x080001ba   Section        0  rtentry2.o(.ARM.Collect$$rtentry$$00000002)
    .ARM.Collect$$rtentry$$00000004          0x080001ba   Section        6  rtentry4.o(.ARM.Collect$$rtentry$$00000004)
    .ARM.Collect$$rtentry$$00000009          0x080001c0   Section        0  rtentry2.o(.ARM.Collect$$rtentry$$00000009)
    .ARM.Collect$$rtentry$$0000000A          0x080001c0   Section        4  rtentry2.o(.ARM.Collect$$rtentry$$0000000A)
    .ARM.Collect$$rtentry$$0000000C          0x080001c4   Section        0  rtentry2.o(.ARM.Collect$$rtentry$$0000000C)
    .ARM.Collect$$rtentry$$0000000D          0x080001c4   Section        8  rtentry2.o(.ARM.Collect$$rtentry$$0000000D)
    .ARM.Collect$$rtexit$$00000000           0x080001cc   Section        0  rtexit.o(.ARM.Collect$$rtexit$$00000000)
    .ARM.Collect$$rtexit$$00000002           0x080001cc   Section        0  rtexit2.o(.ARM.Collect$$rtexit$$00000002)
    .ARM.Collect$$rtexit$$00000003           0x080001cc   Section        4  rtexit2.o(.ARM.Collect$$rtexit$$00000003)
    .ARM.Collect$$rtexit$$00000004           0x080001d0   Section        4  rtexit2.o(.ARM.Collect$$rtexit$$00000004)
    .text                                    0x080001d4   Section     3432  main.o(.text)
    .text                                    0x08000f3c   Section       26  stm32f10x_it.o(.text)
    .text                                    0x08000f58   Section      456  system_stm32f10x.o(.text)
    SetSysClockTo72                          0x08000f59   Thumb Code   192  system_stm32f10x.o(.text)
    SetSysClock                              0x08001019   Thumb Code     8  system_stm32f10x.o(.text)
    .text                                    0x08001120   Section       84  led.o(.text)
    .text                                    0x08001174   Section      268  key.o(.text)
    .text                                    0x08001280   Section     9192  lcd.o(.text)
    .text                                    0x08003668   Section      180  dac_trianglewave.o(.text)
    .text                                    0x0800371c   Section      192  delay.o(.text)
    .text                                    0x080037dc   Section      336  usart.o(.text)
    .text                                    0x0800392c   Section       64  startup_stm32f10x_hd.o(.text)
    .text                                    0x0800396c   Section      224  misc.o(.text)
    .text                                    0x08003a4c   Section     1070  stm32f10x_adc.o(.text)
    .text                                    0x08003e7c   Section      604  stm32f10x_dma.o(.text)
    .text                                    0x080040d8   Section     1484  stm32f10x_flash.o(.text)
    .text                                    0x080046a4   Section     1544  stm32f10x_fsmc.o(.text)
    .text                                    0x08004cac   Section      840  stm32f10x_gpio.o(.text)
    .text                                    0x08004ff4   Section      912  stm32f10x_rcc.o(.text)
    .text                                    0x08005384   Section     3426  stm32f10x_tim.o(.text)
    TI4_Config                               0x0800580d   Thumb Code   114  stm32f10x_tim.o(.text)
    TI3_Config                               0x08005891   Thumb Code   110  stm32f10x_tim.o(.text)
    TI2_Config                               0x08005915   Thumb Code   114  stm32f10x_tim.o(.text)
    TI1_Config                               0x08005999   Thumb Code   102  stm32f10x_tim.o(.text)
    .text                                    0x080060e8   Section     1032  stm32f10x_usart.o(.text)
    .text                                    0x080064f0   Section      372  stm32f10x_dac.o(.text)
    .text                                    0x08006664   Section        2  use_no_semi_2.o(.text)
    .text                                    0x08006668   Section       32  noretval__2printf.o(.text)
    .text                                    0x08006688   Section      110  __printf.o(.text)
    .text                                    0x080066f8   Section      112  _printf_dec.o(.text)
    .text                                    0x08006768   Section        6  heapauxi.o(.text)
    .text                                    0x0800676e   Section        2  use_no_semi.o(.text)
    .text                                    0x08006770   Section      174  _printf_intcommon.o(.text)
    .text                                    0x08006820   Section       48  _printf_char_common.o(.text)
    _printf_input_char                       0x08006821   Thumb Code    10  _printf_char_common.o(.text)
    .text                                    0x08006850   Section       16  rtudiv10.o(.text)
    .text                                    0x08006860   Section       74  sys_stackheap_outer.o(.text)
    .text                                    0x080068aa   Section       12  exit.o(.text)
    .text                                    0x080068b8   Section        8  libspace.o(.text)
    x$fpl$dadd                               0x080068c0   Section      440  daddsub_clz.o(x$fpl$dadd)
    _dadd1                                   0x080068d1   Thumb Code     0  daddsub_clz.o(x$fpl$dadd)
    x$fpl$dcheck                             0x08006a78   Section       16  dcheck.o(x$fpl$dcheck)
    x$fpl$dcheck1                            0x08006a88   Section       16  dcheck1.o(x$fpl$dcheck1)
    x$fpl$ddiv                               0x08006a98   Section     1024  ddiv.o(x$fpl$ddiv)
    ddiv_entry                               0x08006a9b   Thumb Code     0  ddiv.o(x$fpl$ddiv)
    x$fpl$dfixu                              0x08006e98   Section      116  dfixu.o(x$fpl$dfixu)
    x$fpl$dflt                               0x08006f0c   Section       44  dflt_clz.o(x$fpl$dflt)
    x$fpl$dfltu                              0x08006f38   Section       10  dflt_clz.o(x$fpl$dfltu)
    x$fpl$dmul                               0x08006f44   Section      456  dmul.o(x$fpl$dmul)
    x$fpl$drsb                               0x0800710c   Section       22  daddsub_clz.o(x$fpl$drsb)
    x$fpl$dsub                               0x08007124   Section      584  daddsub_clz.o(x$fpl$dsub)
    _dsub1                                   0x08007135   Thumb Code     0  daddsub_clz.o(x$fpl$dsub)
    x$fpl$dunder                             0x0800736c   Section      236  dunder.o(x$fpl$dunder)
    x$fpl$retnan                             0x08007458   Section      100  retnan.o(x$fpl$retnan)
    x$fpl$trapveneer                         0x080074bc   Section       48  trapv.o(x$fpl$trapveneer)
    .constdata                               0x080074ec   Section     2660  lcd.o(.constdata)
    x$fpl$usenofp                            0x080074ec   Section        0  usenofp.o(x$fpl$usenofp)
    .data                                    0x20000000   Section       26  main.o(.data)
    .data                                    0x2000001c   Section       20  system_stm32f10x.o(.data)
    .data                                    0x20000030   Section        1  key.o(.data)
    key_up                                   0x20000030   Data           1  key.o(.data)
    .data                                    0x20000032   Section        4  lcd.o(.data)
    .data                                    0x20000036   Section        4  delay.o(.data)
    fac_us                                   0x20000036   Data           1  delay.o(.data)
    fac_ms                                   0x20000038   Data           2  delay.o(.data)
    .data                                    0x2000003c   Section        8  usart.o(.data)
    .data                                    0x20000044   Section       20  stm32f10x_rcc.o(.data)
    APBAHBPrescTable                         0x20000044   Data          16  stm32f10x_rcc.o(.data)
    ADCPrescTable                            0x20000054   Data           4  stm32f10x_rcc.o(.data)
    .bss                                     0x20000058   Section    18988  main.o(.bss)
    .bss                                     0x20004a84   Section       10  lcd.o(.bss)
    .bss                                     0x20004a8e   Section      200  usart.o(.bss)
    .bss                                     0x20004b58   Section       96  libspace.o(.bss)
    HEAP                                     0x20004bb8   Section      512  startup_stm32f10x_hd.o(HEAP)
    Heap_Mem                                 0x20004bb8   Data         512  startup_stm32f10x_hd.o(HEAP)
    STACK                                    0x20004db8   Section     1024  startup_stm32f10x_hd.o(STACK)
    Stack_Mem                                0x20004db8   Data        1024  startup_stm32f10x_hd.o(STACK)
    __initial_sp                             0x200051b8   Data           0  startup_stm32f10x_hd.o(STACK)

    Global Symbols

    Symbol Name                              Value     Ov Type        Size  Object(Section)

    BuildAttributes$$THM_ISAv4$P$D$K$B$S$PE$A:L22UL41UL21$X:L11$S22US41US21$IEEE1$IW$USESV6$~STKCKD$USESV7$~SHL$OSPACE$ROPI$EBA8$UX$STANDARDLIB$REQ8$PRES8$EABIv2 0x00000000   Number         0  anon$$obj.o ABSOLUTE
    __ARM_use_no_argv                        0x00000000   Number         0  main.o ABSOLUTE
    __ARM_exceptions_init                     - Undefined Weak Reference
    __alloca_initialize                       - Undefined Weak Reference
    __cpp_initialize__aeabi_                  - Undefined Weak Reference
    __cxa_finalize                            - Undefined Weak Reference
    __fpl_infinity                            - Undefined Weak Reference
    __rt_locale                               - Undefined Weak Reference
    __sigvec_lookup                           - Undefined Weak Reference
    _atexit_init                              - Undefined Weak Reference
    _call_atexit_fns                          - Undefined Weak Reference
    _clock_init                               - Undefined Weak Reference
    _fp_trap_init                             - Undefined Weak Reference
    _fp_trap_shutdown                         - Undefined Weak Reference
    _get_lc_collate                           - Undefined Weak Reference
    _get_lc_ctype                             - Undefined Weak Reference
    _get_lc_monetary                          - Undefined Weak Reference
    _get_lc_numeric                           - Undefined Weak Reference
    _get_lc_time                              - Undefined Weak Reference
    _getenv_init                              - Undefined Weak Reference
    _handle_redirection                       - Undefined Weak Reference
    _init_alloc                               - Undefined Weak Reference
    _init_user_alloc                          - Undefined Weak Reference
    _initio                                   - Undefined Weak Reference
    _mutex_acquire                            - Undefined Weak Reference
    _mutex_release                            - Undefined Weak Reference
    _printf_post_padding                      - Undefined Weak Reference
    _printf_pre_padding                       - Undefined Weak Reference
    _printf_truncate_signed                   - Undefined Weak Reference
    _printf_truncate_unsigned                 - Undefined Weak Reference
    _rand_init                                - Undefined Weak Reference
    _signal_finish                            - Undefined Weak Reference
    _signal_init                              - Undefined Weak Reference
    _terminate_alloc                          - Undefined Weak Reference
    _terminate_user_alloc                     - Undefined Weak Reference
    _terminateio                              - Undefined Weak Reference
    __Vectors_Size                           0x00000130   Number         0  startup_stm32f10x_hd.o ABSOLUTE
    __Vectors                                0x08000000   Data           4  startup_stm32f10x_hd.o(RESET)
    __Vectors_End                            0x08000130   Data           0  startup_stm32f10x_hd.o(RESET)
    __main                                   0x08000131   Thumb Code     8  __main.o(!!!main)
    __scatterload                            0x08000139   Thumb Code     0  __scatter.o(!!!scatter)
    __scatterload_rt2                        0x08000139   Thumb Code    44  __scatter.o(!!!scatter)
    __scatterload_rt2_thumb_only             0x08000139   Thumb Code     0  __scatter.o(!!!scatter)
    __scatterload_null                       0x08000147   Thumb Code     0  __scatter.o(!!!scatter)
    __scatterload_copy                       0x0800016d   Thumb Code    26  __scatter_copy.o(!!handler_copy)
    __scatterload_zeroinit                   0x08000189   Thumb Code    28  __scatter_zi.o(!!handler_zi)
    _printf_i                                0x080001a5   Thumb Code     0  _printf_i.o(.ARM.Collect$$_printf_percent$$00000008)
    _printf_percent                          0x080001a5   Thumb Code     0  _printf_percent.o(.ARM.Collect$$_printf_percent$$00000000)
    _printf_percent_end                      0x080001ab   Thumb Code     0  _printf_percent_end.o(.ARM.Collect$$_printf_percent$$00000017)
    __rt_lib_init                            0x080001af   Thumb Code     0  libinit.o(.ARM.Collect$$libinit$$00000000)
    __rt_lib_init_alloca_1                   0x080001b5   Thumb Code     0  libinit2.o(.ARM.Collect$$libinit$$0000002A)
    __rt_lib_init_argv_1                     0x080001b5   Thumb Code     0  libinit2.o(.ARM.Collect$$libinit$$00000028)
    __rt_lib_init_atexit_1                   0x080001b5   Thumb Code     0  libinit2.o(.ARM.Collect$$libinit$$00000017)
    __rt_lib_init_clock_1                    0x080001b5   Thumb Code     0  libinit2.o(.ARM.Collect$$libinit$$0000001D)
    __rt_lib_init_cpp_1                      0x080001b5   Thumb Code     0  libinit2.o(.ARM.Collect$$libinit$$0000002E)
    __rt_lib_init_exceptions_1               0x080001b5   Thumb Code     0  libinit2.o(.ARM.Collect$$libinit$$0000002C)
    __rt_lib_init_fp_trap_1                  0x080001b5   Thumb Code     0  libinit2.o(.ARM.Collect$$libinit$$0000001B)
    __rt_lib_init_getenv_1                   0x080001b5   Thumb Code     0  libinit2.o(.ARM.Collect$$libinit$$0000001F)
    __rt_lib_init_heap_1                     0x080001b5   Thumb Code     0  libinit2.o(.ARM.Collect$$libinit$$00000006)
    __rt_lib_init_lc_collate_1               0x080001b5   Thumb Code     0  libinit2.o(.ARM.Collect$$libinit$$0000000D)
    __rt_lib_init_lc_ctype_1                 0x080001b5   Thumb Code     0  libinit2.o(.ARM.Collect$$libinit$$0000000F)
    __rt_lib_init_lc_monetary_1              0x080001b5   Thumb Code     0  libinit2.o(.ARM.Collect$$libinit$$00000011)
    __rt_lib_init_lc_numeric_1               0x080001b5   Thumb Code     0  libinit2.o(.ARM.Collect$$libinit$$00000013)
    __rt_lib_init_lc_time_1                  0x080001b5   Thumb Code     0  libinit2.o(.ARM.Collect$$libinit$$00000015)
    __rt_lib_init_rand_1                     0x080001b5   Thumb Code     0  libinit2.o(.ARM.Collect$$libinit$$0000000A)
    __rt_lib_init_return                     0x080001b5   Thumb Code     0  libinit2.o(.ARM.Collect$$libinit$$0000002F)
    __rt_lib_init_signal_1                   0x080001b5   Thumb Code     0  libinit2.o(.ARM.Collect$$libinit$$00000019)
    __rt_lib_init_stdio_1                    0x080001b5   Thumb Code     0  libinit2.o(.ARM.Collect$$libinit$$00000021)
    __rt_lib_init_user_alloc_1               0x080001b5   Thumb Code     0  libinit2.o(.ARM.Collect$$libinit$$00000008)
    __rt_lib_shutdown                        0x080001b7   Thumb Code     0  libshutdown.o(.ARM.Collect$$libshutdown$$00000000)
    __rt_lib_shutdown_fp_trap_1              0x080001b9   Thumb Code     0  libshutdown2.o(.ARM.Collect$$libshutdown$$00000006)
    __rt_lib_shutdown_heap_1                 0x080001b9   Thumb Code     0  libshutdown2.o(.ARM.Collect$$libshutdown$$0000000E)
    __rt_lib_shutdown_return                 0x080001b9   Thumb Code     0  libshutdown2.o(.ARM.Collect$$libshutdown$$0000000F)
    __rt_lib_shutdown_signal_1               0x080001b9   Thumb Code     0  libshutdown2.o(.ARM.Collect$$libshutdown$$00000009)
    __rt_lib_shutdown_stdio_1                0x080001b9   Thumb Code     0  libshutdown2.o(.ARM.Collect$$libshutdown$$00000003)
    __rt_lib_shutdown_user_alloc_1           0x080001b9   Thumb Code     0  libshutdown2.o(.ARM.Collect$$libshutdown$$0000000B)
    __rt_entry                               0x080001bb   Thumb Code     0  rtentry.o(.ARM.Collect$$rtentry$$00000000)
    __rt_entry_presh_1                       0x080001bb   Thumb Code     0  rtentry2.o(.ARM.Collect$$rtentry$$00000002)
    __rt_entry_sh                            0x080001bb   Thumb Code     0  rtentry4.o(.ARM.Collect$$rtentry$$00000004)
    __rt_entry_li                            0x080001c1   Thumb Code     0  rtentry2.o(.ARM.Collect$$rtentry$$0000000A)
    __rt_entry_postsh_1                      0x080001c1   Thumb Code     0  rtentry2.o(.ARM.Collect$$rtentry$$00000009)
    __rt_entry_main                          0x080001c5   Thumb Code     0  rtentry2.o(.ARM.Collect$$rtentry$$0000000D)
    __rt_entry_postli_1                      0x080001c5   Thumb Code     0  rtentry2.o(.ARM.Collect$$rtentry$$0000000C)
    __rt_exit                                0x080001cd   Thumb Code     0  rtexit.o(.ARM.Collect$$rtexit$$00000000)
    __rt_exit_ls                             0x080001cd   Thumb Code     0  rtexit2.o(.ARM.Collect$$rtexit$$00000003)
    __rt_exit_prels_1                        0x080001cd   Thumb Code     0  rtexit2.o(.ARM.Collect$$rtexit$$00000002)
    __rt_exit_exit                           0x080001d1   Thumb Code     0  rtexit2.o(.ARM.Collect$$rtexit$$00000004)
    ADC_Configuration                        0x080001d5   Thumb Code   120  main.o(.text)
    DMA_Configuration                        0x0800024d   Thumb Code    86  main.o(.text)
    Time_Configuration                       0x080002a3   Thumb Code    72  main.o(.text)
    GPIO_Configuration                       0x080002eb   Thumb Code    24  main.o(.text)
    NVIC_Configuration                       0x08000303   Thumb Code   108  main.o(.text)
    RCC_Configuration                        0x0800036f   Thumb Code   136  main.o(.text)
    main                                     0x080003f7   Thumb Code   184  main.o(.text)
    ADC_Restart                              0x080004af   Thumb Code    78  main.o(.text)
    DMA1_Channel1_IRQHandler                 0x080004fd   Thumb Code    42  main.o(.text)
    TIM3_IRQHandler                          0x08000527   Thumb Code  2482  main.o(.text)
    NMI_Handler                              0x08000f3d   Thumb Code     2  stm32f10x_it.o(.text)
    HardFault_Handler                        0x08000f3f   Thumb Code     4  stm32f10x_it.o(.text)
    MemManage_Handler                        0x08000f43   Thumb Code     4  stm32f10x_it.o(.text)
    BusFault_Handler                         0x08000f47   Thumb Code     4  stm32f10x_it.o(.text)
    UsageFault_Handler                       0x08000f4b   Thumb Code     4  stm32f10x_it.o(.text)
    SVC_Handler                              0x08000f4f   Thumb Code     2  stm32f10x_it.o(.text)
    DebugMon_Handler                         0x08000f51   Thumb Code     2  stm32f10x_it.o(.text)
    PendSV_Handler                           0x08000f53   Thumb Code     2  stm32f10x_it.o(.text)
    SysTick_Handler                          0x08000f55   Thumb Code     2  stm32f10x_it.o(.text)
    SystemInit                               0x08001021   Thumb Code    78  system_stm32f10x.o(.text)
    SystemCoreClockUpdate                    0x0800106f   Thumb Code   142  system_stm32f10x.o(.text)
    LED_Init                                 0x08001121   Thumb Code    80  led.o(.text)
    KEY_Init                                 0x08001175   Thumb Code    76  key.o(.text)
    KEY_Scan                                 0x080011c1   Thumb Code   184  key.o(.text)
    LCD_WR_REG                               0x08001281   Thumb Code     6  lcd.o(.text)
    LCD_WR_DATA                              0x08001287   Thumb Code     8  lcd.o(.text)
    LCD_RD_DATA                              0x0800128f   Thumb Code     8  lcd.o(.text)
    LCD_WriteReg                             0x08001297   Thumb Code    14  lcd.o(.text)
    LCD_ReadReg                              0x080012a5   Thumb Code    22  lcd.o(.text)
    LCD_WriteRAM_Prepare                     0x080012bb   Thumb Code    10  lcd.o(.text)
    LCD_WriteRAM                             0x080012c5   Thumb Code     8  lcd.o(.text)
    LCD_BGR2RGB                              0x080012cd   Thumb Code    26  lcd.o(.text)
    opt_delay                                0x080012e7   Thumb Code    14  lcd.o(.text)
    LCD_SetCursor                            0x080012f5   Thumb Code   112  lcd.o(.text)
    LCD_ReadPoint                            0x08001365   Thumb Code   272  lcd.o(.text)
    LCD_DisplayOn                            0x08001475   Thumb Code    46  lcd.o(.text)
    LCD_DisplayOff                           0x080014a3   Thumb Code    44  lcd.o(.text)
    LCD_Scan_Dir                             0x080014cf   Thumb Code   464  lcd.o(.text)
    LCD_DrawPoint                            0x0800169f   Thumb Code    28  lcd.o(.text)
    LCD_Fast_DrawPoint                       0x080016bb   Thumb Code   132  lcd.o(.text)
    LCD_Display_Dir                          0x0800173f   Thumb Code   238  lcd.o(.text)
    LCD_Clear                                0x0800182d   Thumb Code    42  lcd.o(.text)
    LCD_Init                                 0x08001857   Thumb Code  6216  lcd.o(.text)
    LCD_Fill                                 0x0800309f   Thumb Code    84  lcd.o(.text)
    LCD_Color_Fill                           0x080030f3   Thumb Code   102  lcd.o(.text)
    LCD_DrawLine                             0x08003159   Thumb Code   200  lcd.o(.text)
    LCD_DrawRectangle                        0x08003221   Thumb Code    60  lcd.o(.text)
    Draw_Circle                              0x0800325d   Thumb Code   184  lcd.o(.text)
    LCD_ShowChar                             0x08003315   Thumb Code   346  lcd.o(.text)
    LCD_Pow                                  0x0800346f   Thumb Code    22  lcd.o(.text)
    LCD_ShowNum                              0x08003485   Thumb Code   158  lcd.o(.text)
    LCD_ShowxNum                             0x08003523   Thumb Code   200  lcd.o(.text)
    LCD_ShowString                           0x080035eb   Thumb Code   104  lcd.o(.text)
    Dac_TriangleWave                         0x08003669   Thumb Code   170  dac_trianglewave.o(.text)
    delay_init                               0x0800371d   Thumb Code    42  delay.o(.text)
    delay_us                                 0x08003747   Thumb Code    68  delay.o(.text)
    delay_ms                                 0x0800378b   Thumb Code    70  delay.o(.text)
    _sys_exit                                0x080037dd   Thumb Code     6  usart.o(.text)
    fputc                                    0x080037e3   Thumb Code    32  usart.o(.text)
    uart_init                                0x08003803   Thumb Code   158  usart.o(.text)
    USART1_IRQHandler                        0x080038a1   Thumb Code   124  usart.o(.text)
    Reset_Handler                            0x0800392d   Thumb Code     8  startup_stm32f10x_hd.o(.text)
    ADC1_2_IRQHandler                        0x08003947   Thumb Code     0  startup_stm32f10x_hd.o(.text)
    ADC3_IRQHandler                          0x08003947   Thumb Code     0  startup_stm32f10x_hd.o(.text)
    CAN1_RX1_IRQHandler                      0x08003947   Thumb Code     0  startup_stm32f10x_hd.o(.text)
    CAN1_SCE_IRQHandler                      0x08003947   Thumb Code     0  startup_stm32f10x_hd.o(.text)
    DMA1_Channel2_IRQHandler                 0x08003947   Thumb Code     0  startup_stm32f10x_hd.o(.text)
    DMA1_Channel3_IRQHandler                 0x08003947   Thumb Code     0  startup_stm32f10x_hd.o(.text)
    DMA1_Channel4_IRQHandler                 0x08003947   Thumb Code     0  startup_stm32f10x_hd.o(.text)
    DMA1_Channel5_IRQHandler                 0x08003947   Thumb Code     0  startup_stm32f10x_hd.o(.text)
    DMA1_Channel6_IRQHandler                 0x08003947   Thumb Code     0  startup_stm32f10x_hd.o(.text)
    DMA1_Channel7_IRQHandler                 0x08003947   Thumb Code     0  startup_stm32f10x_hd.o(.text)
    DMA2_Channel1_IRQHandler                 0x08003947   Thumb Code     0  startup_stm32f10x_hd.o(.text)
    DMA2_Channel2_IRQHandler                 0x08003947   Thumb Code     0  startup_stm32f10x_hd.o(.text)
    DMA2_Channel3_IRQHandler                 0x08003947   Thumb Code     0  startup_stm32f10x_hd.o(.text)
    DMA2_Channel4_5_IRQHandler               0x08003947   Thumb Code     0  startup_stm32f10x_hd.o(.text)
    EXTI0_IRQHandler                         0x08003947   Thumb Code     0  startup_stm32f10x_hd.o(.text)
    EXTI15_10_IRQHandler                     0x08003947   Thumb Code     0  startup_stm32f10x_hd.o(.text)
    EXTI1_IRQHandler                         0x08003947   Thumb Code     0  startup_stm32f10x_hd.o(.text)
    EXTI2_IRQHandler                         0x08003947   Thumb Code     0  startup_stm32f10x_hd.o(.text)
    EXTI3_IRQHandler                         0x08003947   Thumb Code     0  startup_stm32f10x_hd.o(.text)
    EXTI4_IRQHandler                         0x08003947   Thumb Code     0  startup_stm32f10x_hd.o(.text)
    EXTI9_5_IRQHandler                       0x08003947   Thumb Code     0  startup_stm32f10x_hd.o(.text)
    FLASH_IRQHandler                         0x08003947   Thumb Code     0  startup_stm32f10x_hd.o(.text)
    FSMC_IRQHandler                          0x08003947   Thumb Code     0  startup_stm32f10x_hd.o(.text)
    I2C1_ER_IRQHandler                       0x08003947   Thumb Code     0  startup_stm32f10x_hd.o(.text)
    I2C1_EV_IRQHandler                       0x08003947   Thumb Code     0  startup_stm32f10x_hd.o(.text)
    I2C2_ER_IRQHandler                       0x08003947   Thumb Code     0  startup_stm32f10x_hd.o(.text)
    I2C2_EV_IRQHandler                       0x08003947   Thumb Code     0  startup_stm32f10x_hd.o(.text)
    PVD_IRQHandler                           0x08003947   Thumb Code     0  startup_stm32f10x_hd.o(.text)
    RCC_IRQHandler                           0x08003947   Thumb Code     0  startup_stm32f10x_hd.o(.text)
    RTCAlarm_IRQHandler                      0x08003947   Thumb Code     0  startup_stm32f10x_hd.o(.text)
    RTC_IRQHandler                           0x08003947   Thumb Code     0  startup_stm32f10x_hd.o(.text)
    SDIO_IRQHandler                          0x08003947   Thumb Code     0  startup_stm32f10x_hd.o(.text)
    SPI1_IRQHandler                          0x08003947   Thumb Code     0  startup_stm32f10x_hd.o(.text)
    SPI2_IRQHandler                          0x08003947   Thumb Code     0  startup_stm32f10x_hd.o(.text)
    SPI3_IRQHandler                          0x08003947   Thumb Code     0  startup_stm32f10x_hd.o(.text)
    TAMPER_IRQHandler                        0x08003947   Thumb Code     0  startup_stm32f10x_hd.o(.text)
    TIM1_BRK_IRQHandler                      0x08003947   Thumb Code     0  startup_stm32f10x_hd.o(.text)
    TIM1_CC_IRQHandler                       0x08003947   Thumb Code     0  startup_stm32f10x_hd.o(.text)
    TIM1_TRG_COM_IRQHandler                  0x08003947   Thumb Code     0  startup_stm32f10x_hd.o(.text)
    TIM1_UP_IRQHandler                       0x08003947   Thumb Code     0  startup_stm32f10x_hd.o(.text)
    TIM2_IRQHandler                          0x08003947   Thumb Code     0  startup_stm32f10x_hd.o(.text)
    TIM4_IRQHandler                          0x08003947   Thumb Code     0  startup_stm32f10x_hd.o(.text)
    TIM5_IRQHandler                          0x08003947   Thumb Code     0  startup_stm32f10x_hd.o(.text)
    TIM6_IRQHandler                          0x08003947   Thumb Code     0  startup_stm32f10x_hd.o(.text)
    TIM7_IRQHandler                          0x08003947   Thumb Code     0  startup_stm32f10x_hd.o(.text)
    TIM8_BRK_IRQHandler                      0x08003947   Thumb Code     0  startup_stm32f10x_hd.o(.text)
    TIM8_CC_IRQHandler                       0x08003947   Thumb Code     0  startup_stm32f10x_hd.o(.text)
    TIM8_TRG_COM_IRQHandler                  0x08003947   Thumb Code     0  startup_stm32f10x_hd.o(.text)
    TIM8_UP_IRQHandler                       0x08003947   Thumb Code     0  startup_stm32f10x_hd.o(.text)
    UART4_IRQHandler                         0x08003947   Thumb Code     0  startup_stm32f10x_hd.o(.text)
    UART5_IRQHandler                         0x08003947   Thumb Code     0  startup_stm32f10x_hd.o(.text)
    USART2_IRQHandler                        0x08003947   Thumb Code     0  startup_stm32f10x_hd.o(.text)
    USART3_IRQHandler                        0x08003947   Thumb Code     0  startup_stm32f10x_hd.o(.text)
    USBWakeUp_IRQHandler                     0x08003947   Thumb Code     0  startup_stm32f10x_hd.o(.text)
    USB_HP_CAN1_TX_IRQHandler                0x08003947   Thumb Code     0  startup_stm32f10x_hd.o(.text)
    USB_LP_CAN1_RX0_IRQHandler               0x08003947   Thumb Code     0  startup_stm32f10x_hd.o(.text)
    WWDG_IRQHandler                          0x08003947   Thumb Code     0  startup_stm32f10x_hd.o(.text)
    __user_initial_stackheap                 0x08003949   Thumb Code     0  startup_stm32f10x_hd.o(.text)
    NVIC_PriorityGroupConfig                 0x0800396d   Thumb Code    10  misc.o(.text)
    NVIC_Init                                0x08003977   Thumb Code   102  misc.o(.text)
    NVIC_SetVectorTable                      0x080039dd   Thumb Code    14  misc.o(.text)
    NVIC_SystemLPConfig                      0x080039eb   Thumb Code    38  misc.o(.text)
    SysTick_CLKSourceConfig                  0x08003a11   Thumb Code    40  misc.o(.text)
    ADC_DeInit                               0x08003a4d   Thumb Code    78  stm32f10x_adc.o(.text)
    ADC_Init                                 0x08003a9b   Thumb Code    68  stm32f10x_adc.o(.text)
    ADC_StructInit                           0x08003adf   Thumb Code    18  stm32f10x_adc.o(.text)
    ADC_Cmd                                  0x08003af1   Thumb Code    22  stm32f10x_adc.o(.text)
    ADC_DMACmd                               0x08003b07   Thumb Code    22  stm32f10x_adc.o(.text)
    ADC_ITConfig                             0x08003b1d   Thumb Code    24  stm32f10x_adc.o(.text)
    ADC_ResetCalibration                     0x08003b35   Thumb Code    10  stm32f10x_adc.o(.text)
    ADC_GetResetCalibrationStatus            0x08003b3f   Thumb Code    20  stm32f10x_adc.o(.text)
    ADC_StartCalibration                     0x08003b53   Thumb Code    10  stm32f10x_adc.o(.text)
    ADC_GetCalibrationStatus                 0x08003b5d   Thumb Code    20  stm32f10x_adc.o(.text)
    ADC_SoftwareStartConvCmd                 0x08003b71   Thumb Code    22  stm32f10x_adc.o(.text)
    ADC_GetSoftwareStartConvStatus           0x08003b87   Thumb Code    20  stm32f10x_adc.o(.text)
    ADC_DiscModeChannelCountConfig           0x08003b9b   Thumb Code    22  stm32f10x_adc.o(.text)
    ADC_DiscModeCmd                          0x08003bb1   Thumb Code    22  stm32f10x_adc.o(.text)
    ADC_RegularChannelConfig                 0x08003bc7   Thumb Code   180  stm32f10x_adc.o(.text)
    ADC_ExternalTrigConvCmd                  0x08003c7b   Thumb Code    22  stm32f10x_adc.o(.text)
    ADC_GetConversionValue                   0x08003c91   Thumb Code     8  stm32f10x_adc.o(.text)
    ADC_GetDualModeConversionValue           0x08003c99   Thumb Code     8  stm32f10x_adc.o(.text)
    ADC_AutoInjectedConvCmd                  0x08003ca1   Thumb Code    22  stm32f10x_adc.o(.text)
    ADC_InjectedDiscModeCmd                  0x08003cb7   Thumb Code    22  stm32f10x_adc.o(.text)
    ADC_ExternalTrigInjectedConvConfig       0x08003ccd   Thumb Code    14  stm32f10x_adc.o(.text)
    ADC_ExternalTrigInjectedConvCmd          0x08003cdb   Thumb Code    22  stm32f10x_adc.o(.text)
    ADC_SoftwareStartInjectedConvCmd         0x08003cf1   Thumb Code    22  stm32f10x_adc.o(.text)
    ADC_GetSoftwareStartInjectedConvCmdStatus 0x08003d07   Thumb Code    20  stm32f10x_adc.o(.text)
    ADC_InjectedChannelConfig                0x08003d1b   Thumb Code   126  stm32f10x_adc.o(.text)
    ADC_InjectedSequencerLengthConfig        0x08003d99   Thumb Code    22  stm32f10x_adc.o(.text)
    ADC_SetInjectedOffset                    0x08003daf   Thumb Code    14  stm32f10x_adc.o(.text)
    ADC_GetInjectedConversionValue           0x08003dbd   Thumb Code    20  stm32f10x_adc.o(.text)
    ADC_AnalogWatchdogCmd                    0x08003dd1   Thumb Code    14  stm32f10x_adc.o(.text)
    ADC_AnalogWatchdogThresholdsConfig       0x08003ddf   Thumb Code     6  stm32f10x_adc.o(.text)
    ADC_AnalogWatchdogSingleChannelConfig    0x08003de5   Thumb Code    14  stm32f10x_adc.o(.text)
    ADC_TempSensorVrefintCmd                 0x08003df3   Thumb Code    38  stm32f10x_adc.o(.text)
    ADC_GetFlagStatus                        0x08003e19   Thumb Code    18  stm32f10x_adc.o(.text)
    ADC_ClearFlag                            0x08003e2b   Thumb Code    34  stm32f10x_adc.o(.text)
    ADC_GetITStatus                          0x08003e4d   Thumb Code    36  stm32f10x_adc.o(.text)
    ADC_ClearITPendingBit                    0x08003e71   Thumb Code    10  stm32f10x_adc.o(.text)
    DMA_DeInit                               0x08003e7d   Thumb Code   336  stm32f10x_dma.o(.text)
    DMA_Init                                 0x08003fcd   Thumb Code    60  stm32f10x_dma.o(.text)
    DMA_StructInit                           0x08004009   Thumb Code    26  stm32f10x_dma.o(.text)
    DMA_Cmd                                  0x08004023   Thumb Code    24  stm32f10x_dma.o(.text)
    DMA_ITConfig                             0x0800403b   Thumb Code    18  stm32f10x_dma.o(.text)
    DMA_SetCurrDataCounter                   0x0800404d   Thumb Code     4  stm32f10x_dma.o(.text)
    DMA_GetCurrDataCounter                   0x08004051   Thumb Code     8  stm32f10x_dma.o(.text)
    DMA_GetFlagStatus                        0x08004059   Thumb Code    38  stm32f10x_dma.o(.text)
    DMA_ClearFlag                            0x0800407f   Thumb Code    22  stm32f10x_dma.o(.text)
    DMA_GetITStatus                          0x08004095   Thumb Code    38  stm32f10x_dma.o(.text)
    DMA_ClearITPendingBit                    0x080040bb   Thumb Code    22  stm32f10x_dma.o(.text)
    FLASH_SetLatency                         0x080040d9   Thumb Code    16  stm32f10x_flash.o(.text)
    FLASH_HalfCycleAccessCmd                 0x080040e9   Thumb Code    22  stm32f10x_flash.o(.text)
    FLASH_PrefetchBufferCmd                  0x080040ff   Thumb Code    22  stm32f10x_flash.o(.text)
    FLASH_Unlock                             0x08004115   Thumb Code    12  stm32f10x_flash.o(.text)
    FLASH_UnlockBank1                        0x08004121   Thumb Code    12  stm32f10x_flash.o(.text)
    FLASH_Lock                               0x0800412d   Thumb Code    14  stm32f10x_flash.o(.text)
    FLASH_LockBank1                          0x0800413b   Thumb Code    14  stm32f10x_flash.o(.text)
    FLASH_GetBank1Status                     0x08004149   Thumb Code    50  stm32f10x_flash.o(.text)
    FLASH_WaitForLastOperation               0x0800417b   Thumb Code    38  stm32f10x_flash.o(.text)
    FLASH_ErasePage                          0x080041a1   Thumb Code    72  stm32f10x_flash.o(.text)
    FLASH_EraseAllPages                      0x080041e9   Thumb Code    68  stm32f10x_flash.o(.text)
    FLASH_WaitForLastBank1Operation          0x0800422d   Thumb Code    38  stm32f10x_flash.o(.text)
    FLASH_EraseAllBank1Pages                 0x08004253   Thumb Code    68  stm32f10x_flash.o(.text)
    FLASH_GetReadOutProtectionStatus         0x08004297   Thumb Code    20  stm32f10x_flash.o(.text)
    FLASH_EraseOptionBytes                   0x080042ab   Thumb Code   150  stm32f10x_flash.o(.text)
    FLASH_ProgramWord                        0x08004341   Thumb Code    96  stm32f10x_flash.o(.text)
    FLASH_ProgramHalfWord                    0x080043a1   Thumb Code    60  stm32f10x_flash.o(.text)
    FLASH_ProgramOptionByteData              0x080043dd   Thumb Code    72  stm32f10x_flash.o(.text)
    FLASH_EnableWriteProtection              0x08004425   Thumb Code   220  stm32f10x_flash.o(.text)
    FLASH_ReadOutProtection                  0x08004501   Thumb Code   156  stm32f10x_flash.o(.text)
    FLASH_UserOptionByteConfig               0x0800459d   Thumb Code    88  stm32f10x_flash.o(.text)
    FLASH_GetUserOptionByte                  0x080045f5   Thumb Code     8  stm32f10x_flash.o(.text)
    FLASH_GetWriteProtectionOptionByte       0x080045fd   Thumb Code     6  stm32f10x_flash.o(.text)
    FLASH_GetPrefetchBufferStatus            0x08004603   Thumb Code    20  stm32f10x_flash.o(.text)
    FLASH_ITConfig                           0x08004617   Thumb Code    26  stm32f10x_flash.o(.text)
    FLASH_GetFlagStatus                      0x08004631   Thumb Code    42  stm32f10x_flash.o(.text)
    FLASH_ClearFlag                          0x0800465b   Thumb Code     6  stm32f10x_flash.o(.text)
    FLASH_GetStatus                          0x08004661   Thumb Code    50  stm32f10x_flash.o(.text)
    FSMC_NORSRAMDeInit                       0x080046a5   Thumb Code    56  stm32f10x_fsmc.o(.text)
    FSMC_NANDDeInit                          0x080046dd   Thumb Code    62  stm32f10x_fsmc.o(.text)
    FSMC_PCCARDDeInit                        0x0800471b   Thumb Code    36  stm32f10x_fsmc.o(.text)
    FSMC_NORSRAMInit                         0x0800473f   Thumb Code   224  stm32f10x_fsmc.o(.text)
    FSMC_NANDInit                            0x0800481f   Thumb Code   132  stm32f10x_fsmc.o(.text)
    FSMC_PCCARDInit                          0x080048a3   Thumb Code   130  stm32f10x_fsmc.o(.text)
    FSMC_NORSRAMStructInit                   0x08004925   Thumb Code   114  stm32f10x_fsmc.o(.text)
    FSMC_NANDStructInit                      0x08004997   Thumb Code    54  stm32f10x_fsmc.o(.text)
    FSMC_PCCARDStructInit                    0x080049cd   Thumb Code    60  stm32f10x_fsmc.o(.text)
    FSMC_NORSRAMCmd                          0x08004a09   Thumb Code    46  stm32f10x_fsmc.o(.text)
    FSMC_NANDCmd                             0x08004a37   Thumb Code    86  stm32f10x_fsmc.o(.text)
    FSMC_PCCARDCmd                           0x08004a8d   Thumb Code    44  stm32f10x_fsmc.o(.text)
    FSMC_NANDECCCmd                          0x08004ab9   Thumb Code    92  stm32f10x_fsmc.o(.text)
    FSMC_GetECC                              0x08004b15   Thumb Code    24  stm32f10x_fsmc.o(.text)
    FSMC_ITConfig                            0x08004b2d   Thumb Code   128  stm32f10x_fsmc.o(.text)
    FSMC_GetFlagStatus                       0x08004bad   Thumb Code    52  stm32f10x_fsmc.o(.text)
    FSMC_ClearFlag                           0x08004be1   Thumb Code    62  stm32f10x_fsmc.o(.text)
    FSMC_GetITStatus                         0x08004c1f   Thumb Code    64  stm32f10x_fsmc.o(.text)
    FSMC_ClearITPendingBit                   0x08004c5f   Thumb Code    68  stm32f10x_fsmc.o(.text)
    GPIO_DeInit                              0x08004cad   Thumb Code   172  stm32f10x_gpio.o(.text)
    GPIO_AFIODeInit                          0x08004d59   Thumb Code    20  stm32f10x_gpio.o(.text)
    GPIO_Init                                0x08004d6d   Thumb Code   268  stm32f10x_gpio.o(.text)
    GPIO_StructInit                          0x08004e79   Thumb Code    16  stm32f10x_gpio.o(.text)
    GPIO_ReadInputDataBit                    0x08004e89   Thumb Code    18  stm32f10x_gpio.o(.text)
    GPIO_ReadInputData                       0x08004e9b   Thumb Code     8  stm32f10x_gpio.o(.text)
    GPIO_ReadOutputDataBit                   0x08004ea3   Thumb Code    18  stm32f10x_gpio.o(.text)
    GPIO_ReadOutputData                      0x08004eb5   Thumb Code     8  stm32f10x_gpio.o(.text)
    GPIO_SetBits                             0x08004ebd   Thumb Code     4  stm32f10x_gpio.o(.text)
    GPIO_ResetBits                           0x08004ec1   Thumb Code     4  stm32f10x_gpio.o(.text)
    GPIO_WriteBit                            0x08004ec5   Thumb Code    10  stm32f10x_gpio.o(.text)
    GPIO_Write                               0x08004ecf   Thumb Code     4  stm32f10x_gpio.o(.text)
    GPIO_PinLockConfig                       0x08004ed3   Thumb Code    18  stm32f10x_gpio.o(.text)
    GPIO_EventOutputConfig                   0x08004ee5   Thumb Code    24  stm32f10x_gpio.o(.text)
    GPIO_EventOutputCmd                      0x08004efd   Thumb Code     6  stm32f10x_gpio.o(.text)
    GPIO_PinRemapConfig                      0x08004f03   Thumb Code   136  stm32f10x_gpio.o(.text)
    GPIO_EXTILineConfig                      0x08004f8b   Thumb Code    60  stm32f10x_gpio.o(.text)
    GPIO_ETH_MediaInterfaceConfig            0x08004fc7   Thumb Code     8  stm32f10x_gpio.o(.text)
    RCC_DeInit                               0x08004ff5   Thumb Code    64  stm32f10x_rcc.o(.text)
    RCC_HSEConfig                            0x08005035   Thumb Code    70  stm32f10x_rcc.o(.text)
    RCC_GetFlagStatus                        0x0800507b   Thumb Code    56  stm32f10x_rcc.o(.text)
    RCC_WaitForHSEStartUp                    0x080050b3   Thumb Code    48  stm32f10x_rcc.o(.text)
    RCC_AdjustHSICalibrationValue            0x080050e3   Thumb Code    18  stm32f10x_rcc.o(.text)
    RCC_HSICmd                               0x080050f5   Thumb Code     6  stm32f10x_rcc.o(.text)
    RCC_PLLConfig                            0x080050fb   Thumb Code    22  stm32f10x_rcc.o(.text)
    RCC_PLLCmd                               0x08005111   Thumb Code     6  stm32f10x_rcc.o(.text)
    RCC_SYSCLKConfig                         0x08005117   Thumb Code    16  stm32f10x_rcc.o(.text)
    RCC_GetSYSCLKSource                      0x08005127   Thumb Code    10  stm32f10x_rcc.o(.text)
    RCC_HCLKConfig                           0x08005131   Thumb Code    16  stm32f10x_rcc.o(.text)
    RCC_PCLK1Config                          0x08005141   Thumb Code    16  stm32f10x_rcc.o(.text)
    RCC_PCLK2Config                          0x08005151   Thumb Code    18  stm32f10x_rcc.o(.text)
    RCC_ITConfig                             0x08005163   Thumb Code    30  stm32f10x_rcc.o(.text)
    RCC_USBCLKConfig                         0x08005181   Thumb Code     8  stm32f10x_rcc.o(.text)
    RCC_ADCCLKConfig                         0x08005189   Thumb Code    16  stm32f10x_rcc.o(.text)
    RCC_LSEConfig                            0x08005199   Thumb Code    50  stm32f10x_rcc.o(.text)
    RCC_LSICmd                               0x080051cb   Thumb Code     6  stm32f10x_rcc.o(.text)
    RCC_RTCCLKConfig                         0x080051d1   Thumb Code    12  stm32f10x_rcc.o(.text)
    RCC_RTCCLKCmd                            0x080051dd   Thumb Code     8  stm32f10x_rcc.o(.text)
    RCC_GetClocksFreq                        0x080051e5   Thumb Code   194  stm32f10x_rcc.o(.text)
    RCC_AHBPeriphClockCmd                    0x080052a7   Thumb Code    26  stm32f10x_rcc.o(.text)
    RCC_APB2PeriphClockCmd                   0x080052c1   Thumb Code    26  stm32f10x_rcc.o(.text)
    RCC_APB1PeriphClockCmd                   0x080052db   Thumb Code    26  stm32f10x_rcc.o(.text)
    RCC_APB2PeriphResetCmd                   0x080052f5   Thumb Code    26  stm32f10x_rcc.o(.text)
    RCC_APB1PeriphResetCmd                   0x0800530f   Thumb Code    26  stm32f10x_rcc.o(.text)
    RCC_BackupResetCmd                       0x08005329   Thumb Code     8  stm32f10x_rcc.o(.text)
    RCC_ClockSecuritySystemCmd               0x08005331   Thumb Code     6  stm32f10x_rcc.o(.text)
    RCC_MCOConfig                            0x08005337   Thumb Code     6  stm32f10x_rcc.o(.text)
    RCC_ClearFlag                            0x0800533d   Thumb Code    14  stm32f10x_rcc.o(.text)
    RCC_GetITStatus                          0x0800534b   Thumb Code    20  stm32f10x_rcc.o(.text)
    RCC_ClearITPendingBit                    0x0800535f   Thumb Code     6  stm32f10x_rcc.o(.text)
    TIM_DeInit                               0x08005385   Thumb Code   424  stm32f10x_tim.o(.text)
    TIM_TimeBaseInit                         0x0800552d   Thumb Code   122  stm32f10x_tim.o(.text)
    TIM_OC1Init                              0x080055a7   Thumb Code   132  stm32f10x_tim.o(.text)
    TIM_OC2Init                              0x0800562b   Thumb Code   146  stm32f10x_tim.o(.text)
    TIM_OC3Init                              0x080056bd   Thumb Code   142  stm32f10x_tim.o(.text)
    TIM_OC4Init                              0x0800574b   Thumb Code   172  stm32f10x_tim.o(.text)
    TIM_SetIC4Prescaler                      0x080057f7   Thumb Code    22  stm32f10x_tim.o(.text)
    TIM_SetIC3Prescaler                      0x0800587f   Thumb Code    18  stm32f10x_tim.o(.text)
    TIM_SetIC2Prescaler                      0x080058ff   Thumb Code    22  stm32f10x_tim.o(.text)
    TIM_SetIC1Prescaler                      0x08005987   Thumb Code    18  stm32f10x_tim.o(.text)
    TIM_ICInit                               0x080059ff   Thumb Code   150  stm32f10x_tim.o(.text)
    TIM_PWMIConfig                           0x08005a95   Thumb Code   124  stm32f10x_tim.o(.text)
    TIM_BDTRConfig                           0x08005b11   Thumb Code    32  stm32f10x_tim.o(.text)
    TIM_TimeBaseStructInit                   0x08005b31   Thumb Code    18  stm32f10x_tim.o(.text)
    TIM_OCStructInit                         0x08005b43   Thumb Code    20  stm32f10x_tim.o(.text)
    TIM_ICStructInit                         0x08005b57   Thumb Code    18  stm32f10x_tim.o(.text)
    TIM_BDTRStructInit                       0x08005b69   Thumb Code    18  stm32f10x_tim.o(.text)
    TIM_Cmd                                  0x08005b7b   Thumb Code    24  stm32f10x_tim.o(.text)
    TIM_CtrlPWMOutputs                       0x08005b93   Thumb Code    50  stm32f10x_tim.o(.text)
    TIM_ITConfig                             0x08005bc5   Thumb Code    24  stm32f10x_tim.o(.text)
    TIM_GenerateEvent                        0x08005bdd   Thumb Code     4  stm32f10x_tim.o(.text)
    TIM_DMAConfig                            0x08005be1   Thumb Code    10  stm32f10x_tim.o(.text)
    TIM_DMACmd                               0x08005beb   Thumb Code    24  stm32f10x_tim.o(.text)
    TIM_InternalClockConfig                  0x08005c03   Thumb Code    12  stm32f10x_tim.o(.text)
    TIM_SelectInputTrigger                   0x08005c0f   Thumb Code    16  stm32f10x_tim.o(.text)
    TIM_ITRxExternalClockConfig              0x08005c1f   Thumb Code    24  stm32f10x_tim.o(.text)
    TIM_TIxExternalClockConfig               0x08005c37   Thumb Code    62  stm32f10x_tim.o(.text)
    TIM_ETRConfig                            0x08005c75   Thumb Code    22  stm32f10x_tim.o(.text)
    TIM_ETRClockMode1Config                  0x08005c8b   Thumb Code    54  stm32f10x_tim.o(.text)
    TIM_ETRClockMode2Config                  0x08005cc1   Thumb Code    32  stm32f10x_tim.o(.text)
    TIM_PrescalerConfig                      0x08005ce1   Thumb Code     6  stm32f10x_tim.o(.text)
    TIM_CounterModeConfig                    0x08005ce7   Thumb Code    16  stm32f10x_tim.o(.text)
    TIM_EncoderInterfaceConfig               0x08005cf7   Thumb Code    56  stm32f10x_tim.o(.text)
    TIM_ForcedOC1Config                      0x08005d2f   Thumb Code    16  stm32f10x_tim.o(.text)
    TIM_ForcedOC2Config                      0x08005d3f   Thumb Code    20  stm32f10x_tim.o(.text)
    TIM_ForcedOC3Config                      0x08005d53   Thumb Code    16  stm32f10x_tim.o(.text)
    TIM_ForcedOC4Config                      0x08005d63   Thumb Code    20  stm32f10x_tim.o(.text)
    TIM_ARRPreloadConfig                     0x08005d77   Thumb Code    24  stm32f10x_tim.o(.text)
    TIM_SelectCOM                            0x08005d8f   Thumb Code    24  stm32f10x_tim.o(.text)
    TIM_SelectCCDMA                          0x08005da7   Thumb Code    24  stm32f10x_tim.o(.text)
    TIM_CCPreloadControl                     0x08005dbf   Thumb Code    24  stm32f10x_tim.o(.text)
    TIM_OC1PreloadConfig                     0x08005dd7   Thumb Code    16  stm32f10x_tim.o(.text)
    TIM_OC2PreloadConfig                     0x08005de7   Thumb Code    20  stm32f10x_tim.o(.text)
    TIM_OC3PreloadConfig                     0x08005dfb   Thumb Code    16  stm32f10x_tim.o(.text)
    TIM_OC4PreloadConfig                     0x08005e0b   Thumb Code    20  stm32f10x_tim.o(.text)
    TIM_OC1FastConfig                        0x08005e1f   Thumb Code    16  stm32f10x_tim.o(.text)
    TIM_OC2FastConfig                        0x08005e2f   Thumb Code    20  stm32f10x_tim.o(.text)
    TIM_OC3FastConfig                        0x08005e43   Thumb Code    16  stm32f10x_tim.o(.text)
    TIM_OC4FastConfig                        0x08005e53   Thumb Code    20  stm32f10x_tim.o(.text)
    TIM_ClearOC1Ref                          0x08005e67   Thumb Code    16  stm32f10x_tim.o(.text)
    TIM_ClearOC2Ref                          0x08005e77   Thumb Code    18  stm32f10x_tim.o(.text)
    TIM_ClearOC3Ref                          0x08005e89   Thumb Code    16  stm32f10x_tim.o(.text)
    TIM_ClearOC4Ref                          0x08005e99   Thumb Code    18  stm32f10x_tim.o(.text)
    TIM_OC1PolarityConfig                    0x08005eab   Thumb Code    16  stm32f10x_tim.o(.text)
    TIM_OC1NPolarityConfig                   0x08005ebb   Thumb Code    16  stm32f10x_tim.o(.text)
    TIM_OC2PolarityConfig                    0x08005ecb   Thumb Code    20  stm32f10x_tim.o(.text)
    TIM_OC2NPolarityConfig                   0x08005edf   Thumb Code    20  stm32f10x_tim.o(.text)
    TIM_OC3PolarityConfig                    0x08005ef3   Thumb Code    20  stm32f10x_tim.o(.text)
    TIM_OC3NPolarityConfig                   0x08005f07   Thumb Code    20  stm32f10x_tim.o(.text)
    TIM_OC4PolarityConfig                    0x08005f1b   Thumb Code    20  stm32f10x_tim.o(.text)
    TIM_CCxCmd                               0x08005f2f   Thumb Code    34  stm32f10x_tim.o(.text)
    TIM_CCxNCmd                              0x08005f51   Thumb Code    34  stm32f10x_tim.o(.text)
    TIM_SelectOCxM                           0x08005f73   Thumb Code    82  stm32f10x_tim.o(.text)
    TIM_UpdateDisableConfig                  0x08005fc5   Thumb Code    24  stm32f10x_tim.o(.text)
    TIM_UpdateRequestConfig                  0x08005fdd   Thumb Code    24  stm32f10x_tim.o(.text)
    TIM_SelectHallSensor                     0x08005ff5   Thumb Code    24  stm32f10x_tim.o(.text)
    TIM_SelectOnePulseMode                   0x0800600d   Thumb Code    18  stm32f10x_tim.o(.text)
    TIM_SelectOutputTrigger                  0x0800601f   Thumb Code    18  stm32f10x_tim.o(.text)
    TIM_SelectSlaveMode                      0x08006031   Thumb Code    18  stm32f10x_tim.o(.text)
    TIM_SelectMasterSlaveMode                0x08006043   Thumb Code    18  stm32f10x_tim.o(.text)
    TIM_SetCounter                           0x08006055   Thumb Code     4  stm32f10x_tim.o(.text)
    TIM_SetAutoreload                        0x08006059   Thumb Code     4  stm32f10x_tim.o(.text)
    TIM_SetCompare1                          0x0800605d   Thumb Code     4  stm32f10x_tim.o(.text)
    TIM_SetCompare2                          0x08006061   Thumb Code     4  stm32f10x_tim.o(.text)
    TIM_SetCompare3                          0x08006065   Thumb Code     4  stm32f10x_tim.o(.text)
    TIM_SetCompare4                          0x08006069   Thumb Code     6  stm32f10x_tim.o(.text)
    TIM_SetClockDivision                     0x0800606f   Thumb Code    18  stm32f10x_tim.o(.text)
    TIM_GetCapture1                          0x08006081   Thumb Code     6  stm32f10x_tim.o(.text)
    TIM_GetCapture2                          0x08006087   Thumb Code     6  stm32f10x_tim.o(.text)
    TIM_GetCapture3                          0x0800608d   Thumb Code     6  stm32f10x_tim.o(.text)
    TIM_GetCapture4                          0x08006093   Thumb Code     8  stm32f10x_tim.o(.text)
    TIM_GetCounter                           0x0800609b   Thumb Code     6  stm32f10x_tim.o(.text)
    TIM_GetPrescaler                         0x080060a1   Thumb Code     6  stm32f10x_tim.o(.text)
    TIM_GetFlagStatus                        0x080060a7   Thumb Code    18  stm32f10x_tim.o(.text)
    TIM_ClearFlag                            0x080060b9   Thumb Code     6  stm32f10x_tim.o(.text)
    TIM_GetITStatus                          0x080060bf   Thumb Code    34  stm32f10x_tim.o(.text)
    TIM_ClearITPendingBit                    0x080060e1   Thumb Code     6  stm32f10x_tim.o(.text)
    USART_DeInit                             0x080060e9   Thumb Code   134  stm32f10x_usart.o(.text)
    USART_Init                               0x0800616f   Thumb Code   210  stm32f10x_usart.o(.text)
    USART_StructInit                         0x08006241   Thumb Code    24  stm32f10x_usart.o(.text)
    USART_ClockInit                          0x08006259   Thumb Code    32  stm32f10x_usart.o(.text)
    USART_ClockStructInit                    0x08006279   Thumb Code    12  stm32f10x_usart.o(.text)
    USART_Cmd                                0x08006285   Thumb Code    24  stm32f10x_usart.o(.text)
    USART_ITConfig                           0x0800629d   Thumb Code    72  stm32f10x_usart.o(.text)
    USART_DMACmd                             0x080062e5   Thumb Code    24  stm32f10x_usart.o(.text)
    USART_SetAddress                         0x080062fd   Thumb Code    18  stm32f10x_usart.o(.text)
    USART_WakeUpConfig                       0x0800630f   Thumb Code    18  stm32f10x_usart.o(.text)
    USART_ReceiverWakeUpCmd                  0x08006321   Thumb Code    24  stm32f10x_usart.o(.text)
    USART_LINBreakDetectLengthConfig         0x08006339   Thumb Code    18  stm32f10x_usart.o(.text)
    USART_LINCmd                             0x0800634b   Thumb Code    24  stm32f10x_usart.o(.text)
    USART_SendData                           0x08006363   Thumb Code     8  stm32f10x_usart.o(.text)
    USART_ReceiveData                        0x0800636b   Thumb Code    10  stm32f10x_usart.o(.text)
    USART_SendBreak                          0x08006375   Thumb Code    10  stm32f10x_usart.o(.text)
    USART_SetGuardTime                       0x0800637f   Thumb Code    16  stm32f10x_usart.o(.text)
    USART_SetPrescaler                       0x0800638f   Thumb Code    16  stm32f10x_usart.o(.text)
    USART_SmartCardCmd                       0x0800639f   Thumb Code    24  stm32f10x_usart.o(.text)
    USART_SmartCardNACKCmd                   0x080063b7   Thumb Code    24  stm32f10x_usart.o(.text)
    USART_HalfDuplexCmd                      0x080063cf   Thumb Code    24  stm32f10x_usart.o(.text)
    USART_OverSampling8Cmd                   0x080063e7   Thumb Code    22  stm32f10x_usart.o(.text)
    USART_OneBitMethodCmd                    0x080063fd   Thumb Code    24  stm32f10x_usart.o(.text)
    USART_IrDAConfig                         0x08006415   Thumb Code    18  stm32f10x_usart.o(.text)
    USART_IrDACmd                            0x08006427   Thumb Code    24  stm32f10x_usart.o(.text)
    USART_GetFlagStatus                      0x0800643f   Thumb Code    26  stm32f10x_usart.o(.text)
    USART_ClearFlag                          0x08006459   Thumb Code    18  stm32f10x_usart.o(.text)
    USART_GetITStatus                        0x0800646b   Thumb Code    84  stm32f10x_usart.o(.text)
    USART_ClearITPendingBit                  0x080064bf   Thumb Code    50  stm32f10x_usart.o(.text)
    DAC_DeInit                               0x080064f1   Thumb Code    22  stm32f10x_dac.o(.text)
    DAC_Init                                 0x08006507   Thumb Code    48  stm32f10x_dac.o(.text)
    DAC_StructInit                           0x08006537   Thumb Code    12  stm32f10x_dac.o(.text)
    DAC_Cmd                                  0x08006543   Thumb Code    38  stm32f10x_dac.o(.text)
    DAC_DMACmd                               0x08006569   Thumb Code    38  stm32f10x_dac.o(.text)
    DAC_SoftwareTriggerCmd                   0x0800658f   Thumb Code    48  stm32f10x_dac.o(.text)
    DAC_DualSoftwareTriggerCmd               0x080065bf   Thumb Code    38  stm32f10x_dac.o(.text)
    DAC_WaveGenerationCmd                    0x080065e5   Thumb Code    40  stm32f10x_dac.o(.text)
    DAC_SetChannel1Data                      0x0800660d   Thumb Code    14  stm32f10x_dac.o(.text)
    DAC_SetChannel2Data                      0x0800661b   Thumb Code    14  stm32f10x_dac.o(.text)
    DAC_SetDualChannelData                   0x08006629   Thumb Code    32  stm32f10x_dac.o(.text)
    DAC_GetDataOutputValue                   0x08006649   Thumb Code    20  stm32f10x_dac.o(.text)
    __use_no_semihosting                     0x08006665   Thumb Code     2  use_no_semi_2.o(.text)
    __2printf                                0x08006669   Thumb Code    24  noretval__2printf.o(.text)
    __printf                                 0x08006689   Thumb Code   110  __printf.o(.text)
    _printf_int_dec                          0x080066f9   Thumb Code    96  _printf_dec.o(.text)
    __use_two_region_memory                  0x08006769   Thumb Code     2  heapauxi.o(.text)
    __rt_heap_escrow$2region                 0x0800676b   Thumb Code     2  heapauxi.o(.text)
    __rt_heap_expand$2region                 0x0800676d   Thumb Code     2  heapauxi.o(.text)
    __I$use$semihosting                      0x0800676f   Thumb Code     0  use_no_semi.o(.text)
    __use_no_semihosting_swi                 0x0800676f   Thumb Code     2  use_no_semi.o(.text)
    _printf_int_common                       0x08006771   Thumb Code   174  _printf_intcommon.o(.text)
    _printf_char_common                      0x0800682b   Thumb Code    34  _printf_char_common.o(.text)
    __rt_udiv10                              0x08006851   Thumb Code    16  rtudiv10.o(.text)
    __user_setup_stackheap                   0x08006861   Thumb Code    74  sys_stackheap_outer.o(.text)
    exit                                     0x080068ab   Thumb Code    12  exit.o(.text)
    __user_libspace                          0x080068b9   Thumb Code     8  libspace.o(.text)
    __user_perproc_libspace                  0x080068b9   Thumb Code     0  libspace.o(.text)
    __user_perthread_libspace                0x080068b9   Thumb Code     0  libspace.o(.text)
    __aeabi_dadd                             0x080068c1   Thumb Code     0  daddsub_clz.o(x$fpl$dadd)
    _dadd                                    0x080068c1   Thumb Code   424  daddsub_clz.o(x$fpl$dadd)
    __fpl_inf_dadd                           0x08006a33   Thumb Code     0  daddsub_clz.o(x$fpl$dadd)
    __fpl_dcheck_NaN2                        0x08006a79   Thumb Code    10  dcheck.o(x$fpl$dcheck)
    __fpl_dcheck_NaN1                        0x08006a89   Thumb Code    10  dcheck1.o(x$fpl$dcheck1)
    __aeabi_ddiv                             0x08006a99   Thumb Code     0  ddiv.o(x$fpl$ddiv)
    _ddiv                                    0x08006a99   Thumb Code   428  ddiv.o(x$fpl$ddiv)
    __fpl_inf_ddiv                           0x08006c0d   Thumb Code     0  ddiv.o(x$fpl$ddiv)
    _ddiv_mantissas                          0x08006c45   Thumb Code   324  ddiv.o(x$fpl$ddiv)
    __aeabi_d2uiz                            0x08006e99   Thumb Code     0  dfixu.o(x$fpl$dfixu)
    _dfixu                                   0x08006e99   Thumb Code   110  dfixu.o(x$fpl$dfixu)
    __fpl_inf_dfixu                          0x08006f01   Thumb Code     0  dfixu.o(x$fpl$dfixu)
    __aeabi_i2d                              0x08006f0d   Thumb Code     0  dflt_clz.o(x$fpl$dflt)
    _dflt                                    0x08006f0d   Thumb Code    44  dflt_clz.o(x$fpl$dflt)
    __dflt_normalise                         0x08006f1b   Thumb Code     0  dflt_clz.o(x$fpl$dflt)
    __aeabi_ui2d                             0x08006f39   Thumb Code     0  dflt_clz.o(x$fpl$dfltu)
    _dfltu                                   0x08006f39   Thumb Code    10  dflt_clz.o(x$fpl$dfltu)
    __aeabi_dmul                             0x08006f45   Thumb Code     0  dmul.o(x$fpl$dmul)
    _dmul                                    0x08006f45   Thumb Code   440  dmul.o(x$fpl$dmul)
    __fpl_inf_dmul                           0x080070cf   Thumb Code     0  dmul.o(x$fpl$dmul)
    __aeabi_drsub                            0x0800710d   Thumb Code     0  daddsub_clz.o(x$fpl$drsb)
    _drsb                                    0x0800710d   Thumb Code    22  daddsub_clz.o(x$fpl$drsb)
    __aeabi_dsub                             0x08007125   Thumb Code     0  daddsub_clz.o(x$fpl$dsub)
    _dsub                                    0x08007125   Thumb Code   572  daddsub_clz.o(x$fpl$dsub)
    __fpl_inf_dsub                           0x08007329   Thumb Code     0  daddsub_clz.o(x$fpl$dsub)
    __dunder                                 0x0800736d   Thumb Code   234  dunder.o(x$fpl$dunder)
    __dunder_d                               0x08007457   Thumb Code     2  dunder.o(x$fpl$dunder)
    __fpl_return_NaN                         0x08007459   Thumb Code   100  retnan.o(x$fpl$retnan)
    __fpl_cmpreturn                          0x080074bd   Thumb Code    48  trapv.o(x$fpl$trapveneer)
    __I$use$fp                               0x080074ed   Thumb Code     0  usenofp.o(x$fpl$usenofp)
    asc2_1206                                0x080074ec   Data        1140  lcd.o(.constdata)
    asc2_1608                                0x08007960   Data        1520  lcd.o(.constdata)
    Region$$Table$$Base                      0x08007f50   Number         0  anon$$obj.o(Region$$Table)
    Region$$Table$$Limit                     0x08007f70   Number         0  anon$$obj.o(Region$$Table)
    dma_flag                                 0x20000000   Data           1  main.o(.data)
    WK_flag                                  0x20000001   Data           1  main.o(.data)
    H_range                                  0x20000002   Data           1  main.o(.data)
    L_range                                  0x20000003   Data           1  main.o(.data)
    HSEStartUpStatus                         0x20000004   Data           1  main.o(.data)
    min                                      0x20000008   Data           4  main.o(.data)
    max                                      0x2000000c   Data           4  main.o(.data)
    average                                  0x20000010   Data           4  main.o(.data)
    QSW                                      0x20000014   Data           4  main.o(.data)
    ZZW                                      0x20000018   Data           2  main.o(.data)
    SystemCoreClock                          0x2000001c   Data           4  system_stm32f10x.o(.data)
    AHBPrescTable                            0x20000020   Data          16  system_stm32f10x.o(.data)
    POINT_COLOR                              0x20000032   Data           2  lcd.o(.data)
    BACK_COLOR                               0x20000034   Data           2  lcd.o(.data)
    USART_RX_STA                             0x2000003c   Data           2  usart.o(.data)
    __stdout                                 0x20000040   Data           4  usart.o(.data)
    ADC_ConvertedValue                       0x20000058   Data       16384  main.o(.bss)
    Lcd_Buff1                                0x20004058   Data        1280  main.o(.bss)
    Lcd_Buff2                                0x20004558   Data        1280  main.o(.bss)
    DMA_InitStructure                        0x20004a58   Data          44  main.o(.bss)
    lcddev                                   0x20004a84   Data          10  lcd.o(.bss)
    USART_RX_BUF                             0x20004a8e   Data         200  usart.o(.bss)
    __libspace_start                         0x20004b58   Data          96  libspace.o(.bss)
    __temporary_stack_top$libspace           0x20004bb8   Data           0  libspace.o(.bss)



==============================================================================

Memory Map of the image

  Image Entry point : 0x08000131

  Load Region LR_IROM1 (Base: 0x08000000, Size: 0x00007fc8, Max: 0x00080000, ABSOLUTE)

    Execution Region ER_IROM1 (Base: 0x08000000, Size: 0x00007f70, Max: 0x00080000, ABSOLUTE)

    Base Addr    Size         Type   Attr      Idx    E Section Name        Object

    0x08000000   0x00000130   Data   RO          267    RESET               startup_stm32f10x_hd.o
    0x08000130   0x00000008   Code   RO          440  * !!!main             __main.o(c_w.l)
    0x08000138   0x00000034   Code   RO          665    !!!scatter          __scatter.o(c_w.l)
    0x0800016c   0x0000001a   Code   RO          667    !!handler_copy      __scatter_copy.o(c_w.l)
    0x08000186   0x00000002   PAD
    0x08000188   0x0000001c   Code   RO          669    !!handler_zi        __scatter_zi.o(c_w.l)
    0x080001a4   0x00000000   Code   RO          437    .ARM.Collect$$_printf_percent$$00000000  _printf_percent.o(c_w.l)
    0x080001a4   0x00000006   Code   RO          436    .ARM.Collect$$_printf_percent$$00000008  _printf_i.o(c_w.l)
    0x080001aa   0x00000004   Code   RO          488    .ARM.Collect$$_printf_percent$$00000017  _printf_percent_end.o(c_w.l)
    0x080001ae   0x00000006   Code   RO          542    .ARM.Collect$$libinit$$00000000  libinit.o(c_w.l)
    0x080001b4   0x00000000   Code   RO          552    .ARM.Collect$$libinit$$00000006  libinit2.o(c_w.l)
    0x080001b4   0x00000000   Code   RO          554    .ARM.Collect$$libinit$$00000008  libinit2.o(c_w.l)
    0x080001b4   0x00000000   Code   RO          556    .ARM.Collect$$libinit$$0000000A  libinit2.o(c_w.l)
    0x080001b4   0x00000000   Code   RO          559    .ARM.Collect$$libinit$$0000000D  libinit2.o(c_w.l)
    0x080001b4   0x00000000   Code   RO          561    .ARM.Collect$$libinit$$0000000F  libinit2.o(c_w.l)
    0x080001b4   0x00000000   Code   RO          563    .ARM.Collect$$libinit$$00000011  libinit2.o(c_w.l)
    0x080001b4   0x00000000   Code   RO          565    .ARM.Collect$$libinit$$00000013  libinit2.o(c_w.l)
    0x080001b4   0x00000000   Code   RO          567    .ARM.Collect$$libinit$$00000015  libinit2.o(c_w.l)
    0x080001b4   0x00000000   Code   RO          569    .ARM.Collect$$libinit$$00000017  libinit2.o(c_w.l)
    0x080001b4   0x00000000   Code   RO          571    .ARM.Collect$$libinit$$00000019  libinit2.o(c_w.l)
    0x080001b4   0x00000000   Code   RO          573    .ARM.Collect$$libinit$$0000001B  libinit2.o(c_w.l)
    0x080001b4   0x00000000   Code   RO          575    .ARM.Collect$$libinit$$0000001D  libinit2.o(c_w.l)
    0x080001b4   0x00000000   Code   RO          577    .ARM.Collect$$libinit$$0000001F  libinit2.o(c_w.l)
    0x080001b4   0x00000000   Code   RO          579    .ARM.Collect$$libinit$$00000021  libinit2.o(c_w.l)
    0x080001b4   0x00000000   Code   RO          583    .ARM.Collect$$libinit$$00000028  libinit2.o(c_w.l)
    0x080001b4   0x00000000   Code   RO          585    .ARM.Collect$$libinit$$0000002A  libinit2.o(c_w.l)
    0x080001b4   0x00000000   Code   RO          587    .ARM.Collect$$libinit$$0000002C  libinit2.o(c_w.l)
    0x080001b4   0x00000000   Code   RO          589    .ARM.Collect$$libinit$$0000002E  libinit2.o(c_w.l)
    0x080001b4   0x00000002   Code   RO          590    .ARM.Collect$$libinit$$0000002F  libinit2.o(c_w.l)
    0x080001b6   0x00000002   Code   RO          609    .ARM.Collect$$libshutdown$$00000000  libshutdown.o(c_w.l)
    0x080001b8   0x00000000   Code   RO          620    .ARM.Collect$$libshutdown$$00000003  libshutdown2.o(c_w.l)
    0x080001b8   0x00000000   Code   RO          623    .ARM.Collect$$libshutdown$$00000006  libshutdown2.o(c_w.l)
    0x080001b8   0x00000000   Code   RO          626    .ARM.Collect$$libshutdown$$00000009  libshutdown2.o(c_w.l)
    0x080001b8   0x00000000   Code   RO          628    .ARM.Collect$$libshutdown$$0000000B  libshutdown2.o(c_w.l)
    0x080001b8   0x00000000   Code   RO          631    .ARM.Collect$$libshutdown$$0000000E  libshutdown2.o(c_w.l)
    0x080001b8   0x00000002   Code   RO          632    .ARM.Collect$$libshutdown$$0000000F  libshutdown2.o(c_w.l)
    0x080001ba   0x00000000   Code   RO          482    .ARM.Collect$$rtentry$$00000000  rtentry.o(c_w.l)
    0x080001ba   0x00000000   Code   RO          511    .ARM.Collect$$rtentry$$00000002  rtentry2.o(c_w.l)
    0x080001ba   0x00000006   Code   RO          526    .ARM.Collect$$rtentry$$00000004  rtentry4.o(c_w.l)
    0x080001c0   0x00000000   Code   RO          513    .ARM.Collect$$rtentry$$00000009  rtentry2.o(c_w.l)
    0x080001c0   0x00000004   Code   RO          514    .ARM.Collect$$rtentry$$0000000A  rtentry2.o(c_w.l)
    0x080001c4   0x00000000   Code   RO          516    .ARM.Collect$$rtentry$$0000000C  rtentry2.o(c_w.l)
    0x080001c4   0x00000008   Code   RO          517    .ARM.Collect$$rtentry$$0000000D  rtentry2.o(c_w.l)
    0x080001cc   0x00000000   Code   RO          548    .ARM.Collect$$rtexit$$00000000  rtexit.o(c_w.l)
    0x080001cc   0x00000000   Code   RO          594    .ARM.Collect$$rtexit$$00000002  rtexit2.o(c_w.l)
    0x080001cc   0x00000004   Code   RO          595    .ARM.Collect$$rtexit$$00000003  rtexit2.o(c_w.l)
    0x080001d0   0x00000004   Code   RO          596    .ARM.Collect$$rtexit$$00000004  rtexit2.o(c_w.l)
    0x080001d4   0x00000d68   Code   RO            1    .text               main.o
    0x08000f3c   0x0000001a   Code   RO          102    .text               stm32f10x_it.o
    0x08000f56   0x00000002   PAD
    0x08000f58   0x000001c8   Code   RO          117    .text               system_stm32f10x.o
    0x08001120   0x00000054   Code   RO          135    .text               led.o
    0x08001174   0x0000010c   Code   RO          147    .text               key.o
    0x08001280   0x000023e8   Code   RO          160    .text               lcd.o
    0x08003668   0x000000b4   Code   RO          183    .text               dac_trianglewave.o
    0x0800371c   0x000000c0   Code   RO          211    .text               delay.o
    0x080037dc   0x00000150   Code   RO          231    .text               usart.o
    0x0800392c   0x00000040   Code   RO          268    .text               startup_stm32f10x_hd.o
    0x0800396c   0x000000e0   Code   RO          272    .text               misc.o
    0x08003a4c   0x0000042e   Code   RO          284    .text               stm32f10x_adc.o
    0x08003e7a   0x00000002   PAD
    0x08003e7c   0x0000025c   Code   RO          296    .text               stm32f10x_dma.o
    0x080040d8   0x000005cc   Code   RO          320    .text               stm32f10x_flash.o
    0x080046a4   0x00000608   Code   RO          332    .text               stm32f10x_fsmc.o
    0x08004cac   0x00000348   Code   RO          344    .text               stm32f10x_gpio.o
    0x08004ff4   0x00000390   Code   RO          356    .text               stm32f10x_rcc.o
    0x08005384   0x00000d62   Code   RO          370    .text               stm32f10x_tim.o
    0x080060e6   0x00000002   PAD
    0x080060e8   0x00000408   Code   RO          382    .text               stm32f10x_usart.o
    0x080064f0   0x00000174   Code   RO          394    .text               stm32f10x_dac.o
    0x08006664   0x00000002   Code   RO          408    .text               use_no_semi_2.o(c_w.l)
    0x08006666   0x00000002   PAD
    0x08006668   0x00000020   Code   RO          412    .text               noretval__2printf.o(c_w.l)
    0x08006688   0x0000006e   Code   RO          414    .text               __printf.o(c_w.l)
    0x080066f6   0x00000002   PAD
    0x080066f8   0x00000070   Code   RO          416    .text               _printf_dec.o(c_w.l)
    0x08006768   0x00000006   Code   RO          438    .text               heapauxi.o(c_w.l)
    0x0800676e   0x00000002   Code   RO          480    .text               use_no_semi.o(c_w.l)
    0x08006770   0x000000ae   Code   RO          484    .text               _printf_intcommon.o(c_w.l)
    0x0800681e   0x00000002   PAD
    0x08006820   0x00000030   Code   RO          486    .text               _printf_char_common.o(c_w.l)
    0x08006850   0x00000010   Code   RO          493    .text               rtudiv10.o(c_w.l)
    0x08006860   0x0000004a   Code   RO          532    .text               sys_stackheap_outer.o(c_w.l)
    0x080068aa   0x0000000c   Code   RO          534    .text               exit.o(c_w.l)
    0x080068b6   0x00000002   PAD
    0x080068b8   0x00000008   Code   RO          545    .text               libspace.o(c_w.l)
    0x080068c0   0x000001b8   Code   RO          444    x$fpl$dadd          daddsub_clz.o(fz_ws.l)
    0x08006a78   0x00000010   Code   RO          495    x$fpl$dcheck        dcheck.o(fz_ws.l)
    0x08006a88   0x00000010   Code   RO          497    x$fpl$dcheck1       dcheck1.o(fz_ws.l)
    0x08006a98   0x00000400   Code   RO          451    x$fpl$ddiv          ddiv.o(fz_ws.l)
    0x08006e98   0x00000074   Code   RO          454    x$fpl$dfixu         dfixu.o(fz_ws.l)
    0x08006f0c   0x0000002c   Code   RO          459    x$fpl$dflt          dflt_clz.o(fz_ws.l)
    0x08006f38   0x0000000a   Code   RO          458    x$fpl$dfltu         dflt_clz.o(fz_ws.l)
    0x08006f42   0x00000002   PAD
    0x08006f44   0x000001c8   Code   RO          462    x$fpl$dmul          dmul.o(fz_ws.l)
    0x0800710c   0x00000016   Code   RO          445    x$fpl$drsb          daddsub_clz.o(fz_ws.l)
    0x08007122   0x00000002   PAD
    0x08007124   0x00000248   Code   RO          446    x$fpl$dsub          daddsub_clz.o(fz_ws.l)
    0x0800736c   0x000000ec   Code   RO          499    x$fpl$dunder        dunder.o(fz_ws.l)
    0x08007458   0x00000064   Code   RO          530    x$fpl$retnan        retnan.o(fz_ws.l)
    0x080074bc   0x00000030   Code   RO          543    x$fpl$trapveneer    trapv.o(fz_ws.l)
    0x080074ec   0x00000000   Code   RO          509    x$fpl$usenofp       usenofp.o(fz_ws.l)
    0x080074ec   0x00000a64   Data   RO          162    .constdata          lcd.o
    0x08007f50   0x00000020   Data   RO          663    Region$$Table       anon$$obj.o


    Execution Region RW_IRAM1 (Base: 0x20000000, Size: 0x000051b8, Max: 0x00010000, ABSOLUTE)

    Base Addr    Size         Type   Attr      Idx    E Section Name        Object

    0x20000000   0x0000001a   Data   RW            3    .data               main.o
    0x2000001a   0x00000002   PAD
    0x2000001c   0x00000014   Data   RW          118    .data               system_stm32f10x.o
    0x20000030   0x00000001   Data   RW          148    .data               key.o
    0x20000031   0x00000001   PAD
    0x20000032   0x00000004   Data   RW          163    .data               lcd.o
    0x20000036   0x00000004   Data   RW          212    .data               delay.o
    0x2000003a   0x00000002   PAD
    0x2000003c   0x00000008   Data   RW          233    .data               usart.o
    0x20000044   0x00000014   Data   RW          357    .data               stm32f10x_rcc.o
    0x20000058   0x00004a2c   Zero   RW            2    .bss                main.o
    0x20004a84   0x0000000a   Zero   RW          161    .bss                lcd.o
    0x20004a8e   0x000000c8   Zero   RW          232    .bss                usart.o
    0x20004b56   0x00000002   PAD
    0x20004b58   0x00000060   Zero   RW          546    .bss                libspace.o(c_w.l)
    0x20004bb8   0x00000200   Zero   RW          266    HEAP                startup_stm32f10x_hd.o
    0x20004db8   0x00000400   Zero   RW          265    STACK               startup_stm32f10x_hd.o


==============================================================================

Image component sizes


      Code (inc. data)   RO Data    RW Data    ZI Data      Debug   Object Name

         0          0          0          0          0         20   core_cm3.o
       180         10          0          0          0        659   dac_trianglewave.o
       192         12          0          4          0        959   delay.o
       268          8          0          1          0        816   key.o
      9192        112       2660          4         10      16188   lcd.o
        84          4          0          0          0        471   led.o
      3432        318          0         26      18988     294564   main.o
       224         20          0          0          0       1737   misc.o
        64         26        304          0       1536        476   startup_stm32f10x_hd.o
      1070         28          0          0          0      10817   stm32f10x_adc.o
       372          8          0          0          0       3502   stm32f10x_dac.o
       604          8          0          0          0       4302   stm32f10x_dma.o
      1484         38          0          0          0       8098   stm32f10x_flash.o
      1544         20          0          0          0       5303   stm32f10x_fsmc.o
       840         38          0          0          0       5621   stm32f10x_gpio.o
        26          0          0          0          0       1166   stm32f10x_it.o
       912         32          0         20          0       8724   stm32f10x_rcc.o
      3426         84          0          0          0      22332   stm32f10x_tim.o
      1032         20          0          0          0       8376   stm32f10x_usart.o
       456         36          0         20          0       1699   system_stm32f10x.o
       336         16          0          8        200       3046   usart.o

    ----------------------------------------------------------------------
     25744        838       2996         88      20736     398876   Object Totals
         0          0         32          0          0          0   (incl. Generated)
         6          0          0          5          2          0   (incl. Padding)

    ----------------------------------------------------------------------

      Code (inc. data)   RO Data    RW Data    ZI Data      Debug   Library Member Name

         8          0          0          0          0         68   __main.o
       110          0          0          0          0         84   __printf.o
        52          8          0          0          0          0   __scatter.o
        26          0          0          0          0          0   __scatter_copy.o
        28          0          0          0          0          0   __scatter_zi.o
        48          4          0          0          0         96   _printf_char_common.o
       112         16          0          0          0         92   _printf_dec.o
         6          0          0          0          0          0   _printf_i.o
       174          0          0          0          0         88   _printf_intcommon.o
         0          0          0          0          0          0   _printf_percent.o
         4          0          0          0          0          0   _printf_percent_end.o
      1046         28          0          0          0        320   daddsub_clz.o
        16          6          0          0          0         68   dcheck.o
        16          6          0          0          0         68   dcheck1.o
      1024        272          0          0          0        160   ddiv.o
       116          6          0          0          0         72   dfixu.o
        54          0          0          0          0        136   dflt_clz.o
       456         16          0          0          0        100   dmul.o
       236          0          0          0          0         92   dunder.o
        12          0          0          0          0         68   exit.o
         6          0          0          0          0        148   heapauxi.o
         6          0          0          0          0          0   libinit.o
         2          0          0          0          0          0   libinit2.o
         2          0          0          0          0          0   libshutdown.o
         2          0          0          0          0          0   libshutdown2.o
         8          4          0          0         96         68   libspace.o
        32          8          0          0          0         80   noretval__2printf.o
       100          0          0          0          0         68   retnan.o
         0          0          0          0          0          0   rtentry.o
        12          0          0          0          0          0   rtentry2.o
         6          0          0          0          0          0   rtentry4.o
         0          0          0          0          0          0   rtexit.o
         8          0          0          0          0          0   rtexit2.o
        16          0          0          0          0         68   rtudiv10.o
        74          0          0          0          0         80   sys_stackheap_outer.o
        48          0          0          0          0         68   trapv.o
         2          0          0          0          0         68   use_no_semi.o
         2          0          0          0          0         68   use_no_semi_2.o
         0          0          0          0          0          0   usenofp.o

    ----------------------------------------------------------------------
      3884        374          0          0         96       2228   Library Totals
        14          0          0          0          0          0   (incl. Padding)

    ----------------------------------------------------------------------

      Code (inc. data)   RO Data    RW Data    ZI Data      Debug   Library Name

       758         40          0          0         96       1076   c_w.l
      3112        334          0          0          0       1152   fz_ws.l

    ----------------------------------------------------------------------
      3884        374          0          0         96       2228   Library Totals

    ----------------------------------------------------------------------

==============================================================================


      Code (inc. data)   RO Data    RW Data    ZI Data      Debug   

     29628       1212       2996         88      20832     397804   Grand Totals
     29628       1212       2996         88      20832     397804   ELF Image Totals
     29628       1212       2996         88          0          0   ROM Totals

==============================================================================

    Total RO  Size (Code + RO Data)                32624 (  31.86kB)
    Total RW  Size (RW Data + ZI Data)             20920 (  20.43kB)
    Total ROM Size (Code + RO Data + RW Data)      32712 (  31.95kB)

==============================================================================

