ARM Linker, RVCT4.0 [Build 524] for uVision [Standard]

==============================================================================

Section Cross References

    main.o(.text) refers (Special) to _printf_i.o(.ARM.Collect$$_printf_percent$$00000008) for _printf_i
    main.o(.text) refers (Special) to _printf_dec.o(.text) for _printf_int_dec
    main.o(.text) refers (Special) to _printf_percent.o(.ARM.Collect$$_printf_percent$$00000000) for _printf_percent
    main.o(.text) refers to delay.o(.text) for delay_init
    main.o(.text) refers to sys.o(.text) for NVIC_Configuration
    main.o(.text) refers to usart.o(.text) for uart_init
    main.o(.text) refers to led.o(.text) for LED_Init
    main.o(.text) refers to lcd.o(.text) for LCD_Init
    main.o(.text) refers to adc.o(.text) for Adc_Init
    main.o(.text) refers to noretval__2printf.o(.text) for __2printf
    main.o(.text) refers to dflt_clz.o(x$fpl$dfltu) for __aeabi_ui2d
    main.o(.text) refers to ddiv.o(x$fpl$ddiv) for __aeabi_ddiv
    main.o(.text) refers to daddsub_clz.o(x$fpl$drsb) for __aeabi_drsub
    main.o(.text) refers to dfix.o(x$fpl$dfix) for __aeabi_d2iz
    main.o(.text) refers to fflt_clz.o(x$fpl$ffltu) for __aeabi_ui2f
    main.o(.text) refers to f2d.o(x$fpl$f2d) for __aeabi_f2d
    main.o(.text) refers to dmul.o(x$fpl$dmul) for __aeabi_dmul
    main.o(.text) refers to d2f.o(x$fpl$d2f) for __aeabi_d2f
    main.o(.text) refers to ffixu.o(x$fpl$ffixu) for __aeabi_f2uiz
    main.o(.text) refers to faddsub_clz.o(x$fpl$frsb) for __aeabi_frsub
    main.o(.text) refers to fmul.o(x$fpl$fmul) for __aeabi_fmul
    main.o(.text) refers to lcd.o(.data) for POINT_COLOR
    system_stm32f10x.o(.text) refers to system_stm32f10x.o(.data) for SystemCoreClock
    adc.o(.text) refers to stm32f10x_rcc.o(.text) for RCC_APB2PeriphClockCmd
    adc.o(.text) refers to stm32f10x_gpio.o(.text) for GPIO_Init
    adc.o(.text) refers to stm32f10x_adc.o(.text) for ADC_DeInit
    adc.o(.text) refers to delay.o(.text) for delay_ms
    lcd.o(.text) refers to delay.o(.text) for delay_us
    lcd.o(.text) refers to lcd.o(.bss) for lcddev
    lcd.o(.text) refers to stm32f10x_rcc.o(.text) for RCC_AHBPeriphClockCmd
    lcd.o(.text) refers to stm32f10x_gpio.o(.text) for GPIO_Init
    lcd.o(.text) refers to stm32f10x_fsmc.o(.text) for FSMC_NORSRAMInit
    lcd.o(.text) refers to lcd.o(.data) for POINT_COLOR
    lcd.o(.text) refers to lcd.o(.constdata) for asc2_1206
    led.o(.text) refers to stm32f10x_rcc.o(.text) for RCC_APB2PeriphClockCmd
    led.o(.text) refers to stm32f10x_gpio.o(.text) for GPIO_Init
    delay.o(.text) refers to misc.o(.text) for SysTick_CLKSourceConfig
    delay.o(.text) refers to system_stm32f10x.o(.data) for SystemCoreClock
    delay.o(.text) refers to delay.o(.data) for .data
    sys.o(.text) refers to misc.o(.text) for NVIC_PriorityGroupConfig
    usart.o(.text) refers (Special) to use_no_semi_2.o(.text) for __use_no_semihosting
    usart.o(.text) refers to stm32f10x_rcc.o(.text) for RCC_APB2PeriphClockCmd
    usart.o(.text) refers to stm32f10x_usart.o(.text) for USART_DeInit
    usart.o(.text) refers to stm32f10x_gpio.o(.text) for GPIO_Init
    usart.o(.text) refers to misc.o(.text) for NVIC_Init
    usart.o(.text) refers to usart.o(.data) for USART_RX_STA
    usart.o(.text) refers to usart.o(.bss) for USART_RX_BUF
    usart.o(.bss) refers (Special) to use_no_semi_2.o(.text) for __use_no_semihosting
    usart.o(.data) refers (Special) to use_no_semi_2.o(.text) for __use_no_semihosting
    startup_stm32f10x_hd.o(STACK) refers (Special) to heapauxi.o(.text) for __use_two_region_memory
    startup_stm32f10x_hd.o(HEAP) refers (Special) to heapauxi.o(.text) for __use_two_region_memory
    startup_stm32f10x_hd.o(RESET) refers (Special) to heapauxi.o(.text) for __use_two_region_memory
    startup_stm32f10x_hd.o(RESET) refers to startup_stm32f10x_hd.o(STACK) for __initial_sp
    startup_stm32f10x_hd.o(RESET) refers to startup_stm32f10x_hd.o(.text) for Reset_Handler
    startup_stm32f10x_hd.o(RESET) refers to stm32f10x_it.o(.text) for NMI_Handler
    startup_stm32f10x_hd.o(RESET) refers to usart.o(.text) for USART1_IRQHandler
    startup_stm32f10x_hd.o(.text) refers (Special) to heapauxi.o(.text) for __use_two_region_memory
    startup_stm32f10x_hd.o(.text) refers to system_stm32f10x.o(.text) for SystemInit
    startup_stm32f10x_hd.o(.text) refers to __main.o(!!!main) for __main
    startup_stm32f10x_hd.o(.text) refers to startup_stm32f10x_hd.o(HEAP) for Heap_Mem
    startup_stm32f10x_hd.o(.text) refers to startup_stm32f10x_hd.o(STACK) for Stack_Mem
    stm32f10x_adc.o(.text) refers to stm32f10x_rcc.o(.text) for RCC_APB2PeriphResetCmd
    stm32f10x_gpio.o(.text) refers to stm32f10x_rcc.o(.text) for RCC_APB2PeriphResetCmd
    stm32f10x_rcc.o(.text) refers to stm32f10x_rcc.o(.data) for .data
    stm32f10x_usart.o(.text) refers to stm32f10x_rcc.o(.text) for RCC_APB2PeriphResetCmd
[...]
    libinit.o(.ARM.Collect$$libinit$$00000000) refers (Special) to libinit2.o(.ARM.Collect$$libinit$$0000000F) for __rt_lib_init_lc_ctype_1
    libinit.o(.ARM.Collect$$libinit$$00000000) refers (Special) to libinit2.o(.ARM.Collect$$libinit$$00000011) for __rt_lib_init_lc_monetary_1
    libinit.o(.ARM.Collect$$libinit$$00000000) refers (Special) to libinit2.o(.ARM.Collect$$libinit$$00000013) for __rt_lib_init_lc_numeric_1
    libinit.o(.ARM.Collect$$libinit$$00000000) refers (Special) to libinit2.o(.ARM.Collect$$libinit$$00000015) for __rt_lib_init_lc_time_1
    libinit.o(.ARM.Collect$$libinit$$00000000) refers (Special) to libinit2.o(.ARM.Collect$$libinit$$0000000A) for __rt_lib_init_rand_1
    libinit.o(.ARM.Collect$$libinit$$00000000) refers (Special) to libinit2.o(.ARM.Collect$$libinit$$0000002F) for __rt_lib_init_return
    libinit.o(.ARM.Collect$$libinit$$00000000) refers (Special) to libinit2.o(.ARM.Collect$$libinit$$00000019) for __rt_lib_init_signal_1
    libinit.o(.ARM.Collect$$libinit$$00000000) refers (Special) to libinit2.o(.ARM.Collect$$libinit$$00000021) for __rt_lib_init_stdio_1
    libinit.o(.ARM.Collect$$libinit$$00000000) refers (Special) to libinit2.o(.ARM.Collect$$libinit$$00000008) for __rt_lib_init_user_alloc_1
    trapv.o(x$fpl$trapveneer) refers (Special) to usenofp.o(x$fpl$usenofp) for __I$use$fp
    libspace.o(.text) refers to libspace.o(.bss) for __libspace_start
    rtexit.o(.ARM.Collect$$rtexit$$00000000) refers (Special) to rtexit2.o(.ARM.Collect$$rtexit$$00000004) for __rt_exit_exit
    rtexit.o(.ARM.Collect$$rtexit$$00000000) refers (Special) to rtexit2.o(.ARM.Collect$$rtexit$$00000003) for __rt_exit_ls
    rtexit.o(.ARM.Collect$$rtexit$$00000000) refers (Special) to rtexit2.o(.ARM.Collect$$rtexit$$00000002) for __rt_exit_prels_1
    rtexit.o(.ARM.exidx) refers (Special) to rtexit2.o(.ARM.Collect$$rtexit$$00000004) for __rt_exit_exit
    rtexit.o(.ARM.exidx) refers (Special) to rtexit2.o(.ARM.Collect$$rtexit$$00000003) for __rt_exit_ls
    rtexit.o(.ARM.exidx) refers (Special) to rtexit2.o(.ARM.Collect$$rtexit$$00000002) for __rt_exit_prels_1
    rtexit.o(.ARM.exidx) refers to rtexit.o(.ARM.Collect$$rtexit$$00000000) for .ARM.Collect$$rtexit$$00000000
    libinit2.o(.ARM.Collect$$libinit$$0000000C) refers to libinit2.o(.ARM.Collect$$libinit$$0000000B) for .ARM.Collect$$libinit$$0000000B
    libinit2.o(.ARM.Collect$$libinit$$0000000E) refers to libinit2.o(.ARM.Collect$$libinit$$0000000B) for .ARM.Collect$$libinit$$0000000B
    libinit2.o(.ARM.Collect$$libinit$$00000010) refers to libinit2.o(.ARM.Collect$$libinit$$0000000B) for .ARM.Collect$$libinit$$0000000B
    libinit2.o(.ARM.Collect$$libinit$$00000012) refers to libinit2.o(.ARM.Collect$$libinit$$0000000B) for .ARM.Collect$$libinit$$0000000B
    libinit2.o(.ARM.Collect$$libinit$$00000014) refers to libinit2.o(.ARM.Collect$$libinit$$0000000B) for .ARM.Collect$$libinit$$0000000B
    libinit2.o(.ARM.Collect$$libinit$$00000022) refers to argv_veneer.o(.emb_text) for __ARM_argv_veneer
    libinit2.o(.ARM.Collect$$libinit$$00000023) refers to argv_veneer.o(.emb_text) for __ARM_argv_veneer
    rtexit2.o(.ARM.Collect$$rtexit$$00000003) refers to libshutdown.o(.ARM.Collect$$libshutdown$$00000000) for __rt_lib_shutdown
    rtexit2.o(.ARM.Collect$$rtexit$$00000004) refers to usart.o(.text) for _sys_exit
    rtexit2.o(.ARM.exidx) refers to rtexit2.o(.ARM.Collect$$rtexit$$00000001) for .ARM.Collect$$rtexit$$00000001
    rtexit2.o(.ARM.exidx) refers to rtexit2.o(.ARM.Collect$$rtexit$$00000002) for .ARM.Collect$$rtexit$$00000002
    rtexit2.o(.ARM.exidx) refers to rtexit2.o(.ARM.Collect$$rtexit$$00000003) for .ARM.Collect$$rtexit$$00000003
    rtexit2.o(.ARM.exidx) refers to rtexit2.o(.ARM.Collect$$rtexit$$00000004) for .ARM.Collect$$rtexit$$00000004
    argv_veneer.o(.emb_text) refers to no_argv.o(.text) for __ARM_get_argv
    _get_argv_nomalloc.o(.text) refers (Special) to hrguard.o(.text) for __heap_region$guard
    _get_argv_nomalloc.o(.text) refers to defsig_rtmem_outer.o(.text) for __rt_SIGRTMEM
    _get_argv_nomalloc.o(.text) refers to sys_command.o(.text) for _sys_command_string
    libshutdown.o(.ARM.Collect$$libshutdown$$00000000) refers (Special) to libshutdown2.o(.ARM.Collect$$libshutdown$$00000006) for __rt_lib_shutdown_fp_trap_1
    libshutdown.o(.ARM.Collect$$libshutdown$$00000000) refers (Special) to libshutdown2.o(.ARM.Collect$$libshutdown$$0000000E) for __rt_lib_shutdown_heap_1
    libshutdown.o(.ARM.Collect$$libshutdown$$00000000) refers (Special) to libshutdown2.o(.ARM.Collect$$libshutdown$$0000000F) for __rt_lib_shutdown_return
    libshutdown.o(.ARM.Collect$$libshutdown$$00000000) refers (Special) to libshutdown2.o(.ARM.Collect$$libshutdown$$00000009) for __rt_lib_shutdown_signal_1
    libshutdown.o(.ARM.Collect$$libshutdown$$00000000) refers (Special) to libshutdown2.o(.ARM.Collect$$libshutdown$$00000003) for __rt_lib_shutdown_stdio_1
    libshutdown.o(.ARM.Collect$$libshutdown$$00000000) refers (Special) to libshutdown2.o(.ARM.Collect$$libshutdown$$0000000B) for __rt_lib_shutdown_user_alloc_1
    sys_command.o(.text) refers (Special) to use_no_semi.o(.text) for __I$use$semihosting
    defsig_rtmem_outer.o(.text) refers to defsig_rtmem_inner.o(.text) for __rt_SIGRTMEM_inner
    defsig_rtmem_outer.o(.text) refers to defsig_exit.o(.text) for __sig_exit
    defsig_rtmem_formal.o(.text) refers to rt_raise.o(.text) for __rt_raise
    rt_raise.o(.text) refers to __raise.o(.text) for __raise
    rt_raise.o(.text) refers to usart.o(.text) for _sys_exit
    defsig_exit.o(.text) refers to usart.o(.text) for _sys_exit
    defsig_rtmem_inner.o(.text) refers to defsig_general.o(.text) for __default_signal_display
    __raise.o(.text) refers to defsig.o(CL$$defsig) for __default_signal_handler
    defsig_general.o(.text) refers to sys_wrch.o(.text) for _ttywrch
    sys_wrch.o(.text) refers (Special) to use_no_semi.o(.text) for __I$use$semihosting
    defsig.o(CL$$defsig) refers to defsig_rtmem_inner.o(.text) for __rt_SIGRTMEM_inner
    defsig_abrt_inner.o(.text) refers to defsig_general.o(.text) for __default_signal_display
    defsig_fpe_inner.o(.text) refers to defsig_general.o(.text) for __default_signal_display
    defsig_rtred_inner.o(.text) refers to defsig_general.o(.text) for __default_signal_display
    defsig_stak_inner.o(.text) refers to defsig_general.o(.text) for __default_signal_display
    defsig_pvfn_inner.o(.text) refers to defsig_general.o(.text) for __default_signal_display
    defsig_cppl_inner.o(.text) refers to defsig_general.o(.text) for __default_signal_display
    defsig_segv_inner.o(.text) refers to defsig_general.o(.text) for __default_signal_display
    defsig_other.o(.text) refers to defsig_general.o(.text) for __default_signal_display


==============================================================================

Removing Unused input sections from the image.

    Removing core_cm3.o(.emb_text), (32 bytes).

1 unused section(s) (total 32 bytes) removed from the image.

==============================================================================

Image Symbol Table

    Local Symbols

    Symbol Name                              Value     Ov Type        Size  Object(Section)

    ../../angel/boardlib.s                   0x00000000   Number         0  boardshut.o ABSOLUTE
    ../../angel/boardlib.s                   0x00000000   Number         0  boardinit3.o ABSOLUTE
    ../../angel/boardlib.s                   0x00000000   Number         0  boardinit1.o ABSOLUTE
    ../../angel/boardlib.s                   0x00000000   Number         0  boardinit2.o ABSOLUTE
    ../../angel/handlers.s                   0x00000000   Number         0  __scatter_copy.o ABSOLUTE
    ../../angel/handlers.s                   0x00000000   Number         0  __scatter_zi.o ABSOLUTE
    ../../angel/kernel.s                     0x00000000   Number         0  rtexit.o ABSOLUTE
    ../../angel/kernel.s                     0x00000000   Number         0  rtentry2.o ABSOLUTE
    ../../angel/kernel.s                     0x00000000   Number         0  rtexit2.o ABSOLUTE
    ../../angel/kernel.s                     0x00000000   Number         0  rtentry4.o ABSOLUTE
    ../../angel/kernel.s                     0x00000000   Number         0  rtentry.o ABSOLUTE
    ../../angel/rt.s                         0x00000000   Number         0  rt_raise.o ABSOLUTE
    ../../angel/scatter.s                    0x00000000   Number         0  __scatter.o ABSOLUTE
    ../../angel/startup.s                    0x00000000   Number         0  __main.o ABSOLUTE
    ../../angel/sys.s                        0x00000000   Number         0  sys_stackheap_outer.o ABSOLUTE
    ../../angel/sys.s                        0x00000000   Number         0  use_no_semi.o ABSOLUTE
    ../../angel/sys.s                        0x00000000   Number         0  use_no_semi_2.o ABSOLUTE
    ../../angel/sys.s                        0x00000000   Number         0  libspace.o ABSOLUTE
    ../../angel/sysapp.c                     0x00000000   Number         0  sys_wrch.o ABSOLUTE
    ../../angel/sysapp.c                     0x00000000   Number         0  sys_command.o ABSOLUTE
    ../../armsys.c                           0x00000000   Number         0  _get_argv_nomalloc.o ABSOLUTE
    ../../armsys.c                           0x00000000   Number         0  no_argv.o ABSOLUTE
    ../../armsys.c                           0x00000000   Number         0  argv_veneer.o ABSOLUTE
    ../../armsys.c                           0x00000000   Number         0  argv_veneer.o ABSOLUTE
    ../../d2f.s                              0x00000000   Number         0  d2f.o ABSOLUTE
    ../../daddsub.s                          0x00000000   Number         0  daddsub_clz.o ABSOLUTE
    ../../dcheck.s                           0x00000000   Number         0  dcheck.o ABSOLUTE
    ../../dcheck1.s                          0x00000000   Number         0  dcheck1.o ABSOLUTE
    ../../ddiv.s                             0x00000000   Number         0  ddiv.o ABSOLUTE
    ../../dfix.s                             0x00000000   Number         0  dfix.o ABSOLUTE
    ../../dflt.s                             0x00000000   Number         0  dflt_clz.o ABSOLUTE
    ../../division_7m.s                      0x00000000   Number         0  rtudiv10.o ABSOLUTE
    ../../dmul.s                             0x00000000   Number         0  dmul.o ABSOLUTE
    ../../dunder.s                           0x00000000   Number         0  dunder.o ABSOLUTE
    ../../f2d.s                              0x00000000   Number         0  f2d.o ABSOLUTE
    ../../faddsub.s                          0x00000000   Number         0  faddsub_clz.o ABSOLUTE
    ../../fcheck.s                           0x00000000   Number         0  fcheck.o ABSOLUTE
    ../../fcheck1.s                          0x00000000   Number         0  fcheck1.o ABSOLUTE
    ../../ffixu.s                            0x00000000   Number         0  ffixu.o ABSOLUTE
    ../../fflt.s                             0x00000000   Number         0  fflt_clz.o ABSOLUTE
    ../../fmul.s                             0x00000000   Number         0  fmul.o ABSOLUTE
    ../../fnorm2.s                           0x00000000   Number         0  fnorm2_clz.o ABSOLUTE
    ../../fpinit.s                           0x00000000   Number         0  fpinit.o ABSOLUTE
    ../../funder.s                           0x00000000   Number         0  funder.o ABSOLUTE
    ../../heapalloc.c                        0x00000000   Number         0  hrguard.o ABSOLUTE
    ../../heapaux.c                          0x00000000   Number         0  heapauxi.o ABSOLUTE
    ../../libinit.s                          0x00000000   Number         0  libinit.o ABSOLUTE
    ../../libinit.s                          0x00000000   Number         0  libshutdown2.o ABSOLUTE
    ../../libinit.s                          0x00000000   Number         0  libinit2.o ABSOLUTE
    ../../libinit.s                          0x00000000   Number         0  libshutdown.o ABSOLUTE
    ../../printf.c                           0x00000000   Number         0  __printf_flags_ss_wp.o ABSOLUTE
    ../../printf.c                           0x00000000   Number         0  __printf_nopercent.o ABSOLUTE
    ../../printf.c                           0x00000000   Number         0  __printf_flags_wp.o ABSOLUTE
    ../../printf.c                           0x00000000   Number         0  _printf_char_common.o ABSOLUTE
    ../../printf.c                           0x00000000   Number         0  _printf_intcommon.o ABSOLUTE
    ../../printf.c                           0x00000000   Number         0  noretval__2printf.o ABSOLUTE
    ../../printf.c                           0x00000000   Number         0  __2printf.o ABSOLUTE
    ../../printf.c                           0x00000000   Number         0  __printf.o ABSOLUTE
    ../../printf.c                           0x00000000   Number         0  _printf_dec.o ABSOLUTE
    ../../printf.c                           0x00000000   Number         0  __printf_flags.o ABSOLUTE
    ../../printf.c                           0x00000000   Number         0  __printf_ss.o ABSOLUTE
    ../../printf.c                           0x00000000   Number         0  __printf_flags_ss.o ABSOLUTE
    ../../printf.c                           0x00000000   Number         0  __printf_wp.o ABSOLUTE
    ../../printf.c                           0x00000000   Number         0  __printf_ss_wp.o ABSOLUTE
    ../../printf_percent.s                   0x00000000   Number         0  _printf_percent_end.o ABSOLUTE
    ../../printf_percent.s                   0x00000000   Number         0  _printf_percent.o ABSOLUTE
    ../../printf_percent.s                   0x00000000   Number         0  _printf_i.o ABSOLUTE
    ../../retnan.s                           0x00000000   Number         0  retnan.o ABSOLUTE
    ../../signal.c                           0x00000000   Number         0  defsig_rtmem_outer.o ABSOLUTE
    ../../signal.c                           0x00000000   Number         0  defsig_segv_inner.o ABSOLUTE
    ../../signal.c                           0x00000000   Number         0  defsig_rtmem_inner.o ABSOLUTE
    ../../signal.c                           0x00000000   Number         0  __raise.o ABSOLUTE
    ../../signal.c                           0x00000000   Number         0  defsig_rtmem_formal.o ABSOLUTE
    ../../signal.c                           0x00000000   Number         0  defsig_fpe_inner.o ABSOLUTE
    ../../signal.c                           0x00000000   Number         0  defsig_general.o ABSOLUTE
    ../../signal.c                           0x00000000   Number         0  defsig_other.o ABSOLUTE
    ../../signal.c                           0x00000000   Number         0  defsig_cppl_inner.o ABSOLUTE
    ../../signal.c                           0x00000000   Number         0  defsig_abrt_inner.o ABSOLUTE
    ../../signal.c                           0x00000000   Number         0  defsig_rtred_inner.o ABSOLUTE
    ../../signal.c                           0x00000000   Number         0  defsig_stak_inner.o ABSOLUTE
    ../../signal.c                           0x00000000   Number         0  defsig_pvfn_inner.o ABSOLUTE
    ../../signal.c                           0x00000000   Number         0  defsig_exit.o ABSOLUTE
    ../../signal.s                           0x00000000   Number         0  defsig.o ABSOLUTE
    ../../stdio.c                            0x00000000   Number         0  ferror.o ABSOLUTE
    ../../stdio.c                            0x00000000   Number         0  ferror_locked.o ABSOLUTE
    ../../stdlib.c                           0x00000000   Number         0  exit.o ABSOLUTE
    ../../trapv.s                            0x00000000   Number         0  trapv.o ABSOLUTE
    ../../usenofp.s                          0x00000000   Number         0  usenofp.o ABSOLUTE
    ..\CORE\core_cm3.c                       0x00000000   Number         0  core_cm3.o ABSOLUTE
    ..\CORE\startup_stm32f10x_hd.s           0x00000000   Number         0  startup_stm32f10x_hd.o ABSOLUTE
    ..\HARDWARE\ADC\adc.c                    0x00000000   Number         0  adc.o ABSOLUTE
    ..\HARDWARE\LCD\lcd.c                    0x00000000   Number         0  lcd.o ABSOLUTE
    ..\HARDWARE\LED\led.c                    0x00000000   Number         0  led.o ABSOLUTE
    ..\STM32F10x_FWLib\src\misc.c            0x00000000   Number         0  misc.o ABSOLUTE
    ..\STM32F10x_FWLib\src\stm32f10x_adc.c   0x00000000   Number         0  stm32f10x_adc.o ABSOLUTE
    ..\STM32F10x_FWLib\src\stm32f10x_fsmc.c  0x00000000   Number         0  stm32f10x_fsmc.o ABSOLUTE
    ..\STM32F10x_FWLib\src\stm32f10x_gpio.c  0x00000000   Number         0  stm32f10x_gpio.o ABSOLUTE
    ..\STM32F10x_FWLib\src\stm32f10x_rcc.c   0x00000000   Number         0  stm32f10x_rcc.o ABSOLUTE
    ..\STM32F10x_FWLib\src\stm32f10x_usart.c 0x00000000   Number         0  stm32f10x_usart.o ABSOLUTE
    ..\SYSTEM\delay\delay.c                  0x00000000   Number         0  delay.o ABSOLUTE
    ..\SYSTEM\sys\sys.c                      0x00000000   Number         0  sys.o ABSOLUTE
    ..\SYSTEM\usart\usart.c                  0x00000000   Number         0  usart.o ABSOLUTE
    ..\USER\main.c                           0x00000000   Number         0  main.o ABSOLUTE
    ..\USER\stm32f10x_it.c                   0x00000000   Number         0  stm32f10x_it.o ABSOLUTE
    ..\USER\system_stm32f10x.c               0x00000000   Number         0  system_stm32f10x.o ABSOLUTE
    ..\\CORE\\core_cm3.c                     0x00000000   Number         0  core_cm3.o ABSOLUTE
    dc.s                                     0x00000000   Number         0  dc.o ABSOLUTE
    RESET                                    0x08000000   Section      304  startup_stm32f10x_hd.o(RESET)
    !!!main                                  0x08000130   Section        8  __main.o(!!!main)
    !!!scatter                               0x08000138   Section       52  __scatter.o(!!!scatter)
    !!handler_copy                           0x0800016c   Section       26  __scatter_copy.o(!!handler_copy)
    !!handler_zi                             0x08000188   Section       28  __scatter_zi.o(!!handler_zi)
    .ARM.Collect$$_printf_percent$$00000000  0x080001a4   Section        0  _printf_percent.o(.ARM.Collect$$_printf_percent$$00000000)
    .ARM.Collect$$_printf_percent$$00000008  0x080001a4   Section        6  _printf_i.o(.ARM.Collect$$_printf_percent$$00000008)
    .ARM.Collect$$_printf_percent$$00000017  0x080001aa   Section        4  _printf_percent_end.o(.ARM.Collect$$_printf_percent$$00000017)
    .ARM.Collect$$libinit$$00000000          0x080001ae   Section        6  libinit.o(.ARM.Collect$$libinit$$00000000)
    .ARM.Collect$$libinit$$00000006          0x080001b4   Section        0  libinit2.o(.ARM.Collect$$libinit$$00000006)
    .ARM.Collect$$libinit$$00000008          0x080001b4   Section        0  libinit2.o(.ARM.Collect$$libinit$$00000008)
    .ARM.Collect$$libinit$$0000000A          0x080001b4   Section        0  libinit2.o(.ARM.Collect$$libinit$$0000000A)
    .ARM.Collect$$libinit$$0000000D          0x080001b4   Section        0  libinit2.o(.ARM.Collect$$libinit$$0000000D)
    .ARM.Collect$$libinit$$0000000F          0x080001b4   Section        0  libinit2.o(.ARM.Collect$$libinit$$0000000F)
    .ARM.Collect$$libinit$$00000011          0x080001b4   Section        0  libinit2.o(.ARM.Collect$$libinit$$00000011)
    .ARM.Collect$$libinit$$00000013          0x080001b4   Section        0  libinit2.o(.ARM.Collect$$libinit$$00000013)
    .ARM.Collect$$libinit$$00000015          0x080001b4   Section        0  libinit2.o(.ARM.Collect$$libinit$$00000015)
    .ARM.Collect$$libinit$$00000017          0x080001b4   Section        0  libinit2.o(.ARM.Collect$$libinit$$00000017)
    .ARM.Collect$$libinit$$00000019          0x080001b4   Section        0  libinit2.o(.ARM.Collect$$libinit$$00000019)
    .ARM.Collect$$libinit$$0000001B          0x080001b4   Section        0  libinit2.o(.ARM.Collect$$libinit$$0000001B)
    .ARM.Collect$$libinit$$0000001D          0x080001b4   Section        0  libinit2.o(.ARM.Collect$$libinit$$0000001D)
    .ARM.Collect$$libinit$$0000001F          0x080001b4   Section        0  libinit2.o(.ARM.Collect$$libinit$$0000001F)
    .ARM.Collect$$libinit$$00000021          0x080001b4   Section        0  libinit2.o(.ARM.Collect$$libinit$$00000021)
    .ARM.Collect$$libinit$$00000028          0x080001b4   Section        0  libinit2.o(.ARM.Collect$$libinit$$00000028)
    .ARM.Collect$$libinit$$0000002A          0x080001b4   Section        0  libinit2.o(.ARM.Collect$$libinit$$0000002A)
    .ARM.Collect$$libinit$$0000002C          0x080001b4   Section        0  libinit2.o(.ARM.Collect$$libinit$$0000002C)
    .ARM.Collect$$libinit$$0000002E          0x080001b4   Section        0  libinit2.o(.ARM.Collect$$libinit$$0000002E)
    .ARM.Collect$$libinit$$0000002F          0x080001b4   Section        2  libinit2.o(.ARM.Collect$$libinit$$0000002F)
    .ARM.Collect$$libshutdown$$00000000      0x080001b6   Section        2  libshutdown.o(.ARM.Collect$$libshutdown$$00000000)
    .ARM.Collect$$libshutdown$$00000003      0x080001b8   Section        0  libshutdown2.o(.ARM.Collect$$libshutdown$$00000003)
    .ARM.Collect$$libshutdown$$00000006      0x080001b8   Section        0  libshutdown2.o(.ARM.Collect$$libshutdown$$00000006)
    .ARM.Collect$$libshutdown$$00000009      0x080001b8   Section        0  libshutdown2.o(.ARM.Collect$$libshutdown$$00000009)
    .ARM.Collect$$libshutdown$$0000000B      0x080001b8   Section        0  libshutdown2.o(.ARM.Collect$$libshutdown$$0000000B)
    .ARM.Collect$$libshutdown$$0000000E      0x080001b8   Section        0  libshutdown2.o(.ARM.Collect$$libshutdown$$0000000E)
    .ARM.Collect$$libshutdown$$0000000F      0x080001b8   Section        2  libshutdown2.o(.ARM.Collect$$libshutdown$$0000000F)
    .ARM.Collect$$rtentry$$00000000          0x080001ba   Section        0  rtentry.o(.ARM.Collect$$rtentry$$00000000)
    .ARM.Collect$$rtentry$$00000002          0x080001ba   Section        0  rtentry2.o(.ARM.Collect$$rtentry$$00000002)
    .ARM.Collect$$rtentry$$00000004          0x080001ba   Section        6  rtentry4.o(.ARM.Collect$$rtentry$$00000004)
    .ARM.Collect$$rtentry$$00000009          0x080001c0   Section        0  rtentry2.o(.ARM.Collect$$rtentry$$00000009)
    .ARM.Collect$$rtentry$$0000000A          0x080001c0   Section        4  rtentry2.o(.ARM.Collect$$rtentry$$0000000A)
    .ARM.Collect$$rtentry$$0000000C          0x080001c4   Section        0  rtentry2.o(.ARM.Collect$$rtentry$$0000000C)
    .ARM.Collect$$rtentry$$0000000D          0x080001c4   Section        8  rtentry2.o(.ARM.Collect$$rtentry$$0000000D)
    .ARM.Collect$$rtexit$$00000000           0x080001cc   Section        0  rtexit.o(.ARM.Collect$$rtexit$$00000000)
    .ARM.Collect$$rtexit$$00000002           0x080001cc   Section        0  rtexit2.o(.ARM.Collect$$rtexit$$00000002)
    .ARM.Collect$$rtexit$$00000003           0x080001cc   Section        4  rtexit2.o(.ARM.Collect$$rtexit$$00000003)
    .ARM.Collect$$rtexit$$00000004           0x080001d0   Section        4  rtexit2.o(.ARM.Collect$$rtexit$$00000004)
    .text                                    0x080001d4   Section      412  main.o(.text)
    .text                                    0x08000370   Section       26  stm32f10x_it.o(.text)
    .text                                    0x0800038c   Section      456  system_stm32f10x.o(.text)
    SetSysClockTo72                          0x0800038d   Thumb Code   192  system_stm32f10x.o(.text)
    SetSysClock                              0x0800044d   Thumb Code     8  system_stm32f10x.o(.text)
    .text                                    0x08000554   Section      232  adc.o(.text)
    .text                                    0x0800063c   Section     9192  lcd.o(.text)
    .text                                    0x08002a24   Section       84  led.o(.text)
    .text                                    0x08002a78   Section      192  delay.o(.text)
    .text                                    0x08002b38   Section       12  sys.o(.text)
    .text                                    0x08002b44   Section      328  usart.o(.text)
    .text                                    0x08002c8c   Section       64  startup_stm32f10x_hd.o(.text)
    .text                                    0x08002ccc   Section      224  misc.o(.text)
    .text                                    0x08002dac   Section     1070  stm32f10x_adc.o(.text)
    .text                                    0x080031dc   Section     1544  stm32f10x_fsmc.o(.text)
    .text                                    0x080037e4   Section      840  stm32f10x_gpio.o(.text)
    .text                                    0x08003b2c   Section      912  stm32f10x_rcc.o(.text)
    .text                                    0x08003ebc   Section     1032  stm32f10x_usart.o(.text)
    .text                                    0x080042c4   Section        2  use_no_semi_2.o(.text)
    .text                                    0x080042c8   Section       32  noretval__2printf.o(.text)
    .text                                    0x080042e8   Section      110  __printf.o(.text)
    .text                                    0x08004358   Section      112  _printf_dec.o(.text)
    .text                                    0x080043c8   Section        6  heapauxi.o(.text)
    .text                                    0x080043ce   Section        2  use_no_semi.o(.text)
    .text                                    0x080043d0   Section      174  _printf_intcommon.o(.text)
    .text                                    0x08004480   Section       48  _printf_char_common.o(.text)
    _printf_input_char                       0x08004481   Thumb Code    10  _printf_char_common.o(.text)
    .text                                    0x080044b0   Section       16  rtudiv10.o(.text)
    .text                                    0x080044c0   Section       74  sys_stackheap_outer.o(.text)
    .text                                    0x0800450a   Section       12  exit.o(.text)
    .text                                    0x08004518   Section        8  libspace.o(.text)
    x$fpl$d2f                                0x08004520   Section      148  d2f.o(x$fpl$d2f)
    x$fpl$dadd                               0x080045b4   Section      440  daddsub_clz.o(x$fpl$dadd)
    _dadd1                                   0x080045c5   Thumb Code     0  daddsub_clz.o(x$fpl$dadd)
    x$fpl$dcheck                             0x0800476c   Section       16  dcheck.o(x$fpl$dcheck)
    x$fpl$dcheck1                            0x0800477c   Section       16  dcheck1.o(x$fpl$dcheck1)
    x$fpl$ddiv                               0x0800478c   Section     1024  ddiv.o(x$fpl$ddiv)
    ddiv_entry                               0x0800478f   Thumb Code     0  ddiv.o(x$fpl$ddiv)
    x$fpl$dfix                               0x08004b8c   Section      156  dfix.o(x$fpl$dfix)
    x$fpl$dflt                               0x08004c28   Section       44  dflt_clz.o(x$fpl$dflt)
    x$fpl$dfltu                              0x08004c54   Section       10  dflt_clz.o(x$fpl$dfltu)
    x$fpl$dmul                               0x08004c60   Section      456  dmul.o(x$fpl$dmul)
    x$fpl$drsb                               0x08004e28   Section       22  daddsub_clz.o(x$fpl$drsb)
    x$fpl$dsub                               0x08004e40   Section      584  daddsub_clz.o(x$fpl$dsub)
    _dsub1                                   0x08004e51   Thumb Code     0  daddsub_clz.o(x$fpl$dsub)
    x$fpl$dunder                             0x08005088   Section      236  dunder.o(x$fpl$dunder)
    x$fpl$f2d                                0x08005174   Section       80  f2d.o(x$fpl$f2d)
    x$fpl$fadd                               0x080051c4   Section      256  faddsub_clz.o(x$fpl$fadd)
    _fadd1                                   0x080051d3   Thumb Code     0  faddsub_clz.o(x$fpl$fadd)
    x$fpl$fcheck                             0x080052c4   Section       12  fcheck.o(x$fpl$fcheck)
    x$fpl$fcheck1                            0x080052d0   Section       12  fcheck1.o(x$fpl$fcheck1)
    x$fpl$ffixu                              0x080052dc   Section       88  ffixu.o(x$fpl$ffixu)
    x$fpl$fflt                               0x08005334   Section       50  fflt_clz.o(x$fpl$fflt)
    x$fpl$ffltu                              0x08005366   Section        8  fflt_clz.o(x$fpl$ffltu)
    x$fpl$fmul                               0x08005370   Section      264  fmul.o(x$fpl$fmul)
    x$fpl$fnorm2                             0x08005478   Section       74  fnorm2_clz.o(x$fpl$fnorm2)
    x$fpl$frsb                               0x080054c2   Section       20  faddsub_clz.o(x$fpl$frsb)
    x$fpl$fsub                               0x080054d8   Section      292  faddsub_clz.o(x$fpl$fsub)
    _fsub1                                   0x080054e7   Thumb Code     0  faddsub_clz.o(x$fpl$fsub)
    x$fpl$funder                             0x080055fc   Section      134  funder.o(x$fpl$funder)
    x$fpl$retnan                             0x08005682   Section      100  retnan.o(x$fpl$retnan)
    x$fpl$trapveneer                         0x080056e6   Section       48  trapv.o(x$fpl$trapveneer)
    .constdata                               0x08005716   Section     2660  lcd.o(.constdata)
    x$fpl$usenofp                            0x08005716   Section        0  usenofp.o(x$fpl$usenofp)
    .data                                    0x20000000   Section       20  system_stm32f10x.o(.data)
    .data                                    0x20000014   Section        4  lcd.o(.data)
    .data                                    0x20000018   Section        4  delay.o(.data)
    fac_us                                   0x20000018   Data           1  delay.o(.data)
    fac_ms                                   0x2000001a   Data           2  delay.o(.data)
    .data                                    0x2000001c   Section        8  usart.o(.data)
    .data                                    0x20000024   Section       20  stm32f10x_rcc.o(.data)
    APBAHBPrescTable                         0x20000024   Data          16  stm32f10x_rcc.o(.data)
    ADCPrescTable                            0x20000034   Data           4  stm32f10x_rcc.o(.data)
    .bss                                     0x20000038   Section       10  lcd.o(.bss)
    .bss                                     0x20000042   Section      200  usart.o(.bss)
    .bss                                     0x2000010c   Section       96  libspace.o(.bss)
    HEAP                                     0x20000170   Section      512  startup_stm32f10x_hd.o(HEAP)
    Heap_Mem                                 0x20000170   Data         512  startup_stm32f10x_hd.o(HEAP)
    STACK                                    0x20000370   Section     1024  startup_stm32f10x_hd.o(STACK)
    Stack_Mem                                0x20000370   Data        1024  startup_stm32f10x_hd.o(STACK)
    __initial_sp                             0x20000770   Data           0  startup_stm32f10x_hd.o(STACK)

    Global Symbols

    Symbol Name                              Value     Ov Type        Size  Object(Section)

    BuildAttributes$$THM_ISAv4$P$D$K$B$S$PE$A:L22UL41UL21$X:L11$S22US41US21$IEEE1$IW$USESV6$~STKCKD$USESV7$~SHL$OSPACE$ROPI$EBA8$UX$STANDARDLIB$REQ8$PRES8$EABIv2 0x00000000   Number         0  anon$$obj.o ABSOLUTE
    __ARM_use_no_argv                        0x00000000   Number         0  main.o ABSOLUTE
    __ARM_exceptions_init                     - Undefined Weak Reference
    __alloca_initialize                       - Undefined Weak Reference
    __cpp_initialize__aeabi_                  - Undefined Weak Reference
    __cxa_finalize                            - Undefined Weak Reference
    __fpl_infinity                            - Undefined Weak Reference
    __rt_locale                               - Undefined Weak Reference
    __sigvec_lookup                           - Undefined Weak Reference
    _atexit_init                              - Undefined Weak Reference
    _call_atexit_fns                          - Undefined Weak Reference
    _clock_init                               - Undefined Weak Reference
    _fp_trap_init                             - Undefined Weak Reference
    _fp_trap_shutdown                         - Undefined Weak Reference
    _get_lc_collate                           - Undefined Weak Reference
    _get_lc_ctype                             - Undefined Weak Reference
    _get_lc_monetary                          - Undefined Weak Reference
    _get_lc_numeric                           - Undefined Weak Reference
    _get_lc_time                              - Undefined Weak Reference
    _getenv_init                              - Undefined Weak Reference
    _handle_redirection                       - Undefined Weak Reference
    _init_alloc                               - Undefined Weak Reference
    _init_user_alloc                          - Undefined Weak Reference
    _initio                                   - Undefined Weak Reference
    _mutex_acquire                            - Undefined Weak Reference
    _mutex_release                            - Undefined Weak Reference
    _printf_post_padding                      - Undefined Weak Reference
    _printf_pre_padding                       - Undefined Weak Reference
    _printf_truncate_signed                   - Undefined Weak Reference
    _printf_truncate_unsigned                 - Undefined Weak Reference
    _rand_init                                - Undefined Weak Reference
    _signal_finish                            - Undefined Weak Reference
    _signal_init                              - Undefined Weak Reference
    _terminate_alloc                          - Undefined Weak Reference
    _terminate_user_alloc                     - Undefined Weak Reference
    _terminateio                              - Undefined Weak Reference
    __Vectors_Size                           0x00000130   Number         0  startup_stm32f10x_hd.o ABSOLUTE
    __Vectors                                0x08000000   Data           4  startup_stm32f10x_hd.o(RESET)
    __Vectors_End                            0x08000130   Data           0  startup_stm32f10x_hd.o(RESET)
    __main                                   0x08000131   Thumb Code     8  __main.o(!!!main)
    __scatterload                            0x08000139   Thumb Code     0  __scatter.o(!!!scatter)
    __scatterload_rt2                        0x08000139   Thumb Code    44  __scatter.o(!!!scatter)
    __scatterload_rt2_thumb_only             0x08000139   Thumb Code     0  __scatter.o(!!!scatter)
    __scatterload_null                       0x08000147   Thumb Code     0  __scatter.o(!!!scatter)
    __scatterload_copy                       0x0800016d   Thumb Code    26  __scatter_copy.o(!!handler_copy)
    __scatterload_zeroinit                   0x08000189   Thumb Code    28  __scatter_zi.o(!!handler_zi)
    _printf_i                                0x080001a5   Thumb Code     0  _printf_i.o(.ARM.Collect$$_printf_percent$$00000008)
    _printf_percent                          0x080001a5   Thumb Code     0  _printf_percent.o(.ARM.Collect$$_printf_percent$$00000000)
    _printf_percent_end                      0x080001ab   Thumb Code     0  _printf_percent_end.o(.ARM.Collect$$_printf_percent$$00000017)
    __rt_lib_init                            0x080001af   Thumb Code     0  libinit.o(.ARM.Collect$$libinit$$00000000)
    __rt_lib_init_alloca_1                   0x080001b5   Thumb Code     0  libinit2.o(.ARM.Collect$$libinit$$0000002A)
    __rt_lib_init_argv_1                     0x080001b5   Thumb Code     0  libinit2.o(.ARM.Collect$$libinit$$00000028)
    __rt_lib_init_atexit_1                   0x080001b5   Thumb Code     0  libinit2.o(.ARM.Collect$$libinit$$00000017)
    __rt_lib_init_clock_1                    0x080001b5   Thumb Code     0  libinit2.o(.ARM.Collect$$libinit$$0000001D)
    __rt_lib_init_cpp_1                      0x080001b5   Thumb Code     0  libinit2.o(.ARM.Collect$$libinit$$0000002E)
    __rt_lib_init_exceptions_1               0x080001b5   Thumb Code     0  libinit2.o(.ARM.Collect$$libinit$$0000002C)
    __rt_lib_init_fp_trap_1                  0x080001b5   Thumb Code     0  libinit2.o(.ARM.Collect$$libinit$$0000001B)
    __rt_lib_init_getenv_1                   0x080001b5   Thumb Code     0  libinit2.o(.ARM.Collect$$libinit$$0000001F)
    __rt_lib_init_heap_1                     0x080001b5   Thumb Code     0  libinit2.o(.ARM.Collect$$libinit$$00000006)
    __rt_lib_init_lc_collate_1               0x080001b5   Thumb Code     0  libinit2.o(.ARM.Collect$$libinit$$0000000D)
    __rt_lib_init_lc_ctype_1                 0x080001b5   Thumb Code     0  libinit2.o(.ARM.Collect$$libinit$$0000000F)
    __rt_lib_init_lc_monetary_1              0x080001b5   Thumb Code     0  libinit2.o(.ARM.Collect$$libinit$$00000011)
    __rt_lib_init_lc_numeric_1               0x080001b5   Thumb Code     0  libinit2.o(.ARM.Collect$$libinit$$00000013)
    __rt_lib_init_lc_time_1                  0x080001b5   Thumb Code     0  libinit2.o(.ARM.Collect$$libinit$$00000015)
    __rt_lib_init_rand_1                     0x080001b5   Thumb Code     0  libinit2.o(.ARM.Collect$$libinit$$0000000A)
    __rt_lib_init_return                     0x080001b5   Thumb Code     0  libinit2.o(.ARM.Collect$$libinit$$0000002F)
    __rt_lib_init_signal_1                   0x080001b5   Thumb Code     0  libinit2.o(.ARM.Collect$$libinit$$00000019)
    __rt_lib_init_stdio_1                    0x080001b5   Thumb Code     0  libinit2.o(.ARM.Collect$$libinit$$00000021)
    __rt_lib_init_user_alloc_1               0x080001b5   Thumb Code     0  libinit2.o(.ARM.Collect$$libinit$$00000008)
    __rt_lib_shutdown                        0x080001b7   Thumb Code     0  libshutdown.o(.ARM.Collect$$libshutdown$$00000000)
    __rt_lib_shutdown_fp_trap_1              0x080001b9   Thumb Code     0  libshutdown2.o(.ARM.Collect$$libshutdown$$00000006)
    __rt_lib_shutdown_heap_1                 0x080001b9   Thumb Code     0  libshutdown2.o(.ARM.Collect$$libshutdown$$0000000E)
    __rt_lib_shutdown_return                 0x080001b9   Thumb Code     0  libshutdown2.o(.ARM.Collect$$libshutdown$$0000000F)
    __rt_lib_shutdown_signal_1               0x080001b9   Thumb Code     0  libshutdown2.o(.ARM.Collect$$libshutdown$$00000009)
    __rt_lib_shutdown_stdio_1                0x080001b9   Thumb Code     0  libshutdown2.o(.ARM.Collect$$libshutdown$$00000003)
    __rt_lib_shutdown_user_alloc_1           0x080001b9   Thumb Code     0  libshutdown2.o(.ARM.Collect$$libshutdown$$0000000B)
    __rt_entry                               0x080001bb   Thumb Code     0  rtentry.o(.ARM.Collect$$rtentry$$00000000)
    __rt_entry_presh_1                       0x080001bb   Thumb Code     0  rtentry2.o(.ARM.Collect$$rtentry$$00000002)
    __rt_entry_sh                            0x080001bb   Thumb Code     0  rtentry4.o(.ARM.Collect$$rtentry$$00000004)
    __rt_entry_li                            0x080001c1   Thumb Code     0  rtentry2.o(.ARM.Collect$$rtentry$$0000000A)
    __rt_entry_postsh_1                      0x080001c1   Thumb Code     0  rtentry2.o(.ARM.Collect$$rtentry$$00000009)
    __rt_entry_main                          0x080001c5   Thumb Code     0  rtentry2.o(.ARM.Collect$$rtentry$$0000000D)
    __rt_entry_postli_1                      0x080001c5   Thumb Code     0  rtentry2.o(.ARM.Collect$$rtentry$$0000000C)
    __rt_exit                                0x080001cd   Thumb Code     0  rtexit.o(.ARM.Collect$$rtexit$$00000000)
    __rt_exit_ls                             0x080001cd   Thumb Code     0  rtexit2.o(.ARM.Collect$$rtexit$$00000003)
    __rt_exit_prels_1                        0x080001cd   Thumb Code     0  rtexit2.o(.ARM.Collect$$rtexit$$00000002)
    __rt_exit_exit                           0x080001d1   Thumb Code     0  rtexit2.o(.ARM.Collect$$rtexit$$00000004)
    main                                     0x080001d5   Thumb Code   354  main.o(.text)
    NMI_Handler                              0x08000371   Thumb Code     2  stm32f10x_it.o(.text)
    HardFault_Handler                        0x08000373   Thumb Code     4  stm32f10x_it.o(.text)
    MemManage_Handler                        0x08000377   Thumb Code     4  stm32f10x_it.o(.text)
    BusFault_Handler                         0x0800037b   Thumb Code     4  stm32f10x_it.o(.text)
    UsageFault_Handler                       0x0800037f   Thumb Code     4  stm32f10x_it.o(.text)
    SVC_Handler                              0x08000383   Thumb Code     2  stm32f10x_it.o(.text)
    DebugMon_Handler                         0x08000385   Thumb Code     2  stm32f10x_it.o(.text)
    PendSV_Handler                           0x08000387   Thumb Code     2  stm32f10x_it.o(.text)
    SysTick_Handler                          0x08000389   Thumb Code     2  stm32f10x_it.o(.text)
    SystemInit                               0x08000455   Thumb Code    78  system_stm32f10x.o(.text)
    SystemCoreClockUpdate                    0x080004a3   Thumb Code   142  system_stm32f10x.o(.text)
    Adc_Init                                 0x08000555   Thumb Code   132  adc.o(.text)
    Get_Adc                                  0x080005d9   Thumb Code    46  adc.o(.text)
    Get_Adc_Average                          0x08000607   Thumb Code    46  adc.o(.text)
    LCD_WR_REG                               0x0800063d   Thumb Code     6  lcd.o(.text)
    LCD_WR_DATA                              0x08000643   Thumb Code     8  lcd.o(.text)
    LCD_RD_DATA                              0x0800064b   Thumb Code     8  lcd.o(.text)
    LCD_WriteReg                             0x08000653   Thumb Code    14  lcd.o(.text)
    LCD_ReadReg                              0x08000661   Thumb Code    22  lcd.o(.text)
    LCD_WriteRAM_Prepare                     0x08000677   Thumb Code    10  lcd.o(.text)
    LCD_WriteRAM                             0x08000681   Thumb Code     8  lcd.o(.text)
    LCD_BGR2RGB                              0x08000689   Thumb Code    26  lcd.o(.text)
    opt_delay                                0x080006a3   Thumb Code    14  lcd.o(.text)
    LCD_SetCursor                            0x080006b1   Thumb Code   112  lcd.o(.text)
    LCD_ReadPoint                            0x08000721   Thumb Code   272  lcd.o(.text)
    LCD_DisplayOn                            0x08000831   Thumb Code    46  lcd.o(.text)
    LCD_DisplayOff                           0x0800085f   Thumb Code    44  lcd.o(.text)
    LCD_Scan_Dir                             0x0800088b   Thumb Code   464  lcd.o(.text)
    LCD_DrawPoint                            0x08000a5b   Thumb Code    28  lcd.o(.text)
    LCD_Fast_DrawPoint                       0x08000a77   Thumb Code   132  lcd.o(.text)
    LCD_Display_Dir                          0x08000afb   Thumb Code   238  lcd.o(.text)
    LCD_Clear                                0x08000be9   Thumb Code    42  lcd.o(.text)
    LCD_Init                                 0x08000c13   Thumb Code  6216  lcd.o(.text)
    LCD_Fill                                 0x0800245b   Thumb Code    84  lcd.o(.text)
    LCD_Color_Fill                           0x080024af   Thumb Code   102  lcd.o(.text)
    LCD_DrawLine                             0x08002515   Thumb Code   200  lcd.o(.text)
    LCD_DrawRectangle                        0x080025dd   Thumb Code    60  lcd.o(.text)
    Draw_Circle                              0x08002619   Thumb Code   184  lcd.o(.text)
    LCD_ShowChar                             0x080026d1   Thumb Code   346  lcd.o(.text)
    LCD_Pow                                  0x0800282b   Thumb Code    22  lcd.o(.text)
    LCD_ShowNum                              0x08002841   Thumb Code   158  lcd.o(.text)
    LCD_ShowxNum                             0x080028df   Thumb Code   200  lcd.o(.text)
    LCD_ShowString                           0x080029a7   Thumb Code   104  lcd.o(.text)
    LED_Init                                 0x08002a25   Thumb Code    80  led.o(.text)
    delay_init                               0x08002a79   Thumb Code    42  delay.o(.text)
    delay_us                                 0x08002aa3   Thumb Code    68  delay.o(.text)
    delay_ms                                 0x08002ae7   Thumb Code    70  delay.o(.text)
    NVIC_Configuration                       0x08002b39   Thumb Code    12  sys.o(.text)
    _sys_exit                                0x08002b45   Thumb Code     6  usart.o(.text)
    fputc                                    0x08002b4b   Thumb Code    22  usart.o(.text)
    uart_init                                0x08002b61   Thumb Code   158  usart.o(.text)
    USART1_IRQHandler                        0x08002bff   Thumb Code   124  usart.o(.text)
    Reset_Handler                            0x08002c8d   Thumb Code     8  startup_stm32f10x_hd.o(.text)
    ADC1_2_IRQHandler                        0x08002ca7   Thumb Code     0  startup_stm32f10x_hd.o(.text)
    ADC3_IRQHandler                          0x08002ca7   Thumb Code     0  startup_stm32f10x_hd.o(.text)
    CAN1_RX1_IRQHandler                      0x08002ca7   Thumb Code     0  startup_stm32f10x_hd.o(.text)
    CAN1_SCE_IRQHandler                      0x08002ca7   Thumb Code     0  startup_stm32f10x_hd.o(.text)
    DMA1_Channel1_IRQHandler                 0x08002ca7   Thumb Code     0  startup_stm32f10x_hd.o(.text)
    DMA1_Channel2_IRQHandler                 0x08002ca7   Thumb Code     0  startup_stm32f10x_hd.o(.text)
    DMA1_Channel3_IRQHandler                 0x08002ca7   Thumb Code     0  startup_stm32f10x_hd.o(.text)
    DMA1_Channel4_IRQHandler                 0x08002ca7   Thumb Code     0  startup_stm32f10x_hd.o(.text)
    DMA1_Channel5_IRQHandler                 0x08002ca7   Thumb Code     0  startup_stm32f10x_hd.o(.text)
    DMA1_Channel6_IRQHandler                 0x08002ca7   Thumb Code     0  startup_stm32f10x_hd.o(.text)
    DMA1_Channel7_IRQHandler                 0x08002ca7   Thumb Code     0  startup_stm32f10x_hd.o(.text)
    DMA2_Channel1_IRQHandler                 0x08002ca7   Thumb Code     0  startup_stm32f10x_hd.o(.text)
    DMA2_Channel2_IRQHandler                 0x08002ca7   Thumb Code     0  startup_stm32f10x_hd.o(.text)
    DMA2_Channel3_IRQHandler                 0x08002ca7   Thumb Code     0  startup_stm32f10x_hd.o(.text)
    DMA2_Channel4_5_IRQHandler               0x08002ca7   Thumb Code     0  startup_stm32f10x_hd.o(.text)
    EXTI0_IRQHandler                         0x08002ca7   Thumb Code     0  startup_stm32f10x_hd.o(.text)
    EXTI15_10_IRQHandler                     0x08002ca7   Thumb Code     0  startup_stm32f10x_hd.o(.text)
    EXTI1_IRQHandler                         0x08002ca7   Thumb Code     0  startup_stm32f10x_hd.o(.text)
    EXTI2_IRQHandler                         0x08002ca7   Thumb Code     0  startup_stm32f10x_hd.o(.text)
    EXTI3_IRQHandler                         0x08002ca7   Thumb Code     0  startup_stm32f10x_hd.o(.text)
    EXTI4_IRQHandler                         0x08002ca7   Thumb Code     0  startup_stm32f10x_hd.o(.text)
    EXTI9_5_IRQHandler                       0x08002ca7   Thumb Code     0  startup_stm32f10x_hd.o(.text)
    FLASH_IRQHandler                         0x08002ca7   Thumb Code     0  startup_stm32f10x_hd.o(.text)
    FSMC_IRQHandler                          0x08002ca7   Thumb Code     0  startup_stm32f10x_hd.o(.text)
    I2C1_ER_IRQHandler                       0x08002ca7   Thumb Code     0  startup_stm32f10x_hd.o(.text)
    I2C1_EV_IRQHandler                       0x08002ca7   Thumb Code     0  startup_stm32f10x_hd.o(.text)
    I2C2_ER_IRQHandler                       0x08002ca7   Thumb Code     0  startup_stm32f10x_hd.o(.text)
    I2C2_EV_IRQHandler                       0x08002ca7   Thumb Code     0  startup_stm32f10x_hd.o(.text)
    PVD_IRQHandler                           0x08002ca7   Thumb Code     0  startup_stm32f10x_hd.o(.text)
    RCC_IRQHandler                           0x08002ca7   Thumb Code     0  startup_stm32f10x_hd.o(.text)
    RTCAlarm_IRQHandler                      0x08002ca7   Thumb Code     0  startup_stm32f10x_hd.o(.text)
    RTC_IRQHandler                           0x08002ca7   Thumb Code     0  startup_stm32f10x_hd.o(.text)
    SDIO_IRQHandler                          0x08002ca7   Thumb Code     0  startup_stm32f10x_hd.o(.text)
    SPI1_IRQHandler                          0x08002ca7   Thumb Code     0  startup_stm32f10x_hd.o(.text)
    SPI2_IRQHandler                          0x08002ca7   Thumb Code     0  startup_stm32f10x_hd.o(.text)
    SPI3_IRQHandler                          0x08002ca7   Thumb Code     0  startup_stm32f10x_hd.o(.text)
    TAMPER_IRQHandler                        0x08002ca7   Thumb Code     0  startup_stm32f10x_hd.o(.text)
    TIM1_BRK_IRQHandler                      0x08002ca7   Thumb Code     0  startup_stm32f10x_hd.o(.text)
    TIM1_CC_IRQHandler                       0x08002ca7   Thumb Code     0  startup_stm32f10x_hd.o(.text)
    TIM1_TRG_COM_IRQHandler                  0x08002ca7   Thumb Code     0  startup_stm32f10x_hd.o(.text)
    TIM1_UP_IRQHandler                       0x08002ca7   Thumb Code     0  startup_stm32f10x_hd.o(.text)
    TIM2_IRQHandler                          0x08002ca7   Thumb Code     0  startup_stm32f10x_hd.o(.text)
    TIM3_IRQHandler                          0x08002ca7   Thumb Code     0  startup_stm32f10x_hd.o(.text)
    TIM4_IRQHandler                          0x08002ca7   Thumb Code     0  startup_stm32f10x_hd.o(.text)
    TIM5_IRQHandler                          0x08002ca7   Thumb Code     0  startup_stm32f10x_hd.o(.text)
    TIM6_IRQHandler                          0x08002ca7   Thumb Code     0  startup_stm32f10x_hd.o(.text)
    TIM7_IRQHandler                          0x08002ca7   Thumb Code     0  startup_stm32f10x_hd.o(.text)
    TIM8_BRK_IRQHandler                      0x08002ca7   Thumb Code     0  startup_stm32f10x_hd.o(.text)
    TIM8_CC_IRQHandler                       0x08002ca7   Thumb Code     0  startup_stm32f10x_hd.o(.text)
    TIM8_TRG_COM_IRQHandler                  0x08002ca7   Thumb Code     0  startup_stm32f10x_hd.o(.text)
    TIM8_UP_IRQHandler                       0x08002ca7   Thumb Code     0  startup_stm32f10x_hd.o(.text)
    UART4_IRQHandler                         0x08002ca7   Thumb Code     0  startup_stm32f10x_hd.o(.text)
    UART5_IRQHandler                         0x08002ca7   Thumb Code     0  startup_stm32f10x_hd.o(.text)
    USART2_IRQHandler                        0x08002ca7   Thumb Code     0  startup_stm32f10x_hd.o(.text)
    USART3_IRQHandler                        0x08002ca7   Thumb Code     0  startup_stm32f10x_hd.o(.text)
    USBWakeUp_IRQHandler                     0x08002ca7   Thumb Code     0  startup_stm32f10x_hd.o(.text)
    USB_HP_CAN1_TX_IRQHandler                0x08002ca7   Thumb Code     0  startup_stm32f10x_hd.o(.text)
    USB_LP_CAN1_RX0_IRQHandler               0x08002ca7   Thumb Code     0  startup_stm32f10x_hd.o(.text)
    WWDG_IRQHandler                          0x08002ca7   Thumb Code     0  startup_stm32f10x_hd.o(.text)
    __user_initial_stackheap                 0x08002ca9   Thumb Code     0  startup_stm32f10x_hd.o(.text)
    NVIC_PriorityGroupConfig                 0x08002ccd   Thumb Code    10  misc.o(.text)
    NVIC_Init                                0x08002cd7   Thumb Code   102  misc.o(.text)
    NVIC_SetVectorTable                      0x08002d3d   Thumb Code    14  misc.o(.text)
    NVIC_SystemLPConfig                      0x08002d4b   Thumb Code    38  misc.o(.text)
    SysTick_CLKSourceConfig                  0x08002d71   Thumb Code    40  misc.o(.text)
    ADC_DeInit                               0x08002dad   Thumb Code    78  stm32f10x_adc.o(.text)
    ADC_Init                                 0x08002dfb   Thumb Code    68  stm32f10x_adc.o(.text)
    ADC_StructInit                           0x08002e3f   Thumb Code    18  stm32f10x_adc.o(.text)
    ADC_Cmd                                  0x08002e51   Thumb Code    22  stm32f10x_adc.o(.text)
    ADC_DMACmd                               0x08002e67   Thumb Code    22  stm32f10x_adc.o(.text)
    ADC_ITConfig                             0x08002e7d   Thumb Code    24  stm32f10x_adc.o(.text)
    ADC_ResetCalibration                     0x08002e95   Thumb Code    10  stm32f10x_adc.o(.text)
    ADC_GetResetCalibrationStatus            0x08002e9f   Thumb Code    20  stm32f10x_adc.o(.text)
    ADC_StartCalibration                     0x08002eb3   Thumb Code    10  stm32f10x_adc.o(.text)
    ADC_GetCalibrationStatus                 0x08002ebd   Thumb Code    20  stm32f10x_adc.o(.text)
    ADC_SoftwareStartConvCmd                 0x08002ed1   Thumb Code    22  stm32f10x_adc.o(.text)
    ADC_GetSoftwareStartConvStatus           0x08002ee7   Thumb Code    20  stm32f10x_adc.o(.text)
    ADC_DiscModeChannelCountConfig           0x08002efb   Thumb Code    22  stm32f10x_adc.o(.text)
    ADC_DiscModeCmd                          0x08002f11   Thumb Code    22  stm32f10x_adc.o(.text)
    ADC_RegularChannelConfig                 0x08002f27   Thumb Code   180  stm32f10x_adc.o(.text)
    ADC_ExternalTrigConvCmd                  0x08002fdb   Thumb Code    22  stm32f10x_adc.o(.text)
    ADC_GetConversionValue                   0x08002ff1   Thumb Code     8  stm32f10x_adc.o(.text)
    ADC_GetDualModeConversionValue           0x08002ff9   Thumb Code     8  stm32f10x_adc.o(.text)
    ADC_AutoInjectedConvCmd                  0x08003001   Thumb Code    22  stm32f10x_adc.o(.text)
    ADC_InjectedDiscModeCmd                  0x08003017   Thumb Code    22  stm32f10x_adc.o(.text)
    ADC_ExternalTrigInjectedConvConfig       0x0800302d   Thumb Code    14  stm32f10x_adc.o(.text)
    ADC_ExternalTrigInjectedConvCmd          0x0800303b   Thumb Code    22  stm32f10x_adc.o(.text)
    ADC_SoftwareStartInjectedConvCmd         0x08003051   Thumb Code    22  stm32f10x_adc.o(.text)
    ADC_GetSoftwareStartInjectedConvCmdStatus 0x08003067   Thumb Code    20  stm32f10x_adc.o(.text)
    ADC_InjectedChannelConfig                0x0800307b   Thumb Code   126  stm32f10x_adc.o(.text)
    ADC_InjectedSequencerLengthConfig        0x080030f9   Thumb Code    22  stm32f10x_adc.o(.text)
    ADC_SetInjectedOffset                    0x0800310f   Thumb Code    14  stm32f10x_adc.o(.text)
    ADC_GetInjectedConversionValue           0x0800311d   Thumb Code    20  stm32f10x_adc.o(.text)
    ADC_AnalogWatchdogCmd                    0x08003131   Thumb Code    14  stm32f10x_adc.o(.text)
    ADC_AnalogWatchdogThresholdsConfig       0x0800313f   Thumb Code     6  stm32f10x_adc.o(.text)
    ADC_AnalogWatchdogSingleChannelConfig    0x08003145   Thumb Code    14  stm32f10x_adc.o(.text)
    ADC_TempSensorVrefintCmd                 0x08003153   Thumb Code    38  stm32f10x_adc.o(.text)
    ADC_GetFlagStatus                        0x08003179   Thumb Code    18  stm32f10x_adc.o(.text)
    ADC_ClearFlag                            0x0800318b   Thumb Code    34  stm32f10x_adc.o(.text)
    ADC_GetITStatus                          0x080031ad   Thumb Code    36  stm32f10x_adc.o(.text)
    ADC_ClearITPendingBit                    0x080031d1   Thumb Code    10  stm32f10x_adc.o(.text)
    FSMC_NORSRAMDeInit                       0x080031dd   Thumb Code    56  stm32f10x_fsmc.o(.text)
    FSMC_NANDDeInit                          0x08003215   Thumb Code    62  stm32f10x_fsmc.o(.text)
    FSMC_PCCARDDeInit                        0x08003253   Thumb Code    36  stm32f10x_fsmc.o(.text)
    FSMC_NORSRAMInit                         0x08003277   Thumb Code   224  stm32f10x_fsmc.o(.text)
    FSMC_NANDInit                            0x08003357   Thumb Code   132  stm32f10x_fsmc.o(.text)
    FSMC_PCCARDInit                          0x080033db   Thumb Code   130  stm32f10x_fsmc.o(.text)
    FSMC_NORSRAMStructInit                   0x0800345d   Thumb Code   114  stm32f10x_fsmc.o(.text)
    FSMC_NANDStructInit                      0x080034cf   Thumb Code    54  stm32f10x_fsmc.o(.text)
    FSMC_PCCARDStructInit                    0x08003505   Thumb Code    60  stm32f10x_fsmc.o(.text)
    FSMC_NORSRAMCmd                          0x08003541   Thumb Code    46  stm32f10x_fsmc.o(.text)
    FSMC_NANDCmd                             0x0800356f   Thumb Code    86  stm32f10x_fsmc.o(.text)
    FSMC_PCCARDCmd                           0x080035c5   Thumb Code    44  stm32f10x_fsmc.o(.text)
    FSMC_NANDECCCmd                          0x080035f1   Thumb Code    92  stm32f10x_fsmc.o(.text)
    FSMC_GetECC                              0x0800364d   Thumb Code    24  stm32f10x_fsmc.o(.text)
    FSMC_ITConfig                            0x08003665   Thumb Code   128  stm32f10x_fsmc.o(.text)
    FSMC_GetFlagStatus                       0x080036e5   Thumb Code    52  stm32f10x_fsmc.o(.text)
    FSMC_ClearFlag                           0x08003719   Thumb Code    62  stm32f10x_fsmc.o(.text)
    FSMC_GetITStatus                         0x08003757   Thumb Code    64  stm32f10x_fsmc.o(.text)
    FSMC_ClearITPendingBit                   0x08003797   Thumb Code    68  stm32f10x_fsmc.o(.text)
    GPIO_DeInit                              0x080037e5   Thumb Code   172  stm32f10x_gpio.o(.text)
    GPIO_AFIODeInit                          0x08003891   Thumb Code    20  stm32f10x_gpio.o(.text)
    GPIO_Init                                0x080038a5   Thumb Code   268  stm32f10x_gpio.o(.text)
    GPIO_StructInit                          0x080039b1   Thumb Code    16  stm32f10x_gpio.o(.text)
    GPIO_ReadInputDataBit                    0x080039c1   Thumb Code    18  stm32f10x_gpio.o(.text)
    GPIO_ReadInputData                       0x080039d3   Thumb Code     8  stm32f10x_gpio.o(.text)
    GPIO_ReadOutputDataBit                   0x080039db   Thumb Code    18  stm32f10x_gpio.o(.text)
    GPIO_ReadOutputData                      0x080039ed   Thumb Code     8  stm32f10x_gpio.o(.text)
    GPIO_SetBits                             0x080039f5   Thumb Code     4  stm32f10x_gpio.o(.text)
    GPIO_ResetBits                           0x080039f9   Thumb Code     4  stm32f10x_gpio.o(.text)
    GPIO_WriteBit                            0x080039fd   Thumb Code    10  stm32f10x_gpio.o(.text)
    GPIO_Write                               0x08003a07   Thumb Code     4  stm32f10x_gpio.o(.text)
    GPIO_PinLockConfig                       0x08003a0b   Thumb Code    18  stm32f10x_gpio.o(.text)
    GPIO_EventOutputConfig                   0x08003a1d   Thumb Code    24  stm32f10x_gpio.o(.text)
    GPIO_EventOutputCmd                      0x08003a35   Thumb Code     6  stm32f10x_gpio.o(.text)
    GPIO_PinRemapConfig                      0x08003a3b   Thumb Code   136  stm32f10x_gpio.o(.text)
    GPIO_EXTILineConfig                      0x08003ac3   Thumb Code    60  stm32f10x_gpio.o(.text)
    GPIO_ETH_MediaInterfaceConfig            0x08003aff   Thumb Code     8  stm32f10x_gpio.o(.text)
    RCC_DeInit                               0x08003b2d   Thumb Code    64  stm32f10x_rcc.o(.text)
    RCC_HSEConfig                            0x08003b6d   Thumb Code    70  stm32f10x_rcc.o(.text)
    RCC_GetFlagStatus                        0x08003bb3   Thumb Code    56  stm32f10x_rcc.o(.text)
    RCC_WaitForHSEStartUp                    0x08003beb   Thumb Code    48  stm32f10x_rcc.o(.text)
    RCC_AdjustHSICalibrationValue            0x08003c1b   Thumb Code    18  stm32f10x_rcc.o(.text)
    RCC_HSICmd                               0x08003c2d   Thumb Code     6  stm32f10x_rcc.o(.text)
    RCC_PLLConfig                            0x08003c33   Thumb Code    22  stm32f10x_rcc.o(.text)
    RCC_PLLCmd                               0x08003c49   Thumb Code     6  stm32f10x_rcc.o(.text)
    RCC_SYSCLKConfig                         0x08003c4f   Thumb Code    16  stm32f10x_rcc.o(.text)
    RCC_GetSYSCLKSource                      0x08003c5f   Thumb Code    10  stm32f10x_rcc.o(.text)
    RCC_HCLKConfig                           0x08003c69   Thumb Code    16  stm32f10x_rcc.o(.text)
    RCC_PCLK1Config                          0x08003c79   Thumb Code    16  stm32f10x_rcc.o(.text)
    RCC_PCLK2Config                          0x08003c89   Thumb Code    18  stm32f10x_rcc.o(.text)
    RCC_ITConfig                             0x08003c9b   Thumb Code    30  stm32f10x_rcc.o(.text)
    RCC_USBCLKConfig                         0x08003cb9   Thumb Code     8  stm32f10x_rcc.o(.text)
    RCC_ADCCLKConfig                         0x08003cc1   Thumb Code    16  stm32f10x_rcc.o(.text)
    RCC_LSEConfig                            0x08003cd1   Thumb Code    50  stm32f10x_rcc.o(.text)
    RCC_LSICmd                               0x08003d03   Thumb Code     6  stm32f10x_rcc.o(.text)
    RCC_RTCCLKConfig                         0x08003d09   Thumb Code    12  stm32f10x_rcc.o(.text)
    RCC_RTCCLKCmd                            0x08003d15   Thumb Code     8  stm32f10x_rcc.o(.text)
    RCC_GetClocksFreq                        0x08003d1d   Thumb Code   194  stm32f10x_rcc.o(.text)
    RCC_AHBPeriphClockCmd                    0x08003ddf   Thumb Code    26  stm32f10x_rcc.o(.text)
    RCC_APB2PeriphClockCmd                   0x08003df9   Thumb Code    26  stm32f10x_rcc.o(.text)
    RCC_APB1PeriphClockCmd                   0x08003e13   Thumb Code    26  stm32f10x_rcc.o(.text)
    RCC_APB2PeriphResetCmd                   0x08003e2d   Thumb Code    26  stm32f10x_rcc.o(.text)
    RCC_APB1PeriphResetCmd                   0x08003e47   Thumb Code    26  stm32f10x_rcc.o(.text)
    RCC_BackupResetCmd                       0x08003e61   Thumb Code     8  stm32f10x_rcc.o(.text)
    RCC_ClockSecuritySystemCmd               0x08003e69   Thumb Code     6  stm32f10x_rcc.o(.text)
    RCC_MCOConfig                            0x08003e6f   Thumb Code     6  stm32f10x_rcc.o(.text)
    RCC_ClearFlag                            0x08003e75   Thumb Code    14  stm32f10x_rcc.o(.text)
    RCC_GetITStatus                          0x08003e83   Thumb Code    20  stm32f10x_rcc.o(.text)
    RCC_ClearITPendingBit                    0x08003e97   Thumb Code     6  stm32f10x_rcc.o(.text)
    USART_DeInit                             0x08003ebd   Thumb Code   134  stm32f10x_usart.o(.text)
    USART_Init                               0x08003f43   Thumb Code   210  stm32f10x_usart.o(.text)
    USART_StructInit                         0x08004015   Thumb Code    24  stm32f10x_usart.o(.text)
    USART_ClockInit                          0x0800402d   Thumb Code    32  stm32f10x_usart.o(.text)
    USART_ClockStructInit                    0x0800404d   Thumb Code    12  stm32f10x_usart.o(.text)
    USART_Cmd                                0x08004059   Thumb Code    24  stm32f10x_usart.o(.text)
    USART_ITConfig                           0x08004071   Thumb Code    72  stm32f10x_usart.o(.text)
    USART_DMACmd                             0x080040b9   Thumb Code    24  stm32f10x_usart.o(.text)
    USART_SetAddress                         0x080040d1   Thumb Code    18  stm32f10x_usart.o(.text)
    USART_WakeUpConfig                       0x080040e3   Thumb Code    18  stm32f10x_usart.o(.text)
    USART_ReceiverWakeUpCmd                  0x080040f5   Thumb Code    24  stm32f10x_usart.o(.text)
    USART_LINBreakDetectLengthConfig         0x0800410d   Thumb Code    18  stm32f10x_usart.o(.text)
    USART_LINCmd                             0x0800411f   Thumb Code    24  stm32f10x_usart.o(.text)
    USART_SendData                           0x08004137   Thumb Code     8  stm32f10x_usart.o(.text)
    USART_ReceiveData                        0x0800413f   Thumb Code    10  stm32f10x_usart.o(.text)
    USART_SendBreak                          0x08004149   Thumb Code    10  stm32f10x_usart.o(.text)
    USART_SetGuardTime                       0x08004153   Thumb Code    16  stm32f10x_usart.o(.text)
    USART_SetPrescaler                       0x08004163   Thumb Code    16  stm32f10x_usart.o(.text)
    USART_SmartCardCmd                       0x08004173   Thumb Code    24  stm32f10x_usart.o(.text)
    USART_SmartCardNACKCmd                   0x0800418b   Thumb Code    24  stm32f10x_usart.o(.text)
    USART_HalfDuplexCmd                      0x080041a3   Thumb Code    24  stm32f10x_usart.o(.text)
    USART_OverSampling8Cmd                   0x080041bb   Thumb Code    22  stm32f10x_usart.o(.text)
    USART_OneBitMethodCmd                    0x080041d1   Thumb Code    24  stm32f10x_usart.o(.text)
    USART_IrDAConfig                         0x080041e9   Thumb Code    18  stm32f10x_usart.o(.text)
    USART_IrDACmd                            0x080041fb   Thumb Code    24  stm32f10x_usart.o(.text)
    USART_GetFlagStatus                      0x08004213   Thumb Code    26  stm32f10x_usart.o(.text)
    USART_ClearFlag                          0x0800422d   Thumb Code    18  stm32f10x_usart.o(.text)
    USART_GetITStatus                        0x0800423f   Thumb Code    84  stm32f10x_usart.o(.text)
    USART_ClearITPendingBit                  0x08004293   Thumb Code    50  stm32f10x_usart.o(.text)
    __use_no_semihosting                     0x080042c5   Thumb Code     2  use_no_semi_2.o(.text)
    __2printf                                0x080042c9   Thumb Code    24  noretval__2printf.o(.text)
    __printf                                 0x080042e9   Thumb Code   110  __printf.o(.text)
    _printf_int_dec                          0x08004359   Thumb Code    96  _printf_dec.o(.text)
    __use_two_region_memory                  0x080043c9   Thumb Code     2  heapauxi.o(.text)
    __rt_heap_escrow$2region                 0x080043cb   Thumb Code     2  heapauxi.o(.text)
    __rt_heap_expand$2region                 0x080043cd   Thumb Code     2  heapauxi.o(.text)
    __I$use$semihosting                      0x080043cf   Thumb Code     0  use_no_semi.o(.text)
    __use_no_semihosting_swi                 0x080043cf   Thumb Code     2  use_no_semi.o(.text)
    _printf_int_common                       0x080043d1   Thumb Code   174  _printf_intcommon.o(.text)
    _printf_char_common                      0x0800448b   Thumb Code    34  _printf_char_common.o(.text)
    __rt_udiv10                              0x080044b1   Thumb Code    16  rtudiv10.o(.text)
    __user_setup_stackheap                   0x080044c1   Thumb Code    74  sys_stackheap_outer.o(.text)
    exit                                     0x0800450b   Thumb Code    12  exit.o(.text)
    __user_libspace                          0x08004519   Thumb Code     8  libspace.o(.text)
    __user_perproc_libspace                  0x08004519   Thumb Code     0  libspace.o(.text)
    __user_perthread_libspace                0x08004519   Thumb Code     0  libspace.o(.text)
    __aeabi_d2f                              0x08004521   Thumb Code     0  d2f.o(x$fpl$d2f)
    _d2f                                     0x08004521   Thumb Code   142  d2f.o(x$fpl$d2f)
    __fpl_inf_d2f                            0x080045a9   Thumb Code     0  d2f.o(x$fpl$d2f)
    __aeabi_dadd                             0x080045b5   Thumb Code     0  daddsub_clz.o(x$fpl$dadd)
    _dadd                                    0x080045b5   Thumb Code   424  daddsub_clz.o(x$fpl$dadd)
    __fpl_inf_dadd                           0x08004727   Thumb Code     0  daddsub_clz.o(x$fpl$dadd)
    __fpl_dcheck_NaN2                        0x0800476d   Thumb Code    10  dcheck.o(x$fpl$dcheck)
    __fpl_dcheck_NaN1                        0x0800477d   Thumb Code    10  dcheck1.o(x$fpl$dcheck1)
    __aeabi_ddiv                             0x0800478d   Thumb Code     0  ddiv.o(x$fpl$ddiv)
    _ddiv                                    0x0800478d   Thumb Code   428  ddiv.o(x$fpl$ddiv)
    __fpl_inf_ddiv                           0x08004901   Thumb Code     0  ddiv.o(x$fpl$ddiv)
    _ddiv_mantissas                          0x08004939   Thumb Code   324  ddiv.o(x$fpl$ddiv)
    __aeabi_d2iz                             0x08004b8d   Thumb Code     0  dfix.o(x$fpl$dfix)
    _dfix                                    0x08004b8d   Thumb Code   150  dfix.o(x$fpl$dfix)
    __fpl_inf_dfix                           0x08004c19   Thumb Code     0  dfix.o(x$fpl$dfix)
    __aeabi_i2d                              0x08004c29   Thumb Code     0  dflt_clz.o(x$fpl$dflt)
    _dflt                                    0x08004c29   Thumb Code    44  dflt_clz.o(x$fpl$dflt)
    __dflt_normalise                         0x08004c37   Thumb Code     0  dflt_clz.o(x$fpl$dflt)
    __aeabi_ui2d                             0x08004c55   Thumb Code     0  dflt_clz.o(x$fpl$dfltu)
    _dfltu                                   0x08004c55   Thumb Code    10  dflt_clz.o(x$fpl$dfltu)
    __aeabi_dmul                             0x08004c61   Thumb Code     0  dmul.o(x$fpl$dmul)
    _dmul                                    0x08004c61   Thumb Code   440  dmul.o(x$fpl$dmul)
    __fpl_inf_dmul                           0x08004deb   Thumb Code     0  dmul.o(x$fpl$dmul)
    __aeabi_drsub                            0x08004e29   Thumb Code     0  daddsub_clz.o(x$fpl$drsb)
    _drsb                                    0x08004e29   Thumb Code    22  daddsub_clz.o(x$fpl$drsb)
    __aeabi_dsub                             0x08004e41   Thumb Code     0  daddsub_clz.o(x$fpl$dsub)
    _dsub                                    0x08004e41   Thumb Code   572  daddsub_clz.o(x$fpl$dsub)
    __fpl_inf_dsub                           0x08005045   Thumb Code     0  daddsub_clz.o(x$fpl$dsub)
    __dunder                                 0x08005089   Thumb Code   234  dunder.o(x$fpl$dunder)
    __dunder_d                               0x08005173   Thumb Code     2  dunder.o(x$fpl$dunder)
    __aeabi_f2d                              0x08005175   Thumb Code     0  f2d.o(x$fpl$f2d)
    _f2d                                     0x08005175   Thumb Code    76  f2d.o(x$fpl$f2d)
    __fpl_inf_f2d                            0x080051b9   Thumb Code     0  f2d.o(x$fpl$f2d)
    __aeabi_fadd                             0x080051c5   Thumb Code     0  faddsub_clz.o(x$fpl$fadd)
    _fadd                                    0x080051c5   Thumb Code   248  faddsub_clz.o(x$fpl$fadd)
    __fpl_inf_fadd                           0x0800529f   Thumb Code     0  faddsub_clz.o(x$fpl$fadd)
    __fpl_fcheck_NaN2                        0x080052c5   Thumb Code     6  fcheck.o(x$fpl$fcheck)
    __fpl_fcheck_NaN1                        0x080052d1   Thumb Code     6  fcheck1.o(x$fpl$fcheck1)
    __aeabi_f2uiz                            0x080052dd   Thumb Code     0  ffixu.o(x$fpl$ffixu)
    _ffixu                                   0x080052dd   Thumb Code    82  ffixu.o(x$fpl$ffixu)
    __fpl_inf_ffixu                          0x08005329   Thumb Code     0  ffixu.o(x$fpl$ffixu)
    __aeabi_i2f                              0x08005335   Thumb Code     0  fflt_clz.o(x$fpl$fflt)
    _fflt                                    0x08005335   Thumb Code    50  fflt_clz.o(x$fpl$fflt)
    __fflt_normalise                         0x08005341   Thumb Code     0  fflt_clz.o(x$fpl$fflt)
    __aeabi_ui2f                             0x08005367   Thumb Code     0  fflt_clz.o(x$fpl$ffltu)
    _ffltu                                   0x08005367   Thumb Code     8  fflt_clz.o(x$fpl$ffltu)
    __aeabi_fmul                             0x08005371   Thumb Code     0  fmul.o(x$fpl$fmul)
    _fmul                                    0x08005371   Thumb Code   258  fmul.o(x$fpl$fmul)
    __fpl_inf_fmul                           0x0800545d   Thumb Code     0  fmul.o(x$fpl$fmul)
    __fpl_normalise2                         0x08005479   Thumb Code    74  fnorm2_clz.o(x$fpl$fnorm2)
    __aeabi_frsub                            0x080054c3   Thumb Code     0  faddsub_clz.o(x$fpl$frsb)
    _frsb                                    0x080054c3   Thumb Code    20  faddsub_clz.o(x$fpl$frsb)
    __aeabi_fsub                             0x080054d9   Thumb Code     0  faddsub_clz.o(x$fpl$fsub)
    _fsub                                    0x080054d9   Thumb Code   282  faddsub_clz.o(x$fpl$fsub)
    __fpl_inf_fsub                           0x080055d3   Thumb Code     0  faddsub_clz.o(x$fpl$fsub)
    __funder                                 0x080055fd   Thumb Code   132  funder.o(x$fpl$funder)
    __funder_d                               0x08005681   Thumb Code     2  funder.o(x$fpl$funder)
    __fpl_return_NaN                         0x08005683   Thumb Code   100  retnan.o(x$fpl$retnan)
    __fpl_cmpreturn                          0x080056e7   Thumb Code    48  trapv.o(x$fpl$trapveneer)
    __I$use$fp                               0x08005717   Thumb Code     0  usenofp.o(x$fpl$usenofp)
    asc2_1206                                0x08005716   Data        1140  lcd.o(.constdata)
    asc2_1608                                0x08005b8a   Data        1520  lcd.o(.constdata)
    Region$$Table$$Base                      0x0800617c   Number         0  anon$$obj.o(Region$$Table)
    Region$$Table$$Limit                     0x0800619c   Number         0  anon$$obj.o(Region$$Table)
    SystemCoreClock                          0x20000000   Data           4  system_stm32f10x.o(.data)
    AHBPrescTable                            0x20000004   Data          16  system_stm32f10x.o(.data)
    POINT_COLOR                              0x20000014   Data           2  lcd.o(.data)
    BACK_COLOR                               0x20000016   Data           2  lcd.o(.data)
    USART_RX_STA                             0x2000001c   Data           2  usart.o(.data)
    __stdout                                 0x20000020   Data           4  usart.o(.data)
    lcddev                                   0x20000038   Data          10  lcd.o(.bss)
    USART_RX_BUF                             0x20000042   Data         200  usart.o(.bss)
    __libspace_start                         0x2000010c   Data          96  libspace.o(.bss)
    __temporary_stack_top$libspace           0x2000016c   Data           0  libspace.o(.bss)



==============================================================================

Memory Map of the image

  Image Entry point : 0x08000131

  Load Region LR_IROM1 (Base: 0x08000000, Size: 0x000061d4, Max: 0x00080000, ABSOLUTE)

    Execution Region ER_IROM1 (Base: 0x08000000, Size: 0x0000619c, Max: 0x00080000, ABSOLUTE)

    Base Addr    Size         Type   Attr      Idx    E Section Name        Object

    0x08000000   0x00000130   Data   RO          264    RESET               startup_stm32f10x_hd.o
    0x08000130   0x00000008   Code   RO          377  * !!!main             __main.o(c_w.l)
    0x08000138   0x00000034   Code   RO          604    !!!scatter          __scatter.o(c_w.l)
    0x0800016c   0x0000001a   Code   RO          606    !!handler_copy      __scatter_copy.o(c_w.l)
    0x08000186   0x00000002   PAD
    0x08000188   0x0000001c   Code   RO          608    !!handler_zi        __scatter_zi.o(c_w.l)
    0x080001a4   0x00000000   Code   RO          374    .ARM.Collect$$_printf_percent$$00000000  _printf_percent.o(c_w.l)
    0x080001a4   0x00000006   Code   RO          373    .ARM.Collect$$_printf_percent$$00000008  _printf_i.o(c_w.l)
    0x080001aa   0x00000004   Code   RO          427    .ARM.Collect$$_printf_percent$$00000017  _printf_percent_end.o(c_w.l)
    0x080001ae   0x00000006   Code   RO          481    .ARM.Collect$$libinit$$00000000  libinit.o(c_w.l)
    0x080001b4   0x00000000   Code   RO          491    .ARM.Collect$$libinit$$00000006  libinit2.o(c_w.l)
    0x080001b4   0x00000000   Code   RO          493    .ARM.Collect$$libinit$$00000008  libinit2.o(c_w.l)
    0x080001b4   0x00000000   Code   RO          495    .ARM.Collect$$libinit$$0000000A  libinit2.o(c_w.l)
    0x080001b4   0x00000000   Code   RO          498    .ARM.Collect$$libinit$$0000000D  libinit2.o(c_w.l)
    0x080001b4   0x00000000   Code   RO          500    .ARM.Collect$$libinit$$0000000F  libinit2.o(c_w.l)
    0x080001b4   0x00000000   Code   RO          502    .ARM.Collect$$libinit$$00000011  libinit2.o(c_w.l)
    0x080001b4   0x00000000   Code   RO          504    .ARM.Collect$$libinit$$00000013  libinit2.o(c_w.l)
    0x080001b4   0x00000000   Code   RO          506    .ARM.Collect$$libinit$$00000015  libinit2.o(c_w.l)
    0x080001b4   0x00000000   Code   RO          508    .ARM.Collect$$libinit$$00000017  libinit2.o(c_w.l)
    0x080001b4   0x00000000   Code   RO          510    .ARM.Collect$$libinit$$00000019  libinit2.o(c_w.l)
    0x080001b4   0x00000000   Code   RO          512    .ARM.Collect$$libinit$$0000001B  libinit2.o(c_w.l)
    0x080001b4   0x00000000   Code   RO          514    .ARM.Collect$$libinit$$0000001D  libinit2.o(c_w.l)
    0x080001b4   0x00000000   Code   RO          516    .ARM.Collect$$libinit$$0000001F  libinit2.o(c_w.l)
    0x080001b4   0x00000000   Code   RO          518    .ARM.Collect$$libinit$$00000021  libinit2.o(c_w.l)
    0x080001b4   0x00000000   Code   RO          522    .ARM.Collect$$libinit$$00000028  libinit2.o(c_w.l)
    0x080001b4   0x00000000   Code   RO          524    .ARM.Collect$$libinit$$0000002A  libinit2.o(c_w.l)
    0x080001b4   0x00000000   Code   RO          526    .ARM.Collect$$libinit$$0000002C  libinit2.o(c_w.l)
    0x080001b4   0x00000000   Code   RO          528    .ARM.Collect$$libinit$$0000002E  libinit2.o(c_w.l)
    0x080001b4   0x00000002   Code   RO          529    .ARM.Collect$$libinit$$0000002F  libinit2.o(c_w.l)
    0x080001b6   0x00000002   Code   RO          548    .ARM.Collect$$libshutdown$$00000000  libshutdown.o(c_w.l)
    0x080001b8   0x00000000   Code   RO          559    .ARM.Collect$$libshutdown$$00000003  libshutdown2.o(c_w.l)
    0x080001b8   0x00000000   Code   RO          562    .ARM.Collect$$libshutdown$$00000006  libshutdown2.o(c_w.l)
    0x080001b8   0x00000000   Code   RO          565    .ARM.Collect$$libshutdown$$00000009  libshutdown2.o(c_w.l)
    0x080001b8   0x00000000   Code   RO          567    .ARM.Collect$$libshutdown$$0000000B  libshutdown2.o(c_w.l)
    0x080001b8   0x00000000   Code   RO          570    .ARM.Collect$$libshutdown$$0000000E  libshutdown2.o(c_w.l)
    0x080001b8   0x00000002   Code   RO          571    .ARM.Collect$$libshutdown$$0000000F  libshutdown2.o(c_w.l)
    0x080001ba   0x00000000   Code   RO          421    .ARM.Collect$$rtentry$$00000000  rtentry.o(c_w.l)
    0x080001ba   0x00000000   Code   RO          450    .ARM.Collect$$rtentry$$00000002  rtentry2.o(c_w.l)
    0x080001ba   0x00000006   Code   RO          465    .ARM.Collect$$rtentry$$00000004  rtentry4.o(c_w.l)
    0x080001c0   0x00000000   Code   RO          452    .ARM.Collect$$rtentry$$00000009  rtentry2.o(c_w.l)
    0x080001c0   0x00000004   Code   RO          453    .ARM.Collect$$rtentry$$0000000A  rtentry2.o(c_w.l)
    0x080001c4   0x00000000   Code   RO          455    .ARM.Collect$$rtentry$$0000000C  rtentry2.o(c_w.l)
    0x080001c4   0x00000008   Code   RO          456    .ARM.Collect$$rtentry$$0000000D  rtentry2.o(c_w.l)
    0x080001cc   0x00000000   Code   RO          487    .ARM.Collect$$rtexit$$00000000  rtexit.o(c_w.l)
    0x080001cc   0x00000000   Code   RO          533    .ARM.Collect$$rtexit$$00000002  rtexit2.o(c_w.l)
    0x080001cc   0x00000004   Code   RO          534    .ARM.Collect$$rtexit$$00000003  rtexit2.o(c_w.l)
    0x080001d0   0x00000004   Code   RO          535    .ARM.Collect$$rtexit$$00000004  rtexit2.o(c_w.l)
    0x080001d4   0x0000019c   Code   RO            1    .text               main.o
    0x08000370   0x0000001a   Code   RO           77    .text               stm32f10x_it.o
    0x0800038a   0x00000002   PAD
    0x0800038c   0x000001c8   Code   RO          124    .text               system_stm32f10x.o
    0x08000554   0x000000e8   Code   RO          142    .text               adc.o
    0x0800063c   0x000023e8   Code   RO          154    .text               lcd.o
    0x08002a24   0x00000054   Code   RO          187    .text               led.o
    0x08002a78   0x000000c0   Code   RO          202    .text               delay.o
    0x08002b38   0x0000000c   Code   RO          216    .text               sys.o
    0x08002b44   0x00000148   Code   RO          228    .text               usart.o
    0x08002c8c   0x00000040   Code   RO          265    .text               startup_stm32f10x_hd.o
    0x08002ccc   0x000000e0   Code   RO          269    .text               misc.o
    0x08002dac   0x0000042e   Code   RO          281    .text               stm32f10x_adc.o
    0x080031da   0x00000002   PAD
    0x080031dc   0x00000608   Code   RO          293    .text               stm32f10x_fsmc.o
    0x080037e4   0x00000348   Code   RO          305    .text               stm32f10x_gpio.o
    0x08003b2c   0x00000390   Code   RO          317    .text               stm32f10x_rcc.o
    0x08003ebc   0x00000408   Code   RO          331    .text               stm32f10x_usart.o
    0x080042c4   0x00000002   Code   RO          345    .text               use_no_semi_2.o(c_w.l)
    0x080042c6   0x00000002   PAD
    0x080042c8   0x00000020   Code   RO          349    .text               noretval__2printf.o(c_w.l)
    0x080042e8   0x0000006e   Code   RO          351    .text               __printf.o(c_w.l)
    0x08004356   0x00000002   PAD
    0x08004358   0x00000070   Code   RO          353    .text               _printf_dec.o(c_w.l)
    0x080043c8   0x00000006   Code   RO          375    .text               heapauxi.o(c_w.l)
    0x080043ce   0x00000002   Code   RO          419    .text               use_no_semi.o(c_w.l)
    0x080043d0   0x000000ae   Code   RO          423    .text               _printf_intcommon.o(c_w.l)
    0x0800447e   0x00000002   PAD
    0x08004480   0x00000030   Code   RO          425    .text               _printf_char_common.o(c_w.l)
    0x080044b0   0x00000010   Code   RO          432    .text               rtudiv10.o(c_w.l)
    0x080044c0   0x0000004a   Code   RO          471    .text               sys_stackheap_outer.o(c_w.l)
    0x0800450a   0x0000000c   Code   RO          473    .text               exit.o(c_w.l)
    0x08004516   0x00000002   PAD
    0x08004518   0x00000008   Code   RO          484    .text               libspace.o(c_w.l)
    0x08004520   0x00000094   Code   RO          379    x$fpl$d2f           d2f.o(fz_ws.l)
    0x080045b4   0x000001b8   Code   RO          381    x$fpl$dadd          daddsub_clz.o(fz_ws.l)
    0x0800476c   0x00000010   Code   RO          434    x$fpl$dcheck        dcheck.o(fz_ws.l)
    0x0800477c   0x00000010   Code   RO          436    x$fpl$dcheck1       dcheck1.o(fz_ws.l)
    0x0800478c   0x00000400   Code   RO          388    x$fpl$ddiv          ddiv.o(fz_ws.l)
    0x08004b8c   0x0000009c   Code   RO          391    x$fpl$dfix          dfix.o(fz_ws.l)
    0x08004c28   0x0000002c   Code   RO          396    x$fpl$dflt          dflt_clz.o(fz_ws.l)
    0x08004c54   0x0000000a   Code   RO          395    x$fpl$dfltu         dflt_clz.o(fz_ws.l)
    0x08004c5e   0x00000002   PAD
    0x08004c60   0x000001c8   Code   RO          399    x$fpl$dmul          dmul.o(fz_ws.l)
    0x08004e28   0x00000016   Code   RO          382    x$fpl$drsb          daddsub_clz.o(fz_ws.l)
    0x08004e3e   0x00000002   PAD
    0x08004e40   0x00000248   Code   RO          383    x$fpl$dsub          daddsub_clz.o(fz_ws.l)
    0x08005088   0x000000ec   Code   RO          438    x$fpl$dunder        dunder.o(fz_ws.l)
    0x08005174   0x00000050   Code   RO          401    x$fpl$f2d           f2d.o(fz_ws.l)
    0x080051c4   0x00000100   Code   RO          403    x$fpl$fadd          faddsub_clz.o(fz_ws.l)
    0x080052c4   0x0000000c   Code   RO          440    x$fpl$fcheck        fcheck.o(fz_ws.l)
    0x080052d0   0x0000000c   Code   RO          442    x$fpl$fcheck1       fcheck1.o(fz_ws.l)
    0x080052dc   0x00000058   Code   RO          409    x$fpl$ffixu         ffixu.o(fz_ws.l)
    0x08005334   0x00000032   Code   RO          414    x$fpl$fflt          fflt_clz.o(fz_ws.l)
    0x08005366   0x00000008   Code   RO          413    x$fpl$ffltu         fflt_clz.o(fz_ws.l)
    0x0800536e   0x00000002   PAD
    0x08005370   0x00000108   Code   RO          417    x$fpl$fmul          fmul.o(fz_ws.l)
    0x08005478   0x0000004a   Code   RO          444    x$fpl$fnorm2        fnorm2_clz.o(fz_ws.l)
    0x080054c2   0x00000014   Code   RO          404    x$fpl$frsb          faddsub_clz.o(fz_ws.l)
    0x080054d6   0x00000002   PAD
    0x080054d8   0x00000124   Code   RO          405    x$fpl$fsub          faddsub_clz.o(fz_ws.l)
    0x080055fc   0x00000086   Code   RO          446    x$fpl$funder        funder.o(fz_ws.l)
    0x08005682   0x00000064   Code   RO          469    x$fpl$retnan        retnan.o(fz_ws.l)
    0x080056e6   0x00000030   Code   RO          482    x$fpl$trapveneer    trapv.o(fz_ws.l)
    0x08005716   0x00000000   Code   RO          448    x$fpl$usenofp       usenofp.o(fz_ws.l)
    0x08005716   0x00000a64   Data   RO          156    .constdata          lcd.o
    0x0800617a   0x00000002   PAD
    0x0800617c   0x00000020   Data   RO          602    Region$$Table       anon$$obj.o


    Execution Region RW_IRAM1 (Base: 0x20000000, Size: 0x00000770, Max: 0x00010000, ABSOLUTE)

    Base Addr    Size         Type   Attr      Idx    E Section Name        Object

    0x20000000   0x00000014   Data   RW          125    .data               system_stm32f10x.o
    0x20000014   0x00000004   Data   RW          157    .data               lcd.o
    0x20000018   0x00000004   Data   RW          203    .data               delay.o
    0x2000001c   0x00000008   Data   RW          230    .data               usart.o
    0x20000024   0x00000014   Data   RW          318    .data               stm32f10x_rcc.o
    0x20000038   0x0000000a   Zero   RW          155    .bss                lcd.o
    0x20000042   0x000000c8   Zero   RW          229    .bss                usart.o
    0x2000010a   0x00000002   PAD
    0x2000010c   0x00000060   Zero   RW          485    .bss                libspace.o(c_w.l)
    0x2000016c   0x00000004   PAD
    0x20000170   0x00000200   Zero   RW          263    HEAP                startup_stm32f10x_hd.o
    0x20000370   0x00000400   Zero   RW          262    STACK               startup_stm32f10x_hd.o


==============================================================================

Image component sizes


      Code (inc. data)   RO Data    RW Data    ZI Data      Debug   Object Name

       232          8          0          0          0       1091   adc.o
         0          0          0          0          0         20   core_cm3.o
       192         12          0          4          0       1007   delay.o
      9192        112       2660          4         10      16320   lcd.o
        84          4          0          0          0        499   led.o
       412         58          0          0          0     225319   main.o
       224         20          0          0          0       1789   misc.o
        64         26        304          0       1536        500   startup_stm32f10x_hd.o
      1070         28          0          0          0      10865   stm32f10x_adc.o
      1544         20          0          0          0       5355   stm32f10x_fsmc.o
       840         38          0          0          0       5673   stm32f10x_gpio.o
        26          0          0          0          0     246054   stm32f10x_it.o
       912         32          0         20          0       8800   stm32f10x_rcc.o
      1032         20          0          0          0       8428   stm32f10x_usart.o
        12          0          0          0          0        449   sys.o
       456         36          0         20          0       1779   system_stm32f10x.o
       328         18          0          8        200       3074   usart.o

    ----------------------------------------------------------------------
     16624        432       2998         56       1748     537022   Object Totals
         0          0         32          0          0          0   (incl. Generated)
         4          0          2          0          2          2   (incl. Padding)

    ----------------------------------------------------------------------

      Code (inc. data)   RO Data    RW Data    ZI Data      Debug   Library Member Name

         8          0          0          0          0         68   __main.o
       110          0          0          0          0         84   __printf.o
        52          8          0          0          0          0   __scatter.o
        26          0          0          0          0          0   __scatter_copy.o
        28          0          0          0          0          0   __scatter_zi.o
        48          4          0          0          0         96   _printf_char_common.o
       112         16          0          0          0         92   _printf_dec.o
         6          0          0          0          0          0   _printf_i.o
       174          0          0          0          0         88   _printf_intcommon.o
         0          0          0          0          0          0   _printf_percent.o
         4          0          0          0          0          0   _printf_percent_end.o
       148          6          0          0          0         68   d2f.o
      1046         28          0          0          0        320   daddsub_clz.o
        16          6          0          0          0         68   dcheck.o
        16          6          0          0          0         68   dcheck1.o
      1024        272          0          0          0        160   ddiv.o
       156          6          0          0          0         76   dfix.o
        54          0          0          0          0        136   dflt_clz.o
       456         16          0          0          0        100   dmul.o
       236          0          0          0          0         92   dunder.o
        12          0          0          0          0         68   exit.o
        80          4          0          0          0         68   f2d.o
       568         18          0          0          0        204   faddsub_clz.o
        12          6          0          0          0         68   fcheck.o
        12          6          0          0          0         68   fcheck1.o
        88          6          0          0          0         68   ffixu.o
        58          0          0          0          0        136   fflt_clz.o
       264          6          0          0          0         68   fmul.o
        74          0          0          0          0         84   fnorm2_clz.o
       134          0          0          0          0         84   funder.o
         6          0          0          0          0        148   heapauxi.o
         6          0          0          0          0          0   libinit.o
         2          0          0          0          0          0   libinit2.o
         2          0          0          0          0          0   libshutdown.o
         2          0          0          0          0          0   libshutdown2.o
         8          4          0          0         96         68   libspace.o
        32          8          0          0          0         80   noretval__2printf.o
       100          0          0          0          0         68   retnan.o
         0          0          0          0          0          0   rtentry.o
        12          0          0          0          0          0   rtentry2.o
         6          0          0          0          0          0   rtentry4.o
         0          0          0          0          0          0   rtexit.o
         8          0          0          0          0          0   rtexit2.o
        16          0          0          0          0         68   rtudiv10.o
        74          0          0          0          0         80   sys_stackheap_outer.o
        48          0          0          0          0         68   trapv.o
         2          0          0          0          0         68   use_no_semi.o
         2          0          0          0          0         68   use_no_semi_2.o
         0          0          0          0          0          0   usenofp.o

    ----------------------------------------------------------------------
      5366        426          0          0        100       3148   Library Totals
        18          0          0          0          4          0   (incl. Padding)

    ----------------------------------------------------------------------

      Code (inc. data)   RO Data    RW Data    ZI Data      Debug   Library Name

       758         40          0          0         96       1076   c_w.l
      4590        386          0          0          0       2072   fz_ws.l

    ----------------------------------------------------------------------
      5366        426          0          0        100       3148   Library Totals

    ----------------------------------------------------------------------

==============================================================================


      Code (inc. data)   RO Data    RW Data    ZI Data      Debug   

     21990        858       2998         56       1848     536872   Grand Totals
     21990        858       2998         56       1848     536872   ELF Image Totals
     21990        858       2998         56          0          0   ROM Totals

==============================================================================

    Total RO  Size (Code + RO Data)                24988 (  24.40kB)
    Total RW  Size (RW Data + ZI Data)              1904 (   1.86kB)
    Total ROM Size (Code + RO Data + RW Data)      25044 (  24.46kB)

==============================================================================

