<html>
<body>
<pre>
<h1>礦ision Build Log</h1>
<h2>Project:</h2>
C:\Users\ansleliu\Desktop\终稿\相关实验\ADC_DMA _采集正弦波实验\PROJECT\ADC_DMA.uvproj
Project File Date:  05/21/2014

<h2>Output:</h2>
Build target 'ADC_DMA_DISPLAY'
compiling main.c...
linking...
Program Size: Code=24858 RO-data=2998 RW-data=64 ZI-data=1848  
FromELF: creating hex file...
"..\OBJ\ADC_DMA.axf" - 0 Error(s), 0 Warning(s).
Build target 'ADC_DMA_DISPLAY'
compiling adc.c...
linking...
Program Size: Code=24858 RO-data=2998 RW-data=64 ZI-data=1848  
FromELF: creating hex file...
"..\OBJ\ADC_DMA.axf" - 0 Error(s), 0 Warning(s).
