<html>
<body>
<pre>
<h1>礦ision Build Log</h1>
<h2>Project:</h2>
C:\Users\ansleliu\Desktop\终稿\相关实验代码\DAC_ADC模拟电压实验\USER\DAC.uvproj
Project File Date:  05/20/2014

<h2>Output:</h2>
Build target 'Target 1'
compiling main.c...
linking...
Program Size: Code=22594 RO-data=3038 RW-data=60 ZI-data=1844  
FromELF: creating hex file...
"..\OBJ\DAC.axf" - 0 Error(s), 0 Warning(s).
Build target 'Target 1'
compiling main.c...
compiling adc.c...
compiling dac.c...
linking...
Program Size: Code=22594 RO-data=3038 RW-data=60 ZI-data=1844  
FromELF: creating hex file...
"..\OBJ\DAC.axf" - 0 Error(s), 0 Warning(s).
Build target 'Target 1'
compiling adc.c...
compiling dac.c...
linking...
Program Size: Code=22594 RO-data=3038 RW-data=60 ZI-data=1844  
FromELF: creating hex file...
"..\OBJ\DAC.axf" - 0 Error(s), 0 Warning(s).
Build target 'Target 1'
compiling main.c...
linking...
Program Size: Code=22594 RO-data=3038 RW-data=60 ZI-data=1844  
FromELF: creating hex file...
"..\OBJ\DAC.axf" - 0 Error(s), 0 Warning(s).
