<html>
<body>
<pre>
<h1>礦ision Build Log</h1>
<h2>Project:</h2>
C:\Users\ansleliu\Desktop\终稿\相关实验\ADC采集模拟电压实验\PROJECT\ADC_VAL.uvproj
Project File Date:  05/21/2014

<h2>Output:</h2>
Build target 'ADC_VAL'
compiling adc.c...
linking...
Program Size: Code=21994 RO-data=2998 RW-data=56 ZI-data=1848  
FromELF: creating hex file...
"..\OBJ\ADC_VAL.axf" - 0 Error(s), 0 Warning(s).
Build target 'ADC_VAL'
compiling main.c...
linking...
Program Size: Code=21990 RO-data=2998 RW-data=56 ZI-data=1848  
FromELF: creating hex file...
"..\OBJ\ADC_VAL.axf" - 0 Error(s), 0 Warning(s).
